******************************************************************************
               TMS320C6x Linker PC v7.4.12                     
******************************************************************************
>> Linked Fri Apr 07 16:40:38 2017

OUTPUT FILE NAME:   <edma_test.out>
ENTRY POINT SYMBOL: "_c_int00"  address: 864fd3a0


MEMORY CONFIGURATION

         name            origin    length      used     unused   attr    fill
----------------------  --------  ---------  --------  --------  ----  --------
  L2SRAM                00800000   00100000  00036a48  000c95b8  RW X
  MSMCSRAM              0c000000   00100000  00001658  000fe9a8  RW X
  DDR3                  80000000   20000000  06506762  19af989e  RWIX


SEGMENT ALLOCATION MAP

run origin  load origin   length   init length attrs members
----------  ----------- ---------- ----------- ----- -------
00800000    00800000    0001d704   0001d704    rw-
  00800000    00800000    0001d704   0001d704    rw- .fardata
0081d708    0081d708    00018000   00000000    rw-
  0081d708    0081d708    00010000   00000000    rw- .stack
  0082d708    0082d708    00008000   00000000    rw- .workSpace
00835708    00835708    00000004   00000004    rw-
  00835708    00835708    00000004   00000004    rw- .neardata
0083570c    0083570c    00000004   00000004    r--
  0083570c    0083570c    00000004   00000004    r-- .rodata
00835710    00835710    00000f08   00000000    rw-
  00835710    00835710    00000f08   00000000    rw- .far
00836618    00836618    00000114   00000114    r--
  00836618    00836618    00000114   00000114    r-- .switch
00836800    00836800    00000200   00000200    r-x
  00836800    00836800    00000200   00000200    r-x .vecs
00836a00    00836a00    00000120   00000000    rw-
  00836a00    00836a00    00000120   00000000    rw- .cio
0c000000    0c000000    00001658   00001658    r--
  0c000000    0c000000    00001658   00001658    r-- .cinit
80000000    80000000    06400000   00000000    rw-
  80000000    80000000    06400000   00000000    rw- systemHeap
86400000    86400000    00106762   00106762    r-x
  86400000    86400000    000e1000   000e1000    r-- .outPutBuffMem
  864e1000    864e1000    000209c0   000209c0    r-x .text
  865019c0    865019c0    00004da2   00004da2    r-- .const


SECTION ALLOCATION MAP

 output                                  attributes/
section   page    origin      length       input sections
--------  ----  ----------  ----------   ----------------
.init_array 
*          0    00800000    00000000     UNINITIALIZED

.fardata   0    00800000    0001d704     
                  00800000    0000df38     edma3_lld_drv.ae66 : edma3_drv_init.oe66 (.fardata:.edma3Globals:uninit) [fill = 0]
                  0080df38    00007998     edma3_lld_rm.ae66 : edma3resmgr.oe66 (.fardata:.edma3Globals:uninit) [fill = 0]
                  008158d0    000056e0                       : edma3_rm_gbl_data.oe66 (.fardata:.edma3Globals:uninit) [fill = 0]
                  0081afb0    000006c0     app_pe66.oe66 (.fardata)
                  0081b670    00000680     app_pe66.oe66 (.fardata:ti_sysbios_family_c66_tci66xx_CpIntc_Module_State_0_dispatchTab__A)
                  0081bcf0    00000540     edma3_lld_rm.ae66 : edma3_c6657_cfg.oe66 (.fardata:defInstInitConfig)
                  0081c230    00000540     sample_c6657_cfg.obj (.fardata:sampleInstInitConfig)
                  0081c770    000002d8     edma3_lld_rm.ae66 : edma3_c6657_cfg.oe66 (.fardata:edma3GblCfgParams)
                  0081ca48    000002d8     sample_c6657_cfg.obj (.fardata:sampleEdma3GblCfgParams)
                  0081cd20    000001e0     rts6600_elf.lib : defs.obj (.fardata:_ftable)
                  0081cf00    000000c0     app_pe66.oe66 (.fardata:ti_sysbios_timers_timer64_Timer_Module_State_0_device__A)
                  0081cfc0    000000a0     rts6600_elf.lib : lowlev.obj (.fardata:_stream)
                  0081d060    00000080     app_pe66.oe66 (.fardata:ti_sysbios_knl_Swi_Module_State_0_readyQ__A)
                  0081d0e0    00000080     app_pe66.oe66 (.fardata:ti_sysbios_knl_Task_Module_State_0_readyQ__A)
                  0081d160    00000078     rts6600_elf.lib : lowlev.obj (.fardata:_device)
                  0081d1d8    00000078     app_pe66.oe66 (.fardata:ti_sysbios_family_c64p_Hwi_Object__table__V)
                  0081d250    00000062     edma3_lld_rm.ae66 : edma3resmgr.oe66 (.fardata:.edma3Globals:init)
                  0081d2b2    00000002     edma3_lld_drv.ae66 : edma3_drv_init.oe66 (.fardata:.edma3Globals:init)
                  0081d2b4    00000004     fcsettings.ae66 : FCSettings.oe66 (.fardata)
                  0081d2b8    00000060     app_pe66.oe66 (.fardata:ti_sysbios_family_c66_tci66xx_CpIntc_Module_State_0_hostIntToSysInt__A)
                  0081d318    00000050     app_pe66.oe66 (.fardata:_DSKT2_DARAM_SCRATCH_SIZES)
                  0081d368    00000050     app_pe66.oe66 (.fardata:_DSKT2_SARAM_SCRATCH_SIZES)
                  0081d3b8    00000050     app_pe66.oe66 (.fardata:ti_sysbios_timers_timer64_Timer_Object__table__V)
                  0081d408    0000004c     app_pe66.oe66 (.fardata:ti_sysbios_knl_Task_Object__table__V)
                  0081d454    00000004     rts6600_elf.lib : defs.obj (.fardata)
                  0081d458    00000040     app_pe66.oe66 (.fardata:ti_sysbios_gates_GateMutex_Object__table__V)
                  0081d498    00000040     app_pe66.oe66 (.fardata:ti_sysbios_timers_timer64_Timer_Module_State_0_gctrl__A)
                  0081d4d8    00000040     app_pe66.oe66 (.fardata:ti_sysbios_timers_timer64_Timer_Module_State_0_handles__A)
                  0081d518    00000040     app_pe66.oe66 (.fardata:ti_sysbios_timers_timer64_Timer_Module_State_0_intFreqs__A)
                  0081d558    00000030     app_pe66.oe66 (.fardata:ti_sysbios_knl_Swi_Object__table__V)
                  0081d588    00000028     dskt2.ae66 : dskt2_scratch.oe66 (.fardata)
                  0081d5b0    00000024     app_pe66.oe66 (.fardata:xdc_runtime_LoggerBuf_Object__table__V)
                  0081d5d4    00000004     --HOLE--
                  0081d5d8    00000020     sample_c6657_cfg.obj (.fardata:ccXferCompInt)
                  0081d5f8    00000020     edma3_lld_drv_sample.ae66 : sample_c6657_int_reg.oe66 (.fardata:ptrEdma3TcIsrHandler)
                  0081d618    00000020     sample_c6657_cfg.obj (.fardata:tcErrorInt)
                  0081d638    0000001c     app_pe66.oe66 (.fardata:ti_sysbios_family_c66_tci66xx_CpIntc_Module_State_0_initSIER__A)
                  0081d654    00000004     --HOLE--
                  0081d658    00000018     app_pe66.oe66 (.fardata:ti_sysbios_heaps_HeapMem_Object__table__V)
                  0081d670    00000010     edma3_lld_rm.ae66 : edma3_rm_gbl_data.oe66 (.fardata:.edma3Globals:init)
                  0081d680    00000010     app_pe66.oe66 (.fardata:xdc_runtime_System_Module_State_0_atexitHandlers__A)
                  0081d690    0000000c     edma3_lld_drv_sample.ae66 : sample_c6657_int_reg.oe66 (.fardata)
                  0081d69c    0000000c     rts6600_elf.lib : exit.obj (.fardata)
                  0081d6a8    0000000c     app_pe66.oe66 (.fardata:ti_sysbios_family_c66_tci66xx_CpIntc_Module_State_0_controller__A)
                  0081d6b4    00000004     --HOLE--
                  0081d6b8    00000008     edma3_lld_drv_sample.ae66 : sample_c6657_int_reg.oe66 (.fardata:ccXferHostInt)
                  0081d6c0    00000008                               : sample_c6657_int_reg.oe66 (.fardata:edma3ErrHostInt)
                  0081d6c8    00000008     sample_c6657_cfg.obj (.fardata:gblCfgReqdArray)
                  0081d6d0    00000008     rts6600_elf.lib : _lock.obj (.fardata)
                  0081d6d8    00000008     app_pe66.oe66 (.fardata:ti_sysbios_hal_Hwi_Object__table__V)
                  0081d6e0    00000004     sample_c6657_cfg.obj (.fardata:ccErrorInt)
                  0081d6e4    00000004     --HOLE--
                  0081d6e8    00000004     sample_c6657_cfg.obj (.fardata:numEdma3Tc)
                  0081d6ec    00000004     --HOLE--
                  0081d6f0    00000004     sample_c6657_cfg.obj (.fardata:semHandle)
                  0081d6f4    00000004     --HOLE--
                  0081d6f8    00000004     app_pe66.oe66 (.fardata:ti_sysbios_gates_GateHwi_Object__table__V)
                  0081d6fc    00000004     --HOLE--
                  0081d700    00000004     app_pe66.oe66 (.fardata:ti_sysbios_knl_Task_Module_State_0_idleTask__A)

.stack     0    0081d708    00010000     UNINITIALIZED
                  0081d708    00000008     boot.ae66 : boot.oe66 (.stack)
                  0081d710    0000fff8     --HOLE--

.workSpace 
*          0    0082d708    00008000     UNINITIALIZED
                  0082d708    00008000     block_alg.obj (.workSpace)

.bss       0    00835708    00000000     UNINITIALIZED

.neardata 
*          0    00835708    00000004     
                  00835708    00000004     dskt2.ae66 : dskt2_scratch.oe66 (.neardata)

.rodata    0    0083570c    00000004     
                  0083570c    00000004     sample_c6657_cfg.obj (.rodata)

.far       0    00835710    00000f08     UNINITIALIZED
                  00835710    00000800     app_pe66.oe66 (.far:taskStackSection)
                  00835f10    00000454     app_pe66.oe66 (.far)
                  00836364    00000004     --HOLE--
                  00836368    00000140     rts6600_elf.lib : defs.obj (.far)
                  008364a8    00000008     edma3_lld_drv_sample.ae66 : sample_init.oe66 (.far)
                  008364b0    000000a0     dskt2.ae66 : dskt2_lock.oe66 (.far)
                  00836550    0000008c     edma3_lld_rm.ae66 : edma3resmgr.oe66 (.far)
                  008365dc    00000004     --HOLE--
                  008365e0    00000024     dskt2.ae66 : dskt2_scratch.oe66 (.far)
                  00836604    0000000c     fcsettings.ae66 : FCSettings.oe66 (.far)
                  00836610    00000008     rts6600_elf.lib : trgdrv.obj (.far)

.switch    0    00836618    00000114     
                  00836618    00000064     fcsettings.ae66 : gt_dais.oe66 (.switch:gt_MemSpace)
                  0083667c    0000002c     edma3_lld_drv.ae66 : edma3_drv_basic.oe66 (.switch:EDMA3_DRV_setOptField)
                  008366a8    00000024     dskt2.ae66 : dskt2_seg.oe66 (.switch:_DSKT2_spaceToSeg)
                  008366cc    00000018                : dskt2_scratch.oe66 (.switch:_DSKT2_assignInstanceMemory)
                  008366e4    00000014     edma3_lld_drv_sample.ae66 : sample_cs.oe66 (.switch:edma3OsProtectEntry)
                  008366f8    00000014                               : sample_cs.oe66 (.switch:edma3OsProtectExit)
                  0083670c    00000010     edma3_lld_rm.ae66 : edma3resmgr.oe66 (.switch:EDMA3_RM_allocResource)
                  0083671c    00000010                       : edma3resmgr.oe66 (.switch:EDMA3_RM_freeResource)

.vecs      0    00836800    00000200     
                  00836800    00000200     app_pe66.oe66 (.vecs)

.cio       0    00836a00    00000120     UNINITIALIZED
                  00836a00    00000120     rts6600_elf.lib : trgmsg.obj (.cio)

.cinit     0    0c000000    00001658     
                  0c000000    000015fe     (.cinit..fardata.load) [load image, compression = rle]
                  0c0015fe    00000002     --HOLE-- [fill = 0]
                  0c001600    0000000c     (__TI_handler_table)
                  0c00160c    00000009     (.cinit..neardata.load) [load image, compression = rle]
                  0c001615    00000003     --HOLE-- [fill = 0]
                  0c001618    00000008     (.cinit..far.load) [load image, compression = zero_init]
                  0c001620    00000008     (.cinit..workSpace.load) [load image, compression = zero_init]
                  0c001628    00000008     (.cinit.systemHeap.load) [load image, compression = zero_init]
                  0c001630    00000028     (__TI_cinit_table)

xdc.meta   0    80000000    000000f0     COPY SECTION
                  80000000    000000f0     app_pe66.oe66 (xdc.meta)

systemHeap 
*          0    80000000    06400000     UNINITIALIZED
                  80000000    06400000     app_pe66.oe66 (systemHeap)

.outPutBuffMem 
*          0    86400000    000e1000     
                  86400000    000e1000     main.obj (.outPutBuffMem)

.text      0    864e1000    000209c0     
                  864e1000    00000f60     dskt2.ae66 : dskt2_scratch.oe66 (.text:_DSKT2_assignInstanceMemory)
                  864e1f60    00000d20     edma3_lld_rm.ae66 : edma3resmgr.oe66 (.text:EDMA3_RM_allocResource)
                  864e2c80    00000c80     edma3_lld_drv.ae66 : edma3_drv_basic.oe66 (.text:EDMA3_DRV_requestChannel)
                  864e3900    00000900     dskt2.ae66 : dskt2_scratch.oe66 (.text:_DSKT2_initializeAndUseSharedScratch)
                  864e4200    000008a0     ti.targets.rts6000.ae66 : System.oe66 (.text:xdc_runtime_System_doPrint__I)
                  864e4aa0    00000800     edma3_lld_rm.ae66 : edma3resmgr.oe66 (.text:edma3CCErrHandler)
                  864e52a0    00000780     sysbios.ae66 : BIOS.obj (.text:ti_sysbios_family_c64p_Exception_handler__I)
                  864e5a20    00000740                  : BIOS.obj (.text:ti_sysbios_knl_Semaphore_pend__E)
                  864e6160    00000700     edma3_lld_rm.ae66 : edma3resmgr.oe66 (.text:EDMA3_RM_open)
                  864e6860    000006a0     sysbios.ae66 : BIOS.obj (.text:ti_sysbios_timers_timer64_Timer_Module_startup__E)
                  864e6f00    00000660     edma3_lld_rm.ae66 : edma3resmgr.oe66 (.text:EDMA3_RM_create)
                  864e7560    00000660     sysbios.ae66 : BIOS.obj (.text:ti_sysbios_heaps_HeapMem_alloc__E)
                  864e7bc0    00000640     dskt2.ae66 : dskt2_scratch.oe66 (.text:_DSKT2_init)
                  864e8200    000005e0     sysbios.ae66 : BIOS.obj (.text:ti_sysbios_heaps_HeapMem_free__E)
                  864e87e0    000005c0     rts6600_elf.lib : divd.obj (.text:__c6xabi_divd)
                  864e8da0    000005c0                     : _printfi.obj (.text:_getarg_diouxp)
                  864e9360    00000580     edma3_lld_rm.ae66 : edma3resmgr.oe66 (.text:EDMA3_RM_freeResource)
                  864e98e0    00000520     rts6600_elf.lib : _printfi.obj (.text:_setfield)
                  864e9e00    000004e0     edma3_lld_rm.ae66 : edma3resmgr.oe66 (.text:edma3TCErrHandler)
                  864ea2e0    000004e0     sysbios.ae66 : BIOS.obj (.text:ti_sysbios_knl_Task_Instance_finalize__E)
                  864ea7c0    000004c0     edma3_lld_drv.ae66 : edma3_drv_basic.oe66 (.text:EDMA3_DRV_disableTransfer)
                  864eac80    000004c0     block_alg.obj (.text)
                  864eb140    00000460     rts6600_elf.lib : _printfi.obj (.text:_printfi)
                  864eb5a0    00000440     sysbios.ae66 : BIOS.obj (.text:ti_sysbios_gates_GateMutexPri_enter__E)
                  864eb9e0    000003e0                  : BIOS.obj (.text:ti_sysbios_knl_Task_setPri__E)
                  864ebdc0    000003c0     edma3_lld_drv.ae66 : edma3_drv_init.oe66 (.text:edma3OpenResMgr)
                  864ec180    000003c0     edmaTest.obj (.text)
                  864ec540    000003a0     dskt2.ae66 : dskt2_yield.oe66 (.text:DSKT2_contextRelease)
                  864ec8e0    000003a0     edma3_lld_drv.ae66 : edma3_drv_init.oe66 (.text:EDMA3_DRV_create)
                  864ecc80    000003a0                        : edma3_drv_basic.oe66 (.text:EDMA3_DRV_freeChannel)
                  864ed020    000003a0     rts6600_elf.lib : fputs.obj (.text:fputs)
                  864ed3c0    00000380     dskt2.ae66 : dskt2_yield.oe66 (.text:DSKT2_contextAcquire)
                  864ed740    00000380     edma3_lld_drv.ae66 : edma3_drv_basic.oe66 (.text:EDMA3_DRV_enableTransfer)
                  864edac0    00000380     edma3_lld_rm.ae66 : edma3resmgr.oe66 (.text:edma3ComplHandler)
                  864ede40    00000380     sysbios.ae66 : BIOS.obj (.text:ti_sysbios_knl_Task_Instance_init__E)
                  864ee1c0    00000380     ti.targets.rts6000.ae66 : Diags.oe66 (.text:xdc_runtime_Diags_setMask__E)
                  864ee540    00000320     edma3_lld_drv.ae66 : edma3_drv_basic.oe66 (.text:EDMA3_DRV_setDestParams)
                  864ee860    00000320                        : edma3_drv_basic.oe66 (.text:EDMA3_DRV_setSrcParams)
                  864eeb80    00000320     rts6600_elf.lib : _printfi.obj (.text:_pproc_fge)
                  864eeea0    00000320     edma3_lld_drv_sample.ae66 : sample_c6657_int_reg.oe66 (.text:registerEdma3Interrupts)
                  864ef1c0    000002e0     dskt2.ae66 : dskt2dact.oe66 (.text:DSKT2_deactivateAll)
                  864ef4a0    000002e0     edma3_lld_drv.ae66 : edma3_drv_basic.oe66 (.text:EDMA3_DRV_setOptField)
                  864ef780    000002e0     rts6600_elf.lib : _printfi.obj (.text:_pproc_fwp)
                  864efa60    000002e0     edma3_lld_drv.ae66 : edma3_drv_basic.oe66 (.text:edma3RemoveMapping)
                  864efd40    000002e0     sysbios.ae66 : BIOS.obj (.text:ti_sysbios_heaps_HeapMem_Instance_init__E)
                  864f0020    000002e0                  : BIOS.obj (.text:ti_sysbios_knl_Task_Module_startup__E)
                  864f0300    000002e0                  : BIOS.obj (.text:ti_sysbios_timers_timer64_Timer_deviceConfig__I)
                  864f05e0    000002c0     edma3_lld_drv.ae66 : edma3_drv_init.oe66 (.text:EDMA3_DRV_open)
                  864f08a0    000002c0     sysbios.ae66 : BIOS.obj (.text:ti_sysbios_family_c66_tci66xx_CpIntc_Module_startup__E)
                  864f0b60    000002a0     rts6600_elf.lib : _printfi.obj (.text:fcvt)
                  864f0e00    000002a0     sysbios.ae66 : BIOS.obj (.text:ti_sysbios_knl_Clock_workFunc__E)
                  864f10a0    00000280     dskt2.ae66 : dskt2_scratch.oe66 (.text:DSKT2_allocPersistent)
                  864f1320    00000280                : dskt2_scratch.oe66 (.text:DSKT2_freePersistent)
                  864f15a0    00000280                : dskt2_scratch.oe66 (.text:_DSKT2_allocateInInternal)
                  864f1820    00000280     rts6600_elf.lib : _printfi.obj (.text:ecvt)
                  864f1aa0    00000280     edma3_lld_rm.ae66 : edma3resmgr.oe66 (.text:edma3ShadowRegionInit)
                  864f1d20    00000260     edma3_lld_drv.ae66 : edma3_drv_basic.oe66 (.text:EDMA3_DRV_setTransferParams)
                  864f1f80    00000260     fcsettings.ae66 : FCSettings.oe66 (.text:FCSettings_getDiags)
                  864f21e0    00000260     dskt2.ae66 : dskt2_scratch.oe66 (.text:_DSKT2_getScratchRequestInfo)
                  864f2440    00000260     sysbios.ae66 : BIOS.obj (.text:ti_sysbios_family_c64p_Hwi_dispatchCore__I)
                  864f26a0    00000260     ti.targets.rts6000.ae66 : Startup.oe66 (.text:xdc_runtime_Startup_startMods__I)
                  864f2900    00000260     app_pe66.oe66 (.text:xdc_runtime_System_printfExtend__I)
                  864f2b60    00000240     dskt2.ae66 : dskt2_yield.oe66 (.text:DSKT2_yield)
                  864f2da0    00000240     edma3_lld_rm.ae66 : edma3resmgr.oe66 (.text:EDMA3_RM_close)
                  864f2fe0    00000240                       : edma3resmgr.oe66 (.text:EDMA3_RM_registerTccCb)
                  864f3220    00000240                       : edma3resmgr.oe66 (.text:EDMA3_RM_unregisterTccCb)
                  864f3460    00000240     dskt2.ae66 : dskt2_scratch.oe66 (.text:_DSKT2_allocateFromSharedScratch)
                  864f36a0    00000240     rts6600_elf.lib : imath64.obj (.text:__c6xabi_divull)
                  864f38e0    00000240                     : _printfi.obj (.text:_pconv_e)
                  864f3b20    00000240                     : _printfi.obj (.text:_pproc_diouxp)
                  864f3d60    00000240     sysbios.ae66 : BIOS.obj (.text:ti_sysbios_family_c64p_Exception_internalHandler__I)
                  864f3fa0    00000240                  : BIOS.obj (.text:ti_sysbios_knl_Semaphore_post__E)
                  864f41e0    00000240     ti.targets.rts6000.ae66 : Core-mem.oe66 (.text:xdc_runtime_Core_createObject__I)
                  864f4420    00000240                             : LoggerBuf.oe66 (.text:xdc_runtime_LoggerBuf_write8__E)
                  864f4660    00000220     dskt2.ae66 : dskt2_scratch.oe66 (.text:_DSKT2_isSharedScratchAddr)
                  864f4880    00000220     rts6600_elf.lib : _printfi.obj (.text:_pproc_str)
                  864f4aa0    00000220                     : fputc.obj (.text:fputc)
                  864f4cc0    00000220     sysbios.ae66 : BIOS.obj (.text:ti_sysbios_family_c64p_EventCombiner_dispatch__E)
                  864f4ee0    00000220                  : BIOS.obj (.text:ti_sysbios_knl_Swi_run__I)
                  864f5100    00000220                  : BIOS.obj (.text:ti_sysbios_timers_timer64_Timer_setPeriodMicroSecs__E)
                  864f5320    00000200     dskt2.ae66 : dskt2_scratch.oe66 (.text:_DSKT2_incrScratchReferenceCount)
                  864f5520    00000200     rts6600_elf.lib : _printfi.obj (.text:_pconv_g)
                  864f5720    00000200     sysbios.ae66 : c64p_Hwi_disp_always.obj (.text:_ti_sysbios_family_c64p_Hwi_dispatchAlways)
                  864f5920    00000200     rts6600_elf.lib : setvbuf.obj (.text:setvbuf)
                  864f5b20    00000200     ti.targets.rts6000.ae66 : Error.oe66 (.text:xdc_runtime_Error_policyDefault__E)
                  864f5d20    000001e0     edma3_lld_drv.ae66 : edma3_drv_basic.oe66 (.text:EDMA3_DRV_setDestIndex)
                  864f5f00    000001e0                        : edma3_drv_basic.oe66 (.text:EDMA3_DRV_setSrcIndex)
                  864f60e0    000001e0     fcsettings.ae66 : FCSettings.oe66 (.text:FCSettings_setDiags)
                  864f62c0    000001e0     dskt2.ae66 : dskt2_scratch.oe66 (.text:_DSKT2_allocateInDesignatedSpace)
                  864f64a0    000001e0                : dskt2_scratch.oe66 (.text:_DSKT2_exitScratch)
                  864f6680    000001e0     edma3_lld_rm.ae66 : edma3resmgr.oe66 (.text:edma3GlobalRegionInit)
                  864f6860    000001e0     sysbios.ae66 : BIOS.obj (.text:ti_sysbios_timers_timer64_Timer_getFreq__E)
                  864f6a40    000001c0     dskt2.ae66 : dskt2_scratch.oe66 (.text:_DSKT2_freeAllocatedMemory)
                  864f6c00    000001c0     rts6600_elf.lib : _printfi.obj (.text:_mcpy)
                  864f6dc0    000001c0     sysbios.ae66 : BIOS.obj (.text:ti_sysbios_family_c64p_EventCombiner_dispatchPlug__E)
                  864f6f80    000001c0                  : BIOS.obj (.text:ti_sysbios_family_c66_Cache_block__I)
                  864f7140    000001c0                  : BIOS.obj (.text:ti_sysbios_knl_Task_checkStacks__E)
                  864f7300    000001c0                  : BIOS.obj (.text:ti_sysbios_knl_Task_exit__E)
                  864f74c0    000001c0                  : BIOS.obj (.text:ti_sysbios_knl_Task_yield__E)
                  864f7680    000001c0     ti.targets.rts6000.ae66 : Text.oe66 (.text:xdc_runtime_Text_putSite__E)
                  864f7840    000001a0     rts6600_elf.lib : trgdrv.obj (.text:HOSTrename)
                  864f79e0    000001a0     dskt2.ae66 : dskt2_scratch.oe66 (.text:_DSKT2_usesInternalScratch)
                  864f7b80    000001a0     rts6600_elf.lib : imath40.obj (.text:__c6xabi_divul)
                  864f7d20    000001a0     sysbios.ae66 : BIOS.obj (.text:ti_sysbios_family_c66_tci66xx_CpIntc_dispatch__E)
                  864f7ec0    000001a0                  : BIOS.obj (.text:ti_sysbios_gates_GateMutex_enter__E)
                  864f8060    000001a0                  : BIOS.obj (.text:ti_sysbios_knl_Task_schedule__I)
                  864f8200    000001a0                  : BIOS.obj (.text:ti_sysbios_timers_timer64_Timer_start__E)
                  864f83a0    000001a0     ti.targets.rts6000.ae66 : LoggerBuf.oe66 (.text:xdc_runtime_LoggerBuf_write4__E)
                  864f8540    00000180     rts6600_elf.lib : copy_decompress_rle.obj (.text:__TI_decompress_rle_core)
                  864f86c0    00000180     edma3_lld_drv_sample.ae66 : sample_init.oe66 (.text:edma3init)
                  864f8840    00000180     sysbios.ae66 : c64p_Exception_asm.obj (.text)
                  864f89c0    00000180                  : BIOS.obj (.text:ti_sysbios_knl_Task_startCore__E)
                  864f8b40    00000180     ti.targets.rts6000.ae66 : Core-smem.oe66 (.text:xdc_runtime_Core_constructObject__I)
                  864f8cc0    00000160     edma3_lld_drv.ae66 : edma3_drv_adv.oe66 (.text:EDMA3_DRV_waitAndClearTcc)
                  864f8e20    00000160     edma3_lld_rm.ae66 : edma3resmgr.oe66 (.text:EDMA3_RM_delete)
                  864f8f80    00000160     sysbios.ae66 : BIOS.obj (.text:ti_sysbios_knl_Swi_post__E)
                  864f90e0    00000140     edma3_lld_drv.ae66 : edma3_drv_init.oe66 (.text:EDMA3_DRV_delete)
                  864f9220    00000140                        : edma3_drv_adv.oe66 (.text:EDMA3_DRV_getPaRAM)
                  864f9360    00000140     boot.ae66 : autoinit.oe66 (.text:_auto_init_elf)
                  864f94a0    00000140     rts6600_elf.lib : _printfi.obj (.text:_pproc_fflags)
                  864f95e0    00000140                     : lowlev.obj (.text:getdevice)
                  864f9720    00000140     sysbios.ae66 : BIOS.obj (.text:ti_sysbios_family_c64p_Hwi_Module_startup__E)
                  864f9860    00000140                  : BIOS.obj (.text:ti_sysbios_family_c66_Cache_startup__I)
                  864f99a0    00000140                  : BIOS.obj (.text:ti_sysbios_knl_Semaphore_Instance_init__E)
                  864f9ae0    00000140                  : BIOS.obj (.text:ti_sysbios_knl_Task_blockI__E)
                  864f9c20    00000140                  : BIOS.obj (.text:ti_sysbios_knl_Task_postInit__I)
                  864f9d60    00000140     ti.targets.rts6000.ae66 : Text.oe66 (.text:xdc_runtime_Text_putLab__E)
                  864f9ea0    00000120     edma3_lld_drv.ae66 : edma3_drv_init.oe66 (.text:EDMA3_DRV_close)
                  864f9fc0    00000120     rts6600_elf.lib : fclose.obj (.text:_closefile)
                  864fa0e0    00000120                     : _printfi.obj (.text:_ltostr)
                  864fa200    00000120                     : fseek.obj (.text:fseek)
                  864fa320    00000120     ti.targets.rts6000.ae66 : LoggerBuf.oe66 (.text:xdc_runtime_LoggerBuf_setFilterLevel__E)
                  864fa440    00000120                             : Text.oe66 (.text:xdc_runtime_Text_putMod__E)
                  864fa560    00000100     rts6600_elf.lib : trgdrv.obj (.text:HOSTlseek)
                  864fa660    00000100     dskt2.ae66 : dskt2_permute.oe66 (.text:_rotateListElements)
                  864fa760    00000100     rts6600_elf.lib : _io_perm.obj (.text:_wrt_ok)
                  864fa860    00000100                     : fprintf.obj (.text:fprintf)
                  864fa960    00000100     sysbios.ae66 : BIOS.obj (.text:ti_sysbios_gates_GateMutexPri_leave__E)
                  864faa60    00000100                  : BIOS.obj (.text:ti_sysbios_knl_Swi_restoreHwi__E)
                  864fab60    00000100                  : BIOS.obj (.text:ti_sysbios_knl_Swi_schedule__I)
                  864fac60    00000100                  : BIOS.obj (.text:ti_sysbios_knl_Task_unblockI__E)
                  864fad60    00000100                  : BIOS.obj (.text:ti_sysbios_timers_timer64_Timer_initDevice__I)
                  864fae60    00000100     edma3_lld_drv_sample.ae66 : sample_c6657_int_reg.oe66 (.text:unregisterEdma3Interrupts)
                  864faf60    00000100     ti.targets.rts6000.ae66 : Core-mem.oe66 (.text:xdc_runtime_Core_deleteObject__I)
                  864fb060    00000100                             : LoggerBuf.oe66 (.text:xdc_runtime_LoggerBuf_getFilterLevel__E)
                  864fb160    00000100                             : Startup.oe66 (.text:xdc_runtime_Startup_exec__E)
                  864fb260    00000100                             : Text.oe66 (.text:xdc_runtime_Text_visitRope2__I)
                  864fb360    000000e0     fcsettings.ae66 : FCSettings.oe66 (.text:FCSettings_init)
                  864fb440    000000e0     rts6600_elf.lib : trgdrv.obj (.text:HOSTopen)
                  864fb520    000000e0                     : trgdrv.obj (.text:HOSTread)
                  864fb600    000000e0     dskt2.ae66 : dskt2_seg.oe66 (.text:_DSKT2_spaceToSeg)
                  864fb6e0    000000e0     rts6600_elf.lib : divi.obj (.text:__divi)
                  864fb7c0    000000e0                     : _printfi.obj (.text:_div)
                  864fb8a0    000000e0                     : atoi.obj (.text:atoi)
                  864fb980    000000e0                     : lowlev.obj (.text:close)
                  864fba60    000000e0                     : copy_zero_init.obj (.text:decompress:ZI:__TI_zero_init)
                  864fbb40    000000e0     edma3_lld_rm.ae66 : edma3resmgr.oe66 (.text:edma3MemCpy)
                  864fbc20    000000e0     edma3_lld_drv_sample.ae66 : sample_cs.oe66 (.text:edma3OsProtectEntry)
                  864fbd00    000000e0     rts6600_elf.lib : fflush.obj (.text:fflush)
                  864fbde0    000000e0                     : ltoa.obj (.text:ltoa)
                  864fbec0    000000e0     main.obj (.text)
                  864fbfa0    000000e0     rts6600_elf.lib : memset.obj (.text:memset)
                  864fc080    000000e0     sysbios.ae66 : BIOS.obj (.text:ti_sysbios_knl_Swi_runLoop__I)
                  864fc160    000000e0                  : BIOS.obj (.text:ti_sysbios_knl_Swi_startup__E)
                  864fc240    000000e0                  : BIOS.obj (.text:ti_sysbios_timers_timer64_Timer_startup__E)
                  864fc320    000000e0     ti.targets.rts6000.ae66 : Error.oe66 (.text:xdc_runtime_Error_print__E)
                  864fc400    000000e0                             : Memory.oe66 (.text:xdc_runtime_Memory_alloc__E)
                  864fc4e0    000000c0     rts6600_elf.lib : trgdrv.obj (.text:HOSTunlink)
                  864fc5a0    000000c0                     : trgdrv.obj (.text:HOSTwrite)
                  864fc660    000000c0                     : divu.obj (.text:__divu)
                  864fc720    000000c0                     : remi.obj (.text:__remi)
                  864fc7e0    000000c0                     : fflush.obj (.text:_doflush)
                  864fc8a0    000000c0     edma3_lld_drv_sample.ae66 : sample_cs.oe66 (.text:edma3OsProtectExit)
                  864fc960    000000c0     rts6600_elf.lib : exit.obj (.text:exit)
                  864fca20    000000c0     fcsettings.ae66 : gt_dais.oe66 (.text:gt_MemSpace)
                  864fcae0    000000c0     sysbios.ae66 : BIOS.obj (.text:ti_sysbios_heaps_HeapMem_getStats__E)
                  864fcba0    000000c0                  : BIOS.obj (.text:ti_sysbios_knl_Clock_logTick__E)
                  864fcc60    000000c0                  : BIOS.obj (.text:ti_sysbios_knl_Task_allBlockedFunction__I)
                  864fcd20    000000c0     app_pe66.oe66 (.text:ti_sysbios_knl_Task_create)
                  864fcde0    000000c0     sysbios.ae66 : BIOS.obj (.text:ti_sysbios_timers_timer64_Timer_stop__E)
                  864fcea0    000000c0     ti.targets.rts6000.ae66 : Error.oe66 (.text:xdc_runtime_Error_setX__E)
                  864fcf60    000000c0                             : LoggerBuf.oe66 (.text:xdc_runtime_LoggerBuf_Instance_init__E)
                  864fd020    000000c0     app_pe66.oe66 (.text:xdc_runtime_LoggerBuf_Object__create__S)
                  864fd0e0    000000c0     ti.targets.rts6000.ae66 : System.oe66 (.text:xdc_runtime_System_formatNum__I)
                  864fd1a0    000000c0                             : Text.oe66 (.text:xdc_runtime_Text_matchVisFxn__I)
                  864fd260    000000a0     rts6600_elf.lib : trgdrv.obj (.text:HOSTclose)
                  864fd300    000000a0                     : remu.obj (.text:__remu)
                  864fd3a0    000000a0     boot.ae66 : boot.oe66 (.text:_c_int00)
                  864fd440    000000a0     rts6600_elf.lib : fopen.obj (.text:_cleanup)
                  864fd4e0    000000a0                     : _printfi.obj (.text:_ecpy)
                  864fd580    000000a0                     : _printfi.obj (.text:_fcpy)
                  864fd620    000000a0                     : _printfi.obj (.text:_pconv_f)
                  864fd6c0    000000a0     edma3_lld_rm.ae66 : edma3resmgr.oe66 (.text:edma3ParamCpy)
                  864fd760    000000a0     rts6600_elf.lib : lowlev.obj (.text:finddevice)
                  864fd800    000000a0                     : lowlev.obj (.text:lseek)
                  864fd8a0    000000a0                     : memcpy64.obj (.text:memcpy)
                  864fd940    000000a0     dskt2.ae66 : dskt2_scratch.oe66 (.text:myMalloc)
                  864fd9e0    000000a0     sample_c6657_cfg.obj (.text)
                  864fda80    000000a0     sysbios.ae66 : BIOS.obj (.text:ti_sysbios_family_c64p_Exception_Module_startup__E)
                  864fdb20    000000a0                  : BIOS.obj (.text:ti_sysbios_family_c66_tci66xx_CpIntc_mapSysIntToHostInt__E)
                  864fdbc0    000000a0                  : BIOS.obj (.text:ti_sysbios_heaps_HeapMem_init__I)
                  864fdc60    000000a0     rts6600_elf.lib : lowlev.obj (.text:write)
                  864fdd00    000000a0     ti.targets.rts6000.ae66 : Assert.oe66 (.text:xdc_runtime_Assert_raise__I)
                  864fdda0    000000a0                             : LoggerBuf.oe66 (.text:xdc_runtime_LoggerBuf_Module_startup__E)
                  864fde40    000000a0                             : Registry.oe66 (.text:xdc_runtime_Registry_addModule__E)
                  864fdee0    000000a0                             : Registry.oe66 (.text:xdc_runtime_Registry_findByName__E)
                  864fdf80    000000a0                             : Text.oe66 (.text:xdc_runtime_Text_xprintf__I)
                  864fe020    00000080     app_pe66.oe66 (.text:DSKT2_cfgInit)
                  864fe0a0    00000080     dskt2.ae66 : dskt2_lock.oe66 (.text:DSKT2_initLocks)
                  864fe120    00000080                : dskt2_permute.oe66 (.text:_DSKT2_Permute_iterateNext)
                  864fe1a0    00000080     rts6600_elf.lib : llshift.obj (.text:__c6xabi_llshl)
                  864fe220    00000080     dskt2.ae66 : dskt2_permute.oe66 (.text:_rotateSubgroup)
                  864fe2a0    00000080     sysbios.ae66 : c62_TaskSupport_asm.obj (.text:_ti_sysbios_family_c62_TaskSupport_swap__E)
                  864fe320    00000080     edma3_lld_rm.ae66 : edma3resmgr.oe66 (.text:edma3MemZero)
                  864fe3a0    00000080     app_pe66.oe66 (.text:malloc)
                  864fe420    00000080     rts6600_elf.lib : trgmsg.obj (.text:readmsg)
                  864fe4a0    00000080     sysbios.ae66 : BIOS.obj (.text:ti_sysbios_family_c64p_Hwi_dispatchC__I)
                  864fe520    00000080                  : BIOS.obj (.text:ti_sysbios_family_c64p_Hwi_getStackInfo__E)
                  864fe5a0    00000080                  : BIOS.obj (.text:ti_sysbios_family_c66_tci66xx_CpIntc_getEventId__E)
                  864fe620    00000080                  : BIOS.obj (.text:ti_sysbios_hal_Hwi_checkStack)
                  864fe6a0    00000080                  : BIOS.obj (.text:ti_sysbios_hal_Hwi_initStack)
                  864fe720    00000080                  : BIOS.obj (.text:ti_sysbios_knl_Idle_run__E)
                  864fe7a0    00000080     app_pe66.oe66 (.text:ti_sysbios_knl_Semaphore_create)
                  864fe820    00000080     sysbios.ae66 : BIOS.obj (.text:ti_sysbios_knl_Task_enable__E)
                  864fe8a0    00000080                  : BIOS.obj (.text:ti_sysbios_knl_Task_restore__E)
                  864fe920    00000080     rts6600_elf.lib : lowlev.obj (.text:unlink)
                  864fe9a0    00000080     ti.targets.rts6000.ae66 : Core-label.oe66 (.text:xdc_runtime_Core_assignLabel__I)
                  864fea20    00000080                             : Core-params.oe66 (.text:xdc_runtime_Core_assignParams__I)
                  864feaa0    00000080                             : LoggerBuf.oe66 (.text:xdc_runtime_LoggerBuf_filterOutEvent__I)
                  864feb20    00000080                             : Registry.oe66 (.text:xdc_runtime_Registry_findByNamePattern__E)
                  864feba0    00000080                             : Registry.oe66 (.text:xdc_runtime_Registry_matchPattern__I)
                  864fec20    00000080                             : System.oe66 (.text:xdc_runtime_System_atexit__E)
                  864feca0    00000080                             : System.oe66 (.text:xdc_runtime_System_processAtExit__E)
                  864fed20    00000080                             : System.oe66 (.text:xdc_runtime_System_putchar__I)
                  864feda0    00000080                             : Text.oe66 (.text:xdc_runtime_Text_printVisFxn__I)
                  864fee20    00000060     dskt2.ae66 : dskt2_permute.oe66 (.text:_DSKT2_Permute_setInitialState)
                  864fee80    00000060                : dskt2_scratch.oe66 (.text:_DSKT2_useSharedScratch)
                  864feee0    00000060     rts6600_elf.lib : assert.obj (.text:__c6xabi_abort_msg)
                  864fef40    00000060                     : frcmpyd_div.obj (.text:__c6xabi_frcmpyd_div)
                  864fefa0    00000060                     : llshift.obj (.text:__c6xabi_llshru)
                  864ff000    00000060                     : imath64.obj (.text:_subcull)
                  864ff060    00000060     sysbios.ae66 : c64p_Hwi_asm_switch.obj (.text:_ti_sysbios_family_c64p_Hwi_switchAndDispatch__I)
                  864ff0c0    00000060                  : c64p_Hwi_asm_switch.obj (.text:_ti_sysbios_family_xxx_Hwi_switchAndRunFunc)
                  864ff120    00000060     edma3_lld_drv_sample.ae66 : sample_cs.oe66 (.text:edma3OsSemCreate)
                  864ff180    00000060                               : sample_cs.oe66 (.text:edma3OsSemTake)
                  864ff1e0    00000060     fcsettings.ae66 : gt_dais.oe66 (.text:gt_MemAttrs)
                  864ff240    00000060     rts6600_elf.lib : memccpy.obj (.text:memccpy)
                  864ff2a0    00000060                     : strpbrk.obj (.text:strpbrk)
                  864ff300    00000060     app_pe66.oe66 (.text:ti_sysbios_BIOS_atExitFunc__I)
                  864ff360    00000060     app_pe66.oe66 (.text:ti_sysbios_BIOS_errorRaiseHook__I)
                  864ff3c0    00000060     app_pe66.oe66 (.text:ti_sysbios_BIOS_registerRTSLock__I)
                  864ff420    00000060     app_pe66.oe66 (.text:ti_sysbios_BIOS_removeRTSLock__I)
                  864ff480    00000060     app_pe66.oe66 (.text:ti_sysbios_BIOS_rtsUnlock__I)
                  864ff4e0    00000060     sysbios.ae66 : BIOS.obj (.text:ti_sysbios_family_c62_TaskSupport_start__E)
                  864ff540    00000060                  : BIOS.obj (.text:ti_sysbios_family_c64p_EventCombiner_Module_startup__E)
                  864ff5a0    00000060     app_pe66.oe66 (.text:ti_sysbios_gates_GateHwi_Object__create__S)
                  864ff600    00000060     app_pe66.oe66 (.text:ti_sysbios_gates_GateMutexPri_Object__create__S)
                  864ff660    00000060     app_pe66.oe66 (.text:ti_sysbios_gates_GateMutexPri_create)
                  864ff6c0    00000060     app_pe66.oe66 (.text:ti_sysbios_gates_GateMutex_Object__create__S)
                  864ff720    00000060     app_pe66.oe66 (.text:ti_sysbios_heaps_HeapMem_Object__create__S)
                  864ff780    00000060     sysbios.ae66 : BIOS.obj (.text:ti_sysbios_knl_Clock_Module_startup__E)
                  864ff7e0    00000060     app_pe66.oe66 (.text:ti_sysbios_knl_Clock_doTick__I)
                  864ff840    00000060     app_pe66.oe66 (.text:ti_sysbios_knl_Queue_construct)
                  864ff8a0    00000060     app_pe66.oe66 (.text:ti_sysbios_knl_Semaphore_construct)
                  864ff900    00000060     sysbios.ae66 : BIOS.obj (.text:ti_sysbios_knl_Semaphore_pendTimeout__I)
                  864ff960    00000060                  : BIOS.obj (.text:ti_sysbios_knl_Swi_Module_startup__E)
                  864ff9c0    00000060                  : BIOS.obj (.text:ti_sysbios_knl_Task_enter__I)
                  864ffa20    00000060                  : BIOS.obj (.text:ti_sysbios_knl_Task_processVitalTaskFlag__I)
                  864ffa80    00000060     rts6600_elf.lib : trgmsg.obj (.text:writemsg)
                  864ffae0    00000060     ti.targets.rts6000.ae66 : Memory.oe66 (.text:xdc_runtime_Memory_calloc__E)
                  864ffb40    00000060                             : SysMin.oe66 (.text:xdc_runtime_SysMin_Module_startup__E)
                  864ffba0    00000060                             : SysStd.oe66 (.text:xdc_runtime_SysStd_abort__E)
                  864ffc00    00000060                             : System.oe66 (.text:xdc_runtime_System_avprintf__E)
                  864ffc60    00000060                             : System.oe66 (.text:xdc_runtime_System_vprintf__E)
                  864ffcc0    00000060                             : Text.oe66 (.text:xdc_runtime_Text_cordText__E)
                  864ffd20    00000040     dskt2.ae66 : dskt2_lock.oe66 (.text:DSKT2_acquireLock)
                  864ffd60    00000040                : dskt2_lock.oe66 (.text:DSKT2_getContext)
                  864ffda0    00000040                : dskt2_lock.oe66 (.text:DSKT2_releaseLock)
                  864ffde0    00000040                : dskt2_lock.oe66 (.text:DSKT2_setContext)
                  864ffe20    00000040     app_pe66.oe66 (.text:RMAN_autoRegister)
                  864ffe60    00000040     rts6600_elf.lib : isinf.obj (.text:__c6xabi_isinf)
                  864ffea0    00000040                     : _printfi.obj (.text:__c6xabi_isnan)
                  864ffee0    00000040                     : args_main.obj (.text:_args_main)
                  864fff20    00000040     sysbios.ae66 : c62_TaskSupport_asm.obj (.text:_ti_sysbios_family_c62_TaskSupport_buildTaskStack)
                  864fff60    00000040     edma3_lld_drv_sample.ae66 : sample_cs.oe66 (.text:edma3OsSemDelete)
                  864fffa0    00000040                               : sample_cs.oe66 (.text:edma3OsSemGive)
                  864fffe0    00000040     app_pe66.oe66 (.text:free)
                  86500020    00000040     edma3_lld_rm.ae66 : edma3resmgr.oe66 (.text:lisrEdma3CCErrHandler0)
                  86500060    00000040                       : edma3resmgr.oe66 (.text:lisrEdma3ComplHandler0)
                  865000a0    00000040                       : edma3resmgr.oe66 (.text:lisrEdma3TC0ErrHandler0)
                  865000e0    00000040                       : edma3resmgr.oe66 (.text:lisrEdma3TC1ErrHandler0)
                  86500120    00000040                       : edma3resmgr.oe66 (.text:lisrEdma3TC2ErrHandler0)
                  86500160    00000040                       : edma3resmgr.oe66 (.text:lisrEdma3TC3ErrHandler0)
                  865001a0    00000040                       : edma3resmgr.oe66 (.text:lisrEdma3TC4ErrHandler0)
                  865001e0    00000040                       : edma3resmgr.oe66 (.text:lisrEdma3TC5ErrHandler0)
                  86500220    00000040                       : edma3resmgr.oe66 (.text:lisrEdma3TC6ErrHandler0)
                  86500260    00000040                       : edma3resmgr.oe66 (.text:lisrEdma3TC7ErrHandler0)
                  865002a0    00000040     app_pe66.oe66 (.text:ti_sysbios_BIOS_exitFunc__I)
                  865002e0    00000040     app_pe66.oe66 (.text:ti_sysbios_BIOS_rtsLock__I)
                  86500320    00000040     app_pe66.oe66 (.text:ti_sysbios_BIOS_startFunc__I)
                  86500360    00000040     sysbios.ae66 : BIOS.obj (.text:ti_sysbios_family_c64p_EventCombiner_disableEvent__E)
                  865003a0    00000040                  : BIOS.obj (.text:ti_sysbios_family_c64p_EventCombiner_enableEvent__E)
                  865003e0    00000040                  : BIOS.obj (.text:ti_sysbios_family_c64p_EventCombiner_unused__E)
                  86500420    00000040     app_pe66.oe66 (.text:ti_sysbios_family_c64p_Hwi_Module__startupDone__F)
                  86500460    00000040     sysbios.ae66 : BIOS.obj (.text:ti_sysbios_family_c64p_Hwi_disableInterrupt__E)
                  865004a0    00000040                  : BIOS.obj (.text:ti_sysbios_family_c64p_Hwi_enableInterrupt__E)
                  865004e0    00000040                  : BIOS.obj (.text:ti_sysbios_family_c66_tci66xx_CpIntc_dispatchPlug__E)
                  86500520    00000040                  : BIOS.obj (.text:ti_sysbios_family_c66_tci66xx_CpIntc_enableAllHostInts__E)
                  86500560    00000040                  : BIOS.obj (.text:ti_sysbios_family_c66_tci66xx_CpIntc_unused__E)
                  865005a0    00000040     app_pe66.oe66 (.text:ti_sysbios_gates_GateHwi_Handle__label__S)
                  865005e0    00000040     app_pe66.oe66 (.text:ti_sysbios_gates_GateHwi_Object__delete__S)
                  86500620    00000040     app_pe66.oe66 (.text:ti_sysbios_gates_GateMutexPri_Handle__label__S)
                  86500660    00000040     sysbios.ae66 : BIOS.obj (.text:ti_sysbios_gates_GateMutexPri_Instance_init__E)
                  865006a0    00000040     app_pe66.oe66 (.text:ti_sysbios_gates_GateMutexPri_Object__delete__S)
                  865006e0    00000040     app_pe66.oe66 (.text:ti_sysbios_gates_GateMutex_Handle__label__S)
                  86500720    00000040     sysbios.ae66 : BIOS.obj (.text:ti_sysbios_gates_GateMutex_Instance_init__E)
                  86500760    00000040     app_pe66.oe66 (.text:ti_sysbios_gates_GateMutex_Object__delete__S)
                  865007a0    00000040     sysbios.ae66 : BIOS.obj (.text:ti_sysbios_gates_GateMutex_leave__E)
                  865007e0    00000040     app_pe66.oe66 (.text:ti_sysbios_heaps_HeapMem_Handle__label__S)
                  86500820    00000040     app_pe66.oe66 (.text:ti_sysbios_heaps_HeapMem_Object__delete__S)
                  86500860    00000040     app_pe66.oe66 (.text:ti_sysbios_heaps_HeapMem_Object__get__S)
                  865008a0    00000040     app_pe66.oe66 (.text:ti_sysbios_knl_Queue_Object__destruct__S)
                  865008e0    00000040     app_pe66.oe66 (.text:ti_sysbios_knl_Semaphore_Object__delete__S)
                  86500920    00000040     app_pe66.oe66 (.text:ti_sysbios_knl_Semaphore_Object__destruct__S)
                  86500960    00000040     app_pe66.oe66 (.text:ti_sysbios_knl_Swi_Object__get__S)
                  865009a0    00000040     app_pe66.oe66 (.text:ti_sysbios_knl_Task_Object__get__S)
                  865009e0    00000040     app_pe66.oe66 (.text:ti_sysbios_timers_timer64_Timer_Module__startupDone__F)
                  86500a20    00000040     ti.targets.rts6000.ae66 : Error.oe66 (.text:xdc_runtime_Error_check__E)
                  86500a60    00000040                             : Error.oe66 (.text:xdc_runtime_Error_init__E)
                  86500aa0    00000040                             : Error.oe66 (.text:xdc_runtime_Error_raiseX__E)
                  86500ae0    00000040                             : Gate.oe66 (.text:xdc_runtime_Gate_leaveSystem__E)
                  86500b20    00000040     app_pe66.oe66 (.text:xdc_runtime_LoggerBuf_Handle__label__S)
                  86500b60    00000040     ti.targets.rts6000.ae66 : LoggerBuf.oe66 (.text:xdc_runtime_LoggerBuf_Instance_finalize__E)
                  86500ba0    00000040     app_pe66.oe66 (.text:xdc_runtime_LoggerBuf_Object__delete__S)
                  86500be0    00000040     app_pe66.oe66 (.text:xdc_runtime_LoggerBuf_Object__get__S)
                  86500c20    00000040     ti.targets.rts6000.ae66 : LoggerBuf.oe66 (.text:xdc_runtime_LoggerBuf_write0__E)
                  86500c60    00000040                             : LoggerBuf.oe66 (.text:xdc_runtime_LoggerBuf_write1__E)
                  86500ca0    00000040                             : LoggerBuf.oe66 (.text:xdc_runtime_LoggerBuf_write2__E)
                  86500ce0    00000040                             : Memory.oe66 (.text:xdc_runtime_Memory_free__E)
                  86500d20    00000040                             : Memory.oe66 (.text:xdc_runtime_Memory_getStats__E)
                  86500d60    00000040                             : Registry.oe66 (.text:xdc_runtime_Registry_findById__E)
                  86500da0    00000040                             : System.oe66 (.text:xdc_runtime_System_abort__E)
                  86500de0    00000040     app_pe66.oe66 (.text:xdc_runtime_System_aprintf__E)
                  86500e20    00000040     ti.targets.rts6000.ae66 : System.oe66 (.text:xdc_runtime_System_exit__E)
                  86500e60    00000040     app_pe66.oe66 (.text:xdc_runtime_System_printf__E)
                  86500ea0    00000040     ti.targets.rts6000.ae66 : Text.oe66 (.text:xdc_runtime_Text_matchRope__E)
                  86500ee0    00000040                             : Text.oe66 (.text:xdc_runtime_Text_ropeText__E)
                  86500f20    00000020     dskt2.ae66 : dskt2_cache.oe66 (.text:DSKT2_cacheWBInv)
                  86500f40    00000020     rts6600_elf.lib : negll.obj (.text:__c6xabi_negll)
                  86500f60    00000020     ti.targets.rts6000.ae66 : xdc_noinit.oe66 (.text:__xdc__init)
                  86500f80    00000020     rts6600_elf.lib : _lock.obj (.text:_nop)
                  86500fa0    00000020                     : fprintf.obj (.text:_outc)
                  86500fc0    00000020                     : fprintf.obj (.text:_outs)
                  86500fe0    00000020                     : _lock.obj (.text:_register_lock)
                  86501000    00000020                     : _lock.obj (.text:_register_unlock)
                  86501020    00000020     sysbios.ae66 : c62_TaskSupport_asm.obj (.text:_ti_sysbios_family_c62_TaskSupport_glue)
                  86501040    00000020     rts6600_elf.lib : exit.obj (.text:abort)
                  86501060    00000020                     : copy_decompress_none.obj (.text:decompress:none:__TI_decompress_none)
                  86501080    00000020                     : copy_decompress_rle.obj (.text:decompress:rle24:__TI_decompress_rle24)
                  865010a0    00000020                     : fputc.obj (.text:putc)
                  865010c0    00000020                     : fputc.obj (.text:putchar)
                  865010e0    00000020     app_pe66.oe66 (.text:ti_sysbios_BIOS_RtsGateProxy_enter__E)
                  86501100    00000020     app_pe66.oe66 (.text:ti_sysbios_BIOS_RtsGateProxy_leave__E)
                  86501120    00000020     sysbios.ae66 : BIOS.obj (.text:ti_sysbios_BIOS_exit__E)
                  86501140    00000020     app_pe66.oe66 (.text:ti_sysbios_BIOS_nullFunc__I)
                  86501160    00000020     sysbios.ae66 : BIOS.obj (.text:ti_sysbios_BIOS_setThreadType__E)
                  86501180    00000020                  : BIOS.obj (.text:ti_sysbios_BIOS_start__E)
                  865011a0    00000020     app_pe66.oe66 (.text:ti_sysbios_family_c62_TaskSupport_Module__startupDone__S)
                  865011c0    00000020     sysbios.ae66 : BIOS.obj (.text:ti_sysbios_family_c62_TaskSupport_checkStack__E)
                  865011e0    00000020                  : BIOS.obj (.text:ti_sysbios_family_c62_TaskSupport_getStackAlignment__E)
                  86501200    00000020                  : BIOS.obj (.text:ti_sysbios_family_c64p_Hwi_clearInterrupt__E)
                  86501220    00000020                  : BIOS.obj (.text:ti_sysbios_family_c64p_Hwi_startup__E)
                  86501240    00000020                  : BIOS.obj (.text:ti_sysbios_family_c64p_Hwi_switchFromBootStack__E)
                  86501260    00000020                  : BIOS.obj (.text:ti_sysbios_family_c64p_TimestampProvider_Module_startup__E)
                  86501280    00000020                  : BIOS.obj (.text:ti_sysbios_family_c64p_TimestampProvider_get64__E)
                  865012a0    00000020                  : BIOS.obj (.text:ti_sysbios_family_c64p_tci6488_TimerSupport_enable__E)
                  865012c0    00000020                  : BIOS.obj (.text:ti_sysbios_family_c66_Cache_inv__E)
                  865012e0    00000020                  : BIOS.obj (.text:ti_sysbios_family_c66_Cache_wait__E)
                  86501300    00000020                  : BIOS.obj (.text:ti_sysbios_family_c66_Cache_wbInv__E)
                  86501320    00000020                  : BIOS.obj (.text:ti_sysbios_family_c66_Cache_wb__E)
                  86501340    00000020                  : BIOS.obj (.text:ti_sysbios_family_c66_tci66xx_CpIntc_disableHostInt__E)
                  86501360    00000020                  : BIOS.obj (.text:ti_sysbios_family_c66_tci66xx_CpIntc_enableHostInt__E)
                  86501380    00000020                  : BIOS.obj (.text:ti_sysbios_gates_GateHwi_Instance_init__E)
                  865013a0    00000020                  : BIOS.obj (.text:ti_sysbios_gates_GateHwi_enter__E)
                  865013c0    00000020                  : BIOS.obj (.text:ti_sysbios_gates_GateHwi_leave__E)
                  865013e0    00000020                  : BIOS.obj (.text:ti_sysbios_gates_GateHwi_query__E)
                  86501400    00000020                  : BIOS.obj (.text:ti_sysbios_gates_GateMutexPri_Instance_finalize__E)
                  86501420    00000020                  : BIOS.obj (.text:ti_sysbios_gates_GateMutexPri_query__E)
                  86501440    00000020                  : BIOS.obj (.text:ti_sysbios_gates_GateMutex_Instance_finalize__E)
                  86501460    00000020                  : BIOS.obj (.text:ti_sysbios_gates_GateMutex_query__E)
                  86501480    00000020     app_pe66.oe66 (.text:ti_sysbios_hal_Hwi_HwiProxy_Module__startupDone__S)
                  865014a0    00000020     sysbios.ae66 : BIOS.obj (.text:ti_sysbios_hal_Hwi_Module_startup__E)
                  865014c0    00000020     app_pe66.oe66 (.text:ti_sysbios_heaps_HeapMem_Module_GateProxy_enter__E)
                  865014e0    00000020     app_pe66.oe66 (.text:ti_sysbios_heaps_HeapMem_Module_GateProxy_leave__E)
                  86501500    00000020     sysbios.ae66 : BIOS.obj (.text:ti_sysbios_heaps_HeapMem_isBlocking__E)
                  86501520    00000020     app_pe66.oe66 (.text:ti_sysbios_knl_Clock_TimerProxy_Module__startupDone__S)
                  86501540    00000020     app_pe66.oe66 (.text:ti_sysbios_knl_Clock_TimerProxy_getMaxTicks__E)
                  86501560    00000020     sysbios.ae66 : BIOS.obj (.text:ti_sysbios_knl_Idle_loop__E)
                  86501580    00000020                  : BIOS.obj (.text:ti_sysbios_knl_Queue_Instance_init__E)
                  865015a0    00000020     app_pe66.oe66 (.text:ti_sysbios_knl_Queue_Object__get__S)
                  865015c0    00000020     app_pe66.oe66 (.text:ti_sysbios_knl_Queue_destruct)
                  865015e0    00000020     sysbios.ae66 : BIOS.obj (.text:ti_sysbios_knl_Queue_empty__E)
                  86501600    00000020                  : BIOS.obj (.text:ti_sysbios_knl_Semaphore_Instance_finalize__E)
                  86501620    00000020     app_pe66.oe66 (.text:ti_sysbios_knl_Semaphore_Params__init__S)
                  86501640    00000020     edma3_lld_drv_sample.ae66 : sample_init.oe66 (.text:ti_sysbios_knl_Semaphore_Params_init)
                  86501660    00000020     app_pe66.oe66 (.text:ti_sysbios_knl_Semaphore_delete)
                  86501680    00000020     app_pe66.oe66 (.text:ti_sysbios_knl_Semaphore_destruct)
                  865016a0    00000020     sysbios.ae66 : BIOS.obj (.text:ti_sysbios_knl_Swi_disable__E)
                  865016c0    00000020     app_pe66.oe66 (.text:ti_sysbios_knl_Task_SupportProxy_Module__startupDone__S)
                  865016e0    00000020     sysbios.ae66 : BIOS.obj (.text:ti_sysbios_knl_Task_disable__E)
                  86501700    00000020                  : BIOS.obj (.text:ti_sysbios_knl_Task_startup__E)
                  86501720    00000020                  : BIOS.obj (.text:ti_sysbios_timers_timer64_Timer_getMaxTicks__E)
                  86501740    00000020     ti.targets.rts6000.ae66 : Gate.oe66 (.text:xdc_runtime_Gate_enterSystem__E)
                  86501760    00000020     app_pe66.oe66 (.text:xdc_runtime_IHeap_alloc)
                  86501780    00000020     app_pe66.oe66 (.text:xdc_runtime_IHeap_free)
                  865017a0    00000020     app_pe66.oe66 (.text:xdc_runtime_IHeap_getStats)
                  865017c0    00000020     app_pe66.oe66 (.text:xdc_runtime_LoggerBuf_Module_GateProxy_enter__E)
                  865017e0    00000020     app_pe66.oe66 (.text:xdc_runtime_LoggerBuf_Module_GateProxy_leave__E)
                  86501800    00000020     ti.targets.rts6000.ae66 : LoggerBuf.oe66 (.text:xdc_runtime_LoggerBuf_disable__E)
                  86501820    00000020                             : LoggerBuf.oe66 (.text:xdc_runtime_LoggerBuf_enable__E)
                  86501840    00000020     app_pe66.oe66 (.text:xdc_runtime_Memory_HeapProxy_alloc__E)
                  86501860    00000020     app_pe66.oe66 (.text:xdc_runtime_Memory_HeapProxy_free__E)
                  86501880    00000020     app_pe66.oe66 (.text:xdc_runtime_Memory_HeapProxy_getStats__E)
                  865018a0    00000020     app_pe66.oe66 (.text:xdc_runtime_Startup_exec__I)
                  865018c0    00000020     ti.targets.rts6000.ae66 : SysStd.oe66 (.text:xdc_runtime_SysStd_exit__E)
                  865018e0    00000020                             : SysStd.oe66 (.text:xdc_runtime_SysStd_putch__E)
                  86501900    00000020                             : SysStd.oe66 (.text:xdc_runtime_SysStd_ready__E)
                  86501920    00000020     app_pe66.oe66 (.text:xdc_runtime_System_Module_GateProxy_enter__E)
                  86501940    00000020     app_pe66.oe66 (.text:xdc_runtime_System_Module_GateProxy_leave__E)
                  86501960    00000020     ti.targets.rts6000.ae66 : System.oe66 (.text:xdc_runtime_System_Module_startup__E)
                  86501980    00000020                             : System.oe66 (.text:xdc_runtime_System_vsnprintf__E)
                  865019a0    00000020     app_pe66.oe66 (.text:xdc_runtime_Text_visitRope__I)

.const     0    865019c0    00004da2     
                  865019c0    00001830     app_pe66.oe66 (.const:xdc_runtime_Text_charTab__A)
                  865031f0    00001460     dskt2.ae66 : dskt2_scratch.oe66 (.const:.string)
                  86504650    00000518     sysbios.ae66 : BIOS.obj (.const:.string)
                  86504b68    0000046c     edma3_lld_rm.ae66 : edma3resmgr.oe66 (.const:.string)
                  86504fd4    00000004     ti.targets.rts6000.ae66 : Assert.oe66 (.const:.string)
                  86504fd8    00000400     app_pe66.oe66 (.const:ti_sysbios_family_c66_Cache_marvalues__C)
                  865053d8    0000036c     dskt2.ae66 : dskt2_yield.oe66 (.const:.string)
                  86505744    000001f8                : dskt2dact.oe66 (.const:.string)
                  8650593c    00000004     ti.targets.rts6000.ae66 : Diags.oe66 (.const:.string)
                  86505940    000001a0     app_pe66.oe66 (.const:ti_sysbios_family_c66_tci66xx_CpIntc_sysIntToHostInt__A)
                  86505ae0    00000104     app_pe66.oe66 (.const:xdc_runtime_Text_nodeTab__A)
                  86505be4    00000004     edma3_lld_rm.ae66 : edma3_rm_gbl_data.oe66 (.const)
                  86505be8    00000101     rts6600_elf.lib : ctype.obj (.const:.string:_ctypes_)
                  86505ce9    00000003                     : assert.obj (.const:.string)
                  86505cec    000000b0     edma3_lld_drv.ae66 : edma3_drv_basic.oe66 (.const:.string)
                  86505d9c    000000ac     fcsettings.ae66 : gt_dais.oe66 (.const:.string)
                  86505e48    00000084     edma3_lld_drv.ae66 : edma3_drv_init.oe66 (.const:.string)
                  86505ecc    00000058     ti.targets.rts6000.ae66 : Error.oe66 (.const:.string)
                  86505f24    0000004c     main.obj (.const:.string)
                  86505f70    00000048     app_pe66.oe66 (.const:.string)
                  86505fb8    00000040     ti.targets.rts6000.ae66 : Text.oe66 (.const:.string)
                  86505ff8    0000003c     app_pe66.oe66 (.const:ti_sysbios_knl_Task_Object__PARAMS__C)
                  86506034    0000003c     app_pe66.oe66 (.const:xdc_runtime_LoggerBuf_Module__FXNS__C)
                  86506070    00000034     app_pe66.oe66 (.const:xdc_runtime_Startup_sfxnTab__A)
                  865060a4    00000030     dskt2.ae66 : dskt2_lock.oe66 (.const:.string)
                  865060d4    0000002c     fcsettings.ae66 : FCSettings.oe66 (.const:.string)
                  86506100    0000002c     ti.targets.rts6000.ae66 : Startup.oe66 (.const:.string)
                  8650612c    00000028     app_pe66.oe66 (.const:ti_sysbios_heaps_HeapMem_Module__FXNS__C)
                  86506154    00000028     app_pe66.oe66 (.const:xdc_runtime_LoggerBuf_Object__PARAMS__C)
                  8650617c    00000024     app_pe66.oe66 (.const:ti_sysbios_gates_GateHwi_Module__FXNS__C)
                  865061a0    00000024     app_pe66.oe66 (.const:ti_sysbios_gates_GateMutexPri_Module__FXNS__C)
                  865061c4    00000024     app_pe66.oe66 (.const:ti_sysbios_gates_GateMutex_Module__FXNS__C)
                  865061e8    00000024     app_pe66.oe66 (.const:ti_sysbios_heaps_HeapMem_Object__PARAMS__C)
                  8650620c    00000024     app_pe66.oe66 (.const:ti_sysbios_knl_Semaphore_Object__PARAMS__C)
                  86506230    00000023     rts6600_elf.lib : _printfi.obj (.const:.string)
                  86506253    00000001     app_pe66.oe66 (.const:ti_sysbios_timers_timer64_Timer_localTimerBaseId__C)
                  86506254    00000020     app_pe66.oe66 (.const:ti_sysbios_gates_GateHwi_Object__DESC__C)
                  86506274    00000020     app_pe66.oe66 (.const:ti_sysbios_gates_GateMutexPri_Object__DESC__C)
                  86506294    00000020     app_pe66.oe66 (.const:ti_sysbios_gates_GateMutex_Object__DESC__C)
                  865062b4    00000020     app_pe66.oe66 (.const:ti_sysbios_heaps_HeapMem_Object__DESC__C)
                  865062d4    00000020     app_pe66.oe66 (.const:ti_sysbios_knl_Queue_Object__DESC__C)
                  865062f4    00000020     app_pe66.oe66 (.const:ti_sysbios_knl_Semaphore_Object__DESC__C)
                  86506314    00000020     app_pe66.oe66 (.const:ti_sysbios_knl_Task_Object__DESC__C)
                  86506334    00000020     app_pe66.oe66 (.const:xdc_runtime_LoggerBuf_Object__DESC__C)
                  86506354    00000004     app_pe66.oe66 (.const:ti_sysbios_family_c62_TaskSupport_stackAlignment__C)
                  86506358    0000001a     app_pe66.oe66 (.const:xdc_runtime_Startup_sfxnRts__A)
                  86506372    00000002     app_pe66.oe66 (.const:ti_sysbios_family_c64p_EventCombiner_Module__id__C)
                  86506374    0000000c     app_pe66.oe66 (.const:ti_sysbios_family_c66_Cache_initSize__C)
                  86506380    00000018     dskt2.ae66 : dskt2_scratch.oe66 (.const:$P$T0$2)
                  86506398    00000018     app_pe66.oe66 (.const:ti_sysbios_gates_GateHwi_Object__PARAMS__C)
                  865063b0    00000018     app_pe66.oe66 (.const:ti_sysbios_gates_GateMutexPri_Object__PARAMS__C)
                  865063c8    00000018     app_pe66.oe66 (.const:ti_sysbios_gates_GateMutex_Object__PARAMS__C)
                  865063e0    00000018     app_pe66.oe66 (.const:ti_sysbios_knl_Queue_Object__PARAMS__C)
                  865063f8    00000014     app_pe66.oe66 (.const:ti_sysbios_family_c66_tci66xx_CpIntc_eventId__A)
                  8650640c    00000004     app_pe66.oe66 (.const:ti_sysbios_family_c64p_EventCombiner_A_invalidEventId__C)
                  86506410    00000014     app_pe66.oe66 (.const:ti_sysbios_family_c66_tci66xx_CpIntc_hostIntToEventId_0__A)
                  86506424    00000004     app_pe66.oe66 (.const:ti_sysbios_family_c64p_EventCombiner_E_unpluggedEvent__C)
                  86506428    00000014     app_pe66.oe66 (.const:ti_sysbios_family_c66_tci66xx_CpIntc_hostIntToEventId_1__A)
                  8650643c    00000004     app_pe66.oe66 (.const:ti_sysbios_family_c64p_EventCombiner_Module__diagsEnabled__C)
                  86506440    00000011     ti.targets.rts6000.ae66 : System.oe66 (.const:digtohex)
                  86506451    00000001     --HOLE-- [fill = 0]
                  86506452    00000002     app_pe66.oe66 (.const:ti_sysbios_family_c64p_Exception_Module__id__C)
                  86506454    00000004     app_pe66.oe66 (.const:ti_sysbios_family_c64p_EventCombiner_Module__diagsIncluded__C)
                  86506458    00000010     app_pe66.oe66 (.const:ti_sysbios_family_c64p_EventCombiner_EVTMASK__C)
                  86506468    00000008     ti.targets.rts6000.ae66 : System.oe66 (.const:.string)
                  86506470    00000008     app_pe66.oe66 (.const:ti_sysbios_family_c66_tci66xx_CpIntc_hostIntToEventId__A)
                  86506478    00000008     app_pe66.oe66 (.const:ti_sysbios_knl_Idle_funcList__C)
                  86506480    00000008     app_pe66.oe66 (.const:xdc_runtime_Startup_firstFxns__A)
                  86506488    00000008     app_pe66.oe66 (.const:xdc_runtime_Startup_firstFxns__C)
                  86506490    00000008     app_pe66.oe66 (.const:xdc_runtime_Startup_lastFxns__C)
                  86506498    00000004     app_pe66.oe66 (.const:ti_sysbios_family_c64p_EventCombiner_Module__diagsMask__C)
                  8650649c    00000004     app_pe66.oe66 (.const:ti_sysbios_family_c64p_Exception_E_exceptionMax__C)
                  865064a0    00000004     app_pe66.oe66 (.const:ti_sysbios_family_c64p_Exception_exceptionHook__C)
                  865064a4    00000004     app_pe66.oe66 (.const:ti_sysbios_family_c64p_Exception_externalHook__C)
                  865064a8    00000004     app_pe66.oe66 (.const:ti_sysbios_family_c64p_Exception_internalHook__C)
                  865064ac    00000004     app_pe66.oe66 (.const:ti_sysbios_family_c64p_Exception_nmiHook__C)
                  865064b0    00000004     app_pe66.oe66 (.const:ti_sysbios_family_c64p_Hwi_LD_end__C)
                  865064b4    00000004     app_pe66.oe66 (.const:ti_sysbios_family_c64p_Hwi_LM_begin__C)
                  865064b8    00000004     app_pe66.oe66 (.const:ti_sysbios_family_c64p_Hwi_Module__diagsEnabled__C)
                  865064bc    00000004     app_pe66.oe66 (.const:ti_sysbios_family_c64p_Hwi_Module__diagsIncluded__C)
                  865064c0    00000004     app_pe66.oe66 (.const:ti_sysbios_family_c64p_Hwi_Module__diagsMask__C)
                  865064c4    00000004     app_pe66.oe66 (.const:ti_sysbios_family_c64p_Hwi_Module__loggerFxn1__C)
                  865064c8    00000004     app_pe66.oe66 (.const:ti_sysbios_family_c64p_Hwi_Module__loggerFxn8__C)
                  865064cc    00000004     app_pe66.oe66 (.const:ti_sysbios_family_c64p_Hwi_Module__loggerObj__C)
                  865064d0    00000004     app_pe66.oe66 (.const:ti_sysbios_family_c66_Cache_atomicBlockSize__C)
                  865064d4    00000004     app_pe66.oe66 (.const:ti_sysbios_family_c66_tci66xx_CpIntc_E_unpluggedSysInt__C)
                  865064d8    00000004     app_pe66.oe66 (.const:ti_sysbios_family_c66_tci66xx_CpIntc_eventId__C)
                  865064dc    00000004     app_pe66.oe66 (.const:ti_sysbios_family_c66_tci66xx_CpIntc_hostIntToEventId__C)
                  865064e0    00000004     app_pe66.oe66 (.const:ti_sysbios_family_c66_tci66xx_CpIntc_numEvents__C)
                  865064e4    00000004     app_pe66.oe66 (.const:ti_sysbios_family_c66_tci66xx_CpIntc_numStatusRegs__C)
                  865064e8    00000004     app_pe66.oe66 (.const:ti_sysbios_family_c66_tci66xx_CpIntc_numSysInts__C)
                  865064ec    00000004     app_pe66.oe66 (.const:ti_sysbios_family_c66_tci66xx_CpIntc_sysIntToHostInt__C)
                  865064f0    00000004     app_pe66.oe66 (.const:ti_sysbios_gates_GateMutexPri_A_badContext__C)
                  865064f4    00000004     app_pe66.oe66 (.const:ti_sysbios_gates_GateMutexPri_A_enterTaskDisabled__C)
                  865064f8    00000004     app_pe66.oe66 (.const:ti_sysbios_gates_GateMutexPri_Instance_State_pendQ__O)
                  865064fc    00000004     app_pe66.oe66 (.const:ti_sysbios_gates_GateMutexPri_Module__diagsEnabled__C)
                  86506500    00000004     app_pe66.oe66 (.const:ti_sysbios_gates_GateMutexPri_Module__diagsIncluded__C)
                  86506504    00000004     app_pe66.oe66 (.const:ti_sysbios_gates_GateMutexPri_Module__diagsMask__C)
                  86506508    00000004     app_pe66.oe66 (.const:ti_sysbios_gates_GateMutex_A_badContext__C)
                  8650650c    00000004     app_pe66.oe66 (.const:ti_sysbios_gates_GateMutex_Instance_State_sem__O)
                  86506510    00000004     app_pe66.oe66 (.const:ti_sysbios_gates_GateMutex_Module__diagsEnabled__C)
                  86506514    00000004     app_pe66.oe66 (.const:ti_sysbios_gates_GateMutex_Module__diagsIncluded__C)
                  86506518    00000004     app_pe66.oe66 (.const:ti_sysbios_gates_GateMutex_Module__diagsMask__C)
                  8650651c    00000004     app_pe66.oe66 (.const:ti_sysbios_hal_Hwi_E_stackOverflow__C)
                  86506520    00000004     app_pe66.oe66 (.const:ti_sysbios_heaps_HeapMem_A_align__C)
                  86506524    00000004     app_pe66.oe66 (.const:ti_sysbios_heaps_HeapMem_A_heapSize__C)
                  86506528    00000004     app_pe66.oe66 (.const:ti_sysbios_heaps_HeapMem_A_invalidFree__C)
                  8650652c    00000004     app_pe66.oe66 (.const:ti_sysbios_heaps_HeapMem_A_zeroBlock__C)
                  86506530    00000004     app_pe66.oe66 (.const:ti_sysbios_heaps_HeapMem_E_memory__C)
                  86506534    00000004     app_pe66.oe66 (.const:ti_sysbios_heaps_HeapMem_Module__diagsEnabled__C)
                  86506538    00000004     app_pe66.oe66 (.const:ti_sysbios_heaps_HeapMem_Module__diagsIncluded__C)
                  8650653c    00000004     app_pe66.oe66 (.const:ti_sysbios_heaps_HeapMem_Module__diagsMask__C)
                  86506540    00000004     app_pe66.oe66 (.const:ti_sysbios_heaps_HeapMem_Module__gateObj__C)
                  86506544    00000004     app_pe66.oe66 (.const:ti_sysbios_heaps_HeapMem_Object__count__C)
                  86506548    00000004     app_pe66.oe66 (.const:ti_sysbios_heaps_HeapMem_reqAlign__C)
                  8650654c    00000004     app_pe66.oe66 (.const:ti_sysbios_knl_Clock_LM_begin__C)
                  86506550    00000004     app_pe66.oe66 (.const:ti_sysbios_knl_Clock_LM_tick__C)
                  86506554    00000004     app_pe66.oe66 (.const:ti_sysbios_knl_Clock_LW_delayed__C)
                  86506558    00000004     app_pe66.oe66 (.const:ti_sysbios_knl_Clock_Module_State_clockQ__O)
                  8650655c    00000004     app_pe66.oe66 (.const:ti_sysbios_knl_Clock_Module__diagsEnabled__C)
                  86506560    00000004     app_pe66.oe66 (.const:ti_sysbios_knl_Clock_Module__diagsIncluded__C)
                  86506564    00000004     app_pe66.oe66 (.const:ti_sysbios_knl_Clock_Module__diagsMask__C)
                  86506568    00000004     app_pe66.oe66 (.const:ti_sysbios_knl_Clock_Module__loggerFxn1__C)
                  8650656c    00000004     app_pe66.oe66 (.const:ti_sysbios_knl_Clock_Module__loggerFxn2__C)
                  86506570    00000004     app_pe66.oe66 (.const:ti_sysbios_knl_Clock_Module__loggerObj__C)
                  86506574    00000004     app_pe66.oe66 (.const:ti_sysbios_knl_Semaphore_A_badContext__C)
                  86506578    00000004     app_pe66.oe66 (.const:ti_sysbios_knl_Idle_funcList__A)
                  8650657c    00000004     app_pe66.oe66 (.const:ti_sysbios_knl_Semaphore_A_noEvents__C)
                  86506580    00000004     app_pe66.oe66 (.const:ti_sysbios_knl_Semaphore_A_overflow__C)
                  86506584    00000004     app_pe66.oe66 (.const:ti_sysbios_knl_Semaphore_A_pendTaskDisabled__C)
                  86506588    00000004     app_pe66.oe66 (.const:ti_sysbios_knl_Semaphore_Instance_State_pendQ__O)
                  8650658c    00000004     app_pe66.oe66 (.const:ti_sysbios_knl_Semaphore_LM_pend__C)
                  86506590    00000004     app_pe66.oe66 (.const:ti_sysbios_knl_Semaphore_LM_post__C)
                  86506594    00000004     app_pe66.oe66 (.const:ti_sysbios_knl_Semaphore_Module__diagsEnabled__C)
                  86506598    00000004     app_pe66.oe66 (.const:ti_sysbios_knl_Semaphore_Module__diagsIncluded__C)
                  8650659c    00000004     app_pe66.oe66 (.const:ti_sysbios_knl_Semaphore_Module__diagsMask__C)
                  865065a0    00000004     app_pe66.oe66 (.const:ti_sysbios_knl_Semaphore_Module__loggerFxn2__C)
                  865065a4    00000004     app_pe66.oe66 (.const:ti_sysbios_knl_Semaphore_Module__loggerFxn4__C)
                  865065a8    00000004     app_pe66.oe66 (.const:ti_sysbios_knl_Semaphore_Module__loggerObj__C)
                  865065ac    00000004     app_pe66.oe66 (.const:ti_sysbios_knl_Swi_LD_end__C)
                  865065b0    00000004     app_pe66.oe66 (.const:ti_sysbios_knl_Swi_LM_begin__C)
                  865065b4    00000004     app_pe66.oe66 (.const:ti_sysbios_knl_Swi_LM_post__C)
                  865065b8    00000004     app_pe66.oe66 (.const:ti_sysbios_knl_Swi_Module__diagsEnabled__C)
                  865065bc    00000004     app_pe66.oe66 (.const:ti_sysbios_knl_Swi_Module__diagsIncluded__C)
                  865065c0    00000004     app_pe66.oe66 (.const:ti_sysbios_knl_Swi_Module__diagsMask__C)
                  865065c4    00000004     app_pe66.oe66 (.const:ti_sysbios_knl_Swi_Module__loggerFxn1__C)
                  865065c8    00000004     app_pe66.oe66 (.const:ti_sysbios_knl_Swi_Module__loggerFxn4__C)
                  865065cc    00000004     app_pe66.oe66 (.const:ti_sysbios_knl_Swi_Module__loggerObj__C)
                  865065d0    00000004     app_pe66.oe66 (.const:ti_sysbios_knl_Swi_Object__count__C)
                  865065d4    00000004     app_pe66.oe66 (.const:ti_sysbios_knl_Task_A_badPriority__C)
                  865065d8    00000004     app_pe66.oe66 (.const:ti_sysbios_knl_Task_A_badTaskState__C)
                  865065dc    00000004     app_pe66.oe66 (.const:ti_sysbios_knl_Task_A_badThreadType__C)
                  865065e0    00000004     app_pe66.oe66 (.const:ti_sysbios_knl_Task_A_noPendElem__C)
                  865065e4    00000004     app_pe66.oe66 (.const:ti_sysbios_knl_Task_E_spOutOfBounds__C)
                  865065e8    00000004     app_pe66.oe66 (.const:ti_sysbios_knl_Task_E_stackOverflow__C)
                  865065ec    00000004     app_pe66.oe66 (.const:ti_sysbios_knl_Task_LD_block__C)
                  865065f0    00000004     app_pe66.oe66 (.const:ti_sysbios_knl_Task_LD_exit__C)
                  865065f4    00000004     app_pe66.oe66 (.const:ti_sysbios_knl_Task_LD_ready__C)
                  865065f8    00000004     app_pe66.oe66 (.const:ti_sysbios_knl_Task_LM_setPri__C)
                  865065fc    00000004     app_pe66.oe66 (.const:ti_sysbios_knl_Task_LM_switch__C)
                  86506600    00000004     app_pe66.oe66 (.const:ti_sysbios_knl_Task_LM_yield__C)
                  86506604    00000004     app_pe66.oe66 (.const:ti_sysbios_knl_Task_Module_State_inactiveQ__O)
                  86506608    00000004     app_pe66.oe66 (.const:ti_sysbios_knl_Task_Module__diagsEnabled__C)
                  8650660c    00000004     app_pe66.oe66 (.const:ti_sysbios_knl_Task_Module__diagsIncluded__C)
                  86506610    00000004     app_pe66.oe66 (.const:ti_sysbios_knl_Task_Module__diagsMask__C)
                  86506614    00000004     app_pe66.oe66 (.const:ti_sysbios_knl_Task_Module__loggerFxn2__C)
                  86506618    00000004     app_pe66.oe66 (.const:ti_sysbios_knl_Task_Module__loggerFxn4__C)
                  8650661c    00000004     app_pe66.oe66 (.const:ti_sysbios_knl_Task_Module__loggerObj__C)
                  86506620    00000004     app_pe66.oe66 (.const:ti_sysbios_knl_Task_Object__count__C)
                  86506624    00000004     app_pe66.oe66 (.const:ti_sysbios_knl_Task_allBlockedFunc__C)
                  86506628    00000004     app_pe66.oe66 (.const:ti_sysbios_knl_Task_defaultStackHeap__C)
                  8650662c    00000004     app_pe66.oe66 (.const:ti_sysbios_knl_Task_defaultStackSize__C)
                  86506630    00000004     app_pe66.oe66 (.const:ti_sysbios_knl_Task_numConstructedTasks__C)
                  86506634    00000004     app_pe66.oe66 (.const:ti_sysbios_timers_timer64_Timer_A_notAvailable__C)
                  86506638    00000004     app_pe66.oe66 (.const:ti_sysbios_timers_timer64_Timer_E_cannotSupport__C)
                  8650663c    00000004     app_pe66.oe66 (.const:ti_sysbios_timers_timer64_Timer_Module__diagsEnabled__C)
                  86506640    00000004     app_pe66.oe66 (.const:ti_sysbios_timers_timer64_Timer_Module__diagsIncluded__C)
                  86506644    00000004     app_pe66.oe66 (.const:ti_sysbios_timers_timer64_Timer_Module__diagsMask__C)
                  86506648    00000004     app_pe66.oe66 (.const:ti_sysbios_timers_timer64_Timer_anyMaskHigh__C)
                  8650664c    00000004     app_pe66.oe66 (.const:ti_sysbios_timers_timer64_Timer_anyMask__C)
                  86506650    00000004     app_pe66.oe66 (.const:ti_sysbios_timers_timer64_Timer_freqDivisor__C)
                  86506654    00000004     app_pe66.oe66 (.const:ti_sysbios_timers_timer64_Timer_numLocalTimers__C)
                  86506658    00000004     app_pe66.oe66 (.const:ti_sysbios_timers_timer64_Timer_numTimerDevices__C)
                  8650665c    00000004     app_pe66.oe66 (.const:xdc_runtime_Assert_E_assertFailed__C)
                  86506660    00000004     app_pe66.oe66 (.const:xdc_runtime_Core_A_initializedParams__C)
                  86506664    00000004     app_pe66.oe66 (.const:xdc_runtime_Core_Module__diagsEnabled__C)
                  86506668    00000004     app_pe66.oe66 (.const:xdc_runtime_Core_Module__diagsIncluded__C)
                  8650666c    00000004     app_pe66.oe66 (.const:xdc_runtime_Core_Module__diagsMask__C)
                  86506670    00000004     app_pe66.oe66 (.const:xdc_runtime_Diags_dictBase__C)
                  86506674    00000004     app_pe66.oe66 (.const:xdc_runtime_Error_E_memory__C)
                  86506678    00000004     app_pe66.oe66 (.const:xdc_runtime_Error_Module__diagsEnabled__C)
                  8650667c    00000004     app_pe66.oe66 (.const:xdc_runtime_Error_Module__diagsIncluded__C)
                  86506680    00000004     app_pe66.oe66 (.const:xdc_runtime_Error_Module__diagsMask__C)
                  86506684    00000004     app_pe66.oe66 (.const:xdc_runtime_Error_Module__loggerFxn8__C)
[...]
86500720   ti_sysbios_gates_GateMutex_Instance_init__E
86500760   ti_sysbios_gates_GateMutex_Object__delete__S
865007a0   ti_sysbios_gates_GateMutex_leave__E
865007e0   ti_sysbios_heaps_HeapMem_Handle__label__S
86500820   ti_sysbios_heaps_HeapMem_Object__delete__S
86500860   ti_sysbios_heaps_HeapMem_Object__get__S
865008a0   ti_sysbios_knl_Queue_Object__destruct__S
865008e0   ti_sysbios_knl_Semaphore_Object__delete__S
86500920   ti_sysbios_knl_Semaphore_Object__destruct__S
86500960   ti_sysbios_knl_Swi_Object__get__S
865009a0   ti_sysbios_knl_Task_Object__get__S
865009e0   ti_sysbios_timers_timer64_Timer_Module__startupDone__F
865009e0   ti_sysbios_timers_timer64_Timer_Module__startupDone__S
86500a20   xdc_runtime_Error_check__E
86500a60   xdc_runtime_Error_init__E
86500aa0   xdc_runtime_Error_raiseX__E
86500ae0   xdc_runtime_Gate_leaveSystem__E
86500b20   xdc_runtime_LoggerBuf_Handle__label__S
86500b60   xdc_runtime_LoggerBuf_Instance_finalize__E
86500ba0   xdc_runtime_LoggerBuf_Object__delete__S
86500be0   xdc_runtime_LoggerBuf_Object__get__S
86500c20   xdc_runtime_LoggerBuf_write0__E
86500c60   xdc_runtime_LoggerBuf_write1__E
86500ca0   xdc_runtime_LoggerBuf_write2__E
86500ce0   xdc_runtime_Memory_free__E
86500d20   xdc_runtime_Memory_getStats__E
86500d60   xdc_runtime_Registry_findById__E
86500da0   xdc_runtime_System_abort__E
86500de0   xdc_runtime_System_aprintf__E
86500e20   xdc_runtime_System_exit__E
86500e60   xdc_runtime_System_printf__E
86500ea0   xdc_runtime_Text_matchRope__E
86500ee0   xdc_runtime_Text_ropeText__E
86500f20   DSKT2_cacheWBInv
86500f40   __c6xabi_negll
86500f60   __xdc__init
86500f80   _nop
86500fe0   _register_lock
86501000   _register_unlock
86501020   ti_sysbios_family_c62_TaskSupport_glue
86501040   C$$EXIT
86501040   abort
86501040   xdc_runtime_System_abortStd__E
86501060   __TI_decompress_none
86501080   __TI_decompress_rle24
865010a0   putc
865010c0   putchar
865010e0   ti_sysbios_BIOS_RtsGateProxy_enter__E
86501100   ti_sysbios_BIOS_RtsGateProxy_leave__E
86501120   ti_sysbios_BIOS_exit__E
86501140   ti_sysbios_BIOS_nullFunc__I
86501160   ti_sysbios_BIOS_setThreadType__E
86501180   ti_sysbios_BIOS_start__E
865011a0   ti_sysbios_family_c62_TaskSupport_Module__startupDone__S
865011c0   ti_sysbios_family_c62_TaskSupport_checkStack__E
865011c0   ti_sysbios_knl_Task_SupportProxy_checkStack__E
865011e0   ti_sysbios_family_c62_TaskSupport_getStackAlignment__E
865011e0   ti_sysbios_knl_Task_SupportProxy_getStackAlignment__E
86501200   ti_sysbios_family_c64p_Hwi_clearInterrupt__E
86501200   ti_sysbios_hal_Hwi_HwiProxy_clearInterrupt__E
86501200   ti_sysbios_hal_Hwi_clearInterrupt__E
86501220   ti_sysbios_family_c64p_Hwi_startup__E
86501220   ti_sysbios_hal_Hwi_HwiProxy_startup__E
86501220   ti_sysbios_hal_Hwi_startup__E
86501240   ti_sysbios_family_c64p_Hwi_switchFromBootStack__E
86501240   ti_sysbios_hal_Hwi_HwiProxy_switchFromBootStack__E
86501260   ti_sysbios_family_c64p_TimestampProvider_Module_startup__E
86501280   ti_sysbios_family_c64p_TimestampProvider_get64__E
86501280   xdc_runtime_LoggerBuf_TimestampProxy_get64__E
865012a0   ti_sysbios_family_c64p_tci6488_TimerSupport_enable__E
865012a0   ti_sysbios_timers_timer64_Timer_TimerSupportProxy_enable__E
865012c0   ti_sysbios_family_c66_Cache_inv__E
865012c0   ti_sysbios_hal_Cache_CacheProxy_inv__E
865012c0   ti_sysbios_hal_Cache_inv__E
865012e0   ti_sysbios_family_c66_Cache_wait__E
865012e0   ti_sysbios_hal_Cache_CacheProxy_wait__E
865012e0   ti_sysbios_hal_Cache_wait__E
86501300   ti_sysbios_family_c66_Cache_wbInv__E
86501300   ti_sysbios_hal_Cache_CacheProxy_wbInv__E
86501300   ti_sysbios_hal_Cache_wbInv__E
86501320   ti_sysbios_family_c66_Cache_wb__E
86501320   ti_sysbios_hal_Cache_CacheProxy_wb__E
86501320   ti_sysbios_hal_Cache_wb__E
86501340   ti_sysbios_family_c66_tci66xx_CpIntc_disableHostInt__E
86501360   ti_sysbios_family_c66_tci66xx_CpIntc_enableHostInt__E
86501380   ti_sysbios_gates_GateHwi_Instance_init__E
865013a0   ti_sysbios_gates_GateHwi_enter__E
865013c0   ti_sysbios_gates_GateHwi_leave__E
865013e0   ti_sysbios_gates_GateHwi_query__E
865013e0   xdc_runtime_LoggerBuf_Module_GateProxy_query__E
865013e0   xdc_runtime_Main_Module_GateProxy_query__E
865013e0   xdc_runtime_System_Module_GateProxy_query__E
86501400   ti_sysbios_gates_GateMutexPri_Instance_finalize__E
86501420   ti_sysbios_gates_GateMutexPri_query__E
86501420   ti_sysbios_xdcruntime_GateProcessSupport_query__E
86501420   ti_sysbios_xdcruntime_GateThreadSupport_query__E
86501420   xdc_runtime_knl_GateProcess_Proxy_query__E
86501420   xdc_runtime_knl_GateProcess_query__E
86501420   xdc_runtime_knl_GateThread_Proxy_query__E
86501420   xdc_runtime_knl_GateThread_query__E
86501440   ti_sysbios_gates_GateMutex_Instance_finalize__E
86501460   ti_sysbios_BIOS_RtsGateProxy_query__E
86501460   ti_sysbios_gates_GateMutex_query__E
86501460   ti_sysbios_heaps_HeapMem_Module_GateProxy_query__E
86501480   ti_sysbios_hal_Hwi_HwiProxy_Module__startupDone__S
865014a0   ti_sysbios_hal_Hwi_Module_startup__E
865014c0   ti_sysbios_heaps_HeapMem_Module_GateProxy_enter__E
865014e0   ti_sysbios_heaps_HeapMem_Module_GateProxy_leave__E
86501500   ti_sysbios_heaps_HeapMem_isBlocking__E
86501520   ti_sysbios_knl_Clock_TimerProxy_Module__startupDone__S
86501540   ti_sysbios_knl_Clock_TimerProxy_getMaxTicks__E
86501560   ti_sysbios_knl_Idle_loop__E
86501580   ti_sysbios_knl_Queue_Instance_init__E
865015a0   ti_sysbios_knl_Queue_Object__get__S
865015c0   ti_sysbios_knl_Queue_destruct
865015e0   ti_sysbios_knl_Queue_empty__E
86501600   ti_sysbios_knl_Semaphore_Instance_finalize__E
86501620   ti_sysbios_knl_Semaphore_Params__init__S
86501660   ti_sysbios_knl_Semaphore_delete
86501680   ti_sysbios_knl_Semaphore_destruct
865016a0   ti_sysbios_knl_Swi_disable__E
865016c0   ti_sysbios_knl_Task_SupportProxy_Module__startupDone__S
865016e0   ti_sysbios_knl_Task_disable__E
86501700   ti_sysbios_knl_Task_startup__E
86501720   ti_sysbios_timers_timer64_Timer_getMaxTicks__E
86501740   xdc_runtime_Gate_enterSystem__E
865017c0   xdc_runtime_LoggerBuf_Module_GateProxy_enter__E
865017e0   xdc_runtime_LoggerBuf_Module_GateProxy_leave__E
86501800   xdc_runtime_LoggerBuf_disable__E
86501820   xdc_runtime_LoggerBuf_enable__E
86501840   xdc_runtime_Memory_HeapProxy_alloc__E
86501860   xdc_runtime_Memory_HeapProxy_free__E
86501880   xdc_runtime_Memory_HeapProxy_getStats__E
865018a0   xdc_runtime_Startup_exec__I
865018c0   xdc_runtime_SysStd_exit__E
865018c0   xdc_runtime_System_SupportProxy_exit__E
865018e0   xdc_runtime_SysStd_putch__E
865018e0   xdc_runtime_System_SupportProxy_putch__E
86501900   xdc_runtime_SysStd_ready__E
86501900   xdc_runtime_System_SupportProxy_ready__E
86501920   xdc_runtime_System_Module_GateProxy_enter__E
86501940   xdc_runtime_System_Module_GateProxy_leave__E
86501960   xdc_runtime_System_Module_startup__E
86501980   xdc_runtime_System_snprintf_va__E
86501980   xdc_runtime_System_snprintf_va__F
86501980   xdc_runtime_System_vsnprintf__E
865019a0   xdc_runtime_Text_visitRope__I
865019c0   xdc_runtime_Text_charTab__A
86504fd8   ti_sysbios_family_c66_Cache_marvalues__C
86505940   ti_sysbios_family_c66_tci66xx_CpIntc_sysIntToHostInt__A
86505ae0   xdc_runtime_Text_nodeTab__A
86505be4   EDMA3_MAX_RM_INSTANCES
86505be8   _ctypes_
86505ff8   ti_sysbios_knl_Task_Object__PARAMS__C
86506034   xdc_runtime_LoggerBuf_Module__FXNS__C
86506070   xdc_runtime_Startup_sfxnTab__A
8650612c   ti_sysbios_heaps_HeapMem_Module__FXNS__C
86506154   xdc_runtime_LoggerBuf_Object__PARAMS__C
8650617c   ti_sysbios_gates_GateHwi_Module__FXNS__C
865061a0   ti_sysbios_gates_GateMutexPri_Module__FXNS__C
865061c4   ti_sysbios_gates_GateMutex_Module__FXNS__C
865061e8   ti_sysbios_heaps_HeapMem_Object__PARAMS__C
8650620c   ti_sysbios_knl_Semaphore_Object__PARAMS__C
86506253   ti_sysbios_timers_timer64_Timer_localTimerBaseId__C
86506254   ti_sysbios_gates_GateHwi_Object__DESC__C
86506274   ti_sysbios_gates_GateMutexPri_Object__DESC__C
86506294   ti_sysbios_gates_GateMutex_Object__DESC__C
865062b4   ti_sysbios_heaps_HeapMem_Object__DESC__C
865062d4   ti_sysbios_knl_Queue_Object__DESC__C
865062f4   ti_sysbios_knl_Semaphore_Object__DESC__C
86506314   ti_sysbios_knl_Task_Object__DESC__C
86506334   xdc_runtime_LoggerBuf_Object__DESC__C
86506354   ti_sysbios_family_c62_TaskSupport_stackAlignment__C
86506358   xdc_runtime_Startup_sfxnRts__A
86506372   ti_sysbios_family_c64p_EventCombiner_Module__id__C
86506374   ti_sysbios_family_c66_Cache_initSize__C
86506398   ti_sysbios_gates_GateHwi_Object__PARAMS__C
865063b0   ti_sysbios_gates_GateMutexPri_Object__PARAMS__C
865063c8   ti_sysbios_gates_GateMutex_Object__PARAMS__C
865063e0   ti_sysbios_knl_Queue_Object__PARAMS__C
865063f8   ti_sysbios_family_c66_tci66xx_CpIntc_eventId__A
8650640c   ti_sysbios_family_c64p_EventCombiner_A_invalidEventId__C
86506410   ti_sysbios_family_c66_tci66xx_CpIntc_hostIntToEventId_0__A
86506424   ti_sysbios_family_c64p_EventCombiner_E_unpluggedEvent__C
86506428   ti_sysbios_family_c66_tci66xx_CpIntc_hostIntToEventId_1__A
8650643c   ti_sysbios_family_c64p_EventCombiner_Module__diagsEnabled__C
86506452   ti_sysbios_family_c64p_Exception_Module__id__C
86506454   ti_sysbios_family_c64p_EventCombiner_Module__diagsIncluded__C
86506458   ti_sysbios_family_c64p_EventCombiner_EVTMASK__C
86506470   ti_sysbios_family_c66_tci66xx_CpIntc_hostIntToEventId__A
86506478   ti_sysbios_knl_Idle_funcList__C
86506480   xdc_runtime_Startup_firstFxns__A
86506488   xdc_runtime_Startup_firstFxns__C
86506490   xdc_runtime_Startup_lastFxns__C
86506498   ti_sysbios_family_c64p_EventCombiner_Module__diagsMask__C
8650649c   ti_sysbios_family_c64p_Exception_E_exceptionMax__C
865064a0   ti_sysbios_family_c64p_Exception_exceptionHook__C
865064a4   ti_sysbios_family_c64p_Exception_externalHook__C
865064a8   ti_sysbios_family_c64p_Exception_internalHook__C
865064ac   ti_sysbios_family_c64p_Exception_nmiHook__C
865064b0   ti_sysbios_family_c64p_Hwi_LD_end__C
865064b4   ti_sysbios_family_c64p_Hwi_LM_begin__C
865064b8   ti_sysbios_family_c64p_Hwi_Module__diagsEnabled__C
865064bc   ti_sysbios_family_c64p_Hwi_Module__diagsIncluded__C
865064c0   ti_sysbios_family_c64p_Hwi_Module__diagsMask__C
865064c4   ti_sysbios_family_c64p_Hwi_Module__loggerFxn1__C
865064c8   ti_sysbios_family_c64p_Hwi_Module__loggerFxn8__C
865064cc   ti_sysbios_family_c64p_Hwi_Module__loggerObj__C
865064d0   ti_sysbios_family_c66_Cache_atomicBlockSize__C
865064d4   ti_sysbios_family_c66_tci66xx_CpIntc_E_unpluggedSysInt__C
865064d8   ti_sysbios_family_c66_tci66xx_CpIntc_eventId__C
865064dc   ti_sysbios_family_c66_tci66xx_CpIntc_hostIntToEventId__C
865064e0   ti_sysbios_family_c66_tci66xx_CpIntc_numEvents__C
865064e4   ti_sysbios_family_c66_tci66xx_CpIntc_numStatusRegs__C
865064e8   ti_sysbios_family_c66_tci66xx_CpIntc_numSysInts__C
865064ec   ti_sysbios_family_c66_tci66xx_CpIntc_sysIntToHostInt__C
865064f0   ti_sysbios_gates_GateMutexPri_A_badContext__C
865064f4   ti_sysbios_gates_GateMutexPri_A_enterTaskDisabled__C
865064f8   ti_sysbios_gates_GateMutexPri_Instance_State_pendQ__O
865064fc   ti_sysbios_gates_GateMutexPri_Module__diagsEnabled__C
86506500   ti_sysbios_gates_GateMutexPri_Module__diagsIncluded__C
86506504   ti_sysbios_gates_GateMutexPri_Module__diagsMask__C
86506508   ti_sysbios_gates_GateMutex_A_badContext__C
8650650c   ti_sysbios_gates_GateMutex_Instance_State_sem__O
86506510   ti_sysbios_gates_GateMutex_Module__diagsEnabled__C
86506514   ti_sysbios_gates_GateMutex_Module__diagsIncluded__C
86506518   ti_sysbios_gates_GateMutex_Module__diagsMask__C
8650651c   ti_sysbios_hal_Hwi_E_stackOverflow__C
86506520   ti_sysbios_heaps_HeapMem_A_align__C
86506524   ti_sysbios_heaps_HeapMem_A_heapSize__C
86506528   ti_sysbios_heaps_HeapMem_A_invalidFree__C
8650652c   ti_sysbios_heaps_HeapMem_A_zeroBlock__C
86506530   ti_sysbios_heaps_HeapMem_E_memory__C
86506534   ti_sysbios_heaps_HeapMem_Module__diagsEnabled__C
86506538   ti_sysbios_heaps_HeapMem_Module__diagsIncluded__C
8650653c   ti_sysbios_heaps_HeapMem_Module__diagsMask__C
86506540   ti_sysbios_heaps_HeapMem_Module__gateObj__C
86506544   ti_sysbios_heaps_HeapMem_Object__count__C
86506548   ti_sysbios_heaps_HeapMem_reqAlign__C
8650654c   ti_sysbios_knl_Clock_LM_begin__C
86506550   ti_sysbios_knl_Clock_LM_tick__C
86506554   ti_sysbios_knl_Clock_LW_delayed__C
86506558   ti_sysbios_knl_Clock_Module_State_clockQ__O
8650655c   ti_sysbios_knl_Clock_Module__diagsEnabled__C
86506560   ti_sysbios_knl_Clock_Module__diagsIncluded__C
86506564   ti_sysbios_knl_Clock_Module__diagsMask__C
86506568   ti_sysbios_knl_Clock_Module__loggerFxn1__C
8650656c   ti_sysbios_knl_Clock_Module__loggerFxn2__C
86506570   ti_sysbios_knl_Clock_Module__loggerObj__C
86506574   ti_sysbios_knl_Semaphore_A_badContext__C
86506578   ti_sysbios_knl_Idle_funcList__A
8650657c   ti_sysbios_knl_Semaphore_A_noEvents__C
86506580   ti_sysbios_knl_Semaphore_A_overflow__C
86506584   ti_sysbios_knl_Semaphore_A_pendTaskDisabled__C
86506588   ti_sysbios_knl_Semaphore_Instance_State_pendQ__O
8650658c   ti_sysbios_knl_Semaphore_LM_pend__C
86506590   ti_sysbios_knl_Semaphore_LM_post__C
86506594   ti_sysbios_knl_Semaphore_Module__diagsEnabled__C
86506598   ti_sysbios_knl_Semaphore_Module__diagsIncluded__C
8650659c   ti_sysbios_knl_Semaphore_Module__diagsMask__C
865065a0   ti_sysbios_knl_Semaphore_Module__loggerFxn2__C
865065a4   ti_sysbios_knl_Semaphore_Module__loggerFxn4__C
865065a8   ti_sysbios_knl_Semaphore_Module__loggerObj__C
865065ac   ti_sysbios_knl_Swi_LD_end__C
865065b0   ti_sysbios_knl_Swi_LM_begin__C
865065b4   ti_sysbios_knl_Swi_LM_post__C
865065b8   ti_sysbios_knl_Swi_Module__diagsEnabled__C
865065bc   ti_sysbios_knl_Swi_Module__diagsIncluded__C
865065c0   ti_sysbios_knl_Swi_Module__diagsMask__C
865065c4   ti_sysbios_knl_Swi_Module__loggerFxn1__C
865065c8   ti_sysbios_knl_Swi_Module__loggerFxn4__C
865065cc   ti_sysbios_knl_Swi_Module__loggerObj__C
865065d0   ti_sysbios_knl_Swi_Object__count__C
865065d4   ti_sysbios_knl_Task_A_badPriority__C
865065d8   ti_sysbios_knl_Task_A_badTaskState__C
865065dc   ti_sysbios_knl_Task_A_badThreadType__C
865065e0   ti_sysbios_knl_Task_A_noPendElem__C
865065e4   ti_sysbios_knl_Task_E_spOutOfBounds__C
865065e8   ti_sysbios_knl_Task_E_stackOverflow__C
865065ec   ti_sysbios_knl_Task_LD_block__C
865065f0   ti_sysbios_knl_Task_LD_exit__C
865065f4   ti_sysbios_knl_Task_LD_ready__C
865065f8   ti_sysbios_knl_Task_LM_setPri__C
865065fc   ti_sysbios_knl_Task_LM_switch__C
86506600   ti_sysbios_knl_Task_LM_yield__C
86506604   ti_sysbios_knl_Task_Module_State_inactiveQ__O
86506608   ti_sysbios_knl_Task_Module__diagsEnabled__C
8650660c   ti_sysbios_knl_Task_Module__diagsIncluded__C
86506610   ti_sysbios_knl_Task_Module__diagsMask__C
86506614   ti_sysbios_knl_Task_Module__loggerFxn2__C
86506618   ti_sysbios_knl_Task_Module__loggerFxn4__C
8650661c   ti_sysbios_knl_Task_Module__loggerObj__C
86506620   ti_sysbios_knl_Task_Object__count__C
86506624   ti_sysbios_knl_Task_allBlockedFunc__C
86506628   ti_sysbios_knl_Task_defaultStackHeap__C
8650662c   ti_sysbios_knl_Task_defaultStackSize__C
86506630   ti_sysbios_knl_Task_numConstructedTasks__C
86506634   ti_sysbios_timers_timer64_Timer_A_notAvailable__C
86506638   ti_sysbios_timers_timer64_Timer_E_cannotSupport__C
8650663c   ti_sysbios_timers_timer64_Timer_Module__diagsEnabled__C
86506640   ti_sysbios_timers_timer64_Timer_Module__diagsIncluded__C
86506644   ti_sysbios_timers_timer64_Timer_Module__diagsMask__C
86506648   ti_sysbios_timers_timer64_Timer_anyMaskHigh__C
8650664c   ti_sysbios_timers_timer64_Timer_anyMask__C
86506650   ti_sysbios_timers_timer64_Timer_freqDivisor__C
86506654   ti_sysbios_timers_timer64_Timer_numLocalTimers__C
86506658   ti_sysbios_timers_timer64_Timer_numTimerDevices__C
8650665c   xdc_runtime_Assert_E_assertFailed__C
86506660   xdc_runtime_Core_A_initializedParams__C
86506664   xdc_runtime_Core_Module__diagsEnabled__C
86506668   xdc_runtime_Core_Module__diagsIncluded__C
8650666c   xdc_runtime_Core_Module__diagsMask__C
86506670   xdc_runtime_Diags_dictBase__C
86506674   xdc_runtime_Error_E_memory__C
86506678   xdc_runtime_Error_Module__diagsEnabled__C
8650667c   xdc_runtime_Error_Module__diagsIncluded__C
86506680   xdc_runtime_Error_Module__diagsMask__C
86506684   xdc_runtime_Error_Module__loggerFxn8__C
86506688   xdc_runtime_Error_Module__loggerObj__C
8650668c   xdc_runtime_Error_policyFxn__C
86506690   xdc_runtime_Error_policy__C
86506694   xdc_runtime_Error_raiseHook__C
86506698   xdc_runtime_IFilterLogger_Interface__BASE__C
8650669c   xdc_runtime_IGateProvider_Interface__BASE__C
865066a0   xdc_runtime_IHeap_Interface__BASE__C
865066a4   xdc_runtime_ILogger_Interface__BASE__C
865066a8   xdc_runtime_IModule_Interface__BASE__C
865066ac   xdc_runtime_Log_L_error__C
865066b0   xdc_runtime_LoggerBuf_E_badLevel__C
865066b4   xdc_runtime_LoggerBuf_Module__gateObj__C
865066b8   xdc_runtime_LoggerBuf_Object__count__C
865066bc   xdc_runtime_LoggerBuf_statusLogger__C
865066c0   xdc_runtime_Memory_defaultHeapInstance__C
865066c4   xdc_runtime_Registry_Module__diagsEnabled__C
865066c8   xdc_runtime_Registry_Module__diagsIncluded__C
865066cc   xdc_runtime_Registry_Module__diagsMask__C
865066d0   xdc_runtime_Registry_Module__loggerFxn1__C
865066d4   xdc_runtime_Registry_Module__loggerFxn2__C
865066d8   xdc_runtime_Registry_Module__loggerFxn4__C
865066dc   xdc_runtime_Registry_Module__loggerFxn8__C
865066e0   xdc_runtime_Registry_Module__loggerObj__C
865066e4   xdc_runtime_Startup_execImpl__C
865066e8   xdc_runtime_Startup_maxPasses__C
865066ec   xdc_runtime_Startup_sfxnRts__C
865066f0   xdc_runtime_Startup_sfxnTab__C
865066f4   xdc_runtime_SysMin_bufSize__C
865066f8   xdc_runtime_System_Module__gateObj__C
865066fc   xdc_runtime_System_abortFxn__C
86506700   xdc_runtime_System_exitFxn__C
86506704   xdc_runtime_System_extendFxn__C
86506708   xdc_runtime_System_maxAtexitHandlers__C
8650670c   xdc_runtime_Text_charTab__C
86506710   xdc_runtime_Text_nameEmpty__C
86506714   xdc_runtime_Text_nameStatic__C
86506718   xdc_runtime_Text_nameUnknown__C
8650671c   xdc_runtime_Text_nodeTab__C
86506720   xdc_runtime_Text_visitRopeFxn__C
86506724   ti_sysbios_family_c64p_Exception_useInternalBuffer__C
86506726   ti_sysbios_family_c64p_Hwi_Module__id__C
86506728   ti_sysbios_family_c64p_Hwi_Module__loggerDefined__C
8650672a   ti_sysbios_family_c66_tci66xx_CpIntc_Module__id__C
8650672c   ti_sysbios_gates_GateMutexPri_Module__id__C
8650672e   ti_sysbios_gates_GateMutex_Module__id__C
86506730   ti_sysbios_hal_Hwi_Module__id__C
86506732   ti_sysbios_heaps_HeapMem_Module__id__C
86506734   ti_sysbios_knl_Clock_Module__id__C
86506736   ti_sysbios_knl_Clock_Module__loggerDefined__C
86506738   ti_sysbios_knl_Semaphore_Module__id__C
8650673a   ti_sysbios_knl_Semaphore_Module__loggerDefined__C
8650673c   ti_sysbios_knl_Swi_Module__id__C
8650673e   ti_sysbios_knl_Swi_Module__loggerDefined__C
86506740   ti_sysbios_knl_Task_Module__id__C
86506742   ti_sysbios_knl_Task_Module__loggerDefined__C
86506744   ti_sysbios_timers_timer64_Timer_Module__id__C
86506746   ti_sysbios_timers_timer64_Timer_startupNeeded__C
86506748   ti_sysbios_timers_timer64_Timer_useTimer64pRegMap__C
8650674a   xdc_runtime_Core_Module__id__C
8650674c   xdc_runtime_Diags_setMaskEnabled__C
8650674e   xdc_runtime_Error_Module__loggerDefined__C
86506750   xdc_runtime_Error_maxDepth__C
86506752   xdc_runtime_LoggerBuf_Module__id__C
86506754   xdc_runtime_LoggerBuf_filterByLevel__C
86506756   xdc_runtime_Memory_Module__id__C
86506758   xdc_runtime_Registry_Module__loggerDefined__C
8650675a   xdc_runtime_Text_charCnt__C
8650675c   xdc_runtime_Text_isLoaded__C
8650675e   xdc_runtime_Text_registryModsLastId__C
86506760   xdc_runtime_Text_unnamedModsLastId__C
ffffffff   __TI_pprof_out_hndl
ffffffff   __TI_prof_data_size
ffffffff   __TI_prof_data_start
ffffffff   __binit__
ffffffff   __c_args__
ffffffff   binit
UNDEFED    __TI_INITARRAY_Base
UNDEFED    __TI_INITARRAY_Limit

[890 symbols]
