******************************************************************************
               TMS320C6x Linker PC v7.4.12                     
******************************************************************************
>> Linked Mon Apr 10 16:49:16 2017

OUTPUT FILE NAME:   <edma_test.out>
ENTRY POINT SYMBOL: "_c_int00"  address: 864f9f40


MEMORY CONFIGURATION

         name            origin    length      used     unused   attr    fill
----------------------  --------  ---------  --------  --------  ----  --------
  L2SRAM                00800000   00100000  0004b678  000b4988  RW X
  MSMCSRAM              0c000000   00100000  0000167c  000fe984  RW X
  DDR3                  80000000   20000000  06501bee  19afe412  RWIX


SEGMENT ALLOCATION MAP

run origin  load origin   length   init length attrs members
----------  ----------- ---------- ----------- ----- -------
00800000    00800000    0001d70c   0001d70c    rw-
  00800000    00800000    0001d70c   0001d70c    rw- .fardata
0081d710    0081d710    0001c264   00000000    rw-
  0081d710    0081d710    0001c264   00000000    rw- .workSpace
00839978    00839978    00010000   00000000    rw-
  00839978    00839978    00010000   00000000    rw- .stack
00849980    00849980    00001a80   00000000    rw-
  00849980    00849980    00001960   00000000    rw- .far
  0084b2e0    0084b2e0    00000120   00000000    rw- .cio
0084b400    0084b400    00000274   00000274    r-x
  0084b400    0084b400    00000200   00000200    r-x .vecs
  0084b600    0084b600    00000074   00000074    r-- .switch
0084b674    0084b674    00000010   00000010    rw-
  0084b674    0084b674    00000010   00000010    rw- .neardata
0084b684    0084b684    00000004   00000004    r--
  0084b684    0084b684    00000004   00000004    r-- .rodata
0c000000    0c000000    0000167c   0000167c    r--
  0c000000    0c000000    0000167c   0000167c    r-- .cinit
80000000    80000000    06400000   00000000    rw-
  80000000    80000000    06400000   00000000    rw- systemHeap
86400000    86400000    00101bee   00101bee    r-x
  86400000    86400000    000e1000   000e1000    r-- .outPutBuffMem
  864e1000    864e1000    0001d080   0001d080    r-x .text
  864fe080    864fe080    00003b6e   00003b6e    r-- .const


SECTION ALLOCATION MAP

 output                                  attributes/
section   page    origin      length       input sections
--------  ----  ----------  ----------   ----------------
.init_array 
*          0    00800000    00000000     UNINITIALIZED

.fardata   0    00800000    0001d70c     
                  00800000    0000df38     edma3_lld_drv.ae66 : edma3_drv_init.oe66 (.fardata:.edma3Globals:uninit) [fill = 0]
                  0080df38    00007998     edma3_lld_rm.ae66 : edma3resmgr.oe66 (.fardata:.edma3Globals:uninit) [fill = 0]
                  008158d0    000056e0                       : edma3_rm_gbl_data.oe66 (.fardata:.edma3Globals:uninit) [fill = 0]
                  0081afb0    000006e0     app_pe66.oe66 (.fardata)
                  0081b690    00000680     app_pe66.oe66 (.fardata:ti_sysbios_family_c66_tci66xx_CpIntc_Module_State_0_dispatchTab__A)
                  0081bd10    00000540     edma3_lld_rm.ae66 : edma3_c6657_cfg.oe66 (.fardata:defInstInitConfig)
                  0081c250    00000540     sample_c6657_cfg.obj (.fardata:sampleInstInitConfig)
                  0081c790    000002d8     edma3_lld_rm.ae66 : edma3_c6657_cfg.oe66 (.fardata:edma3GblCfgParams)
                  0081ca68    000002d8     sample_c6657_cfg.obj (.fardata:sampleEdma3GblCfgParams)
                  0081cd40    000001e0     rts6600_elf.lib : defs.obj (.fardata:_ftable)
                  0081cf20    000000c0     app_pe66.oe66 (.fardata:ti_sysbios_timers_timer64_Timer_Module_State_0_device__A)
                  0081cfe0    000000a0     rts6600_elf.lib : lowlev.obj (.fardata:_stream)
                  0081d080    0000009c     app_pe66.oe66 (.fardata:ti_uia_loggers_LoggerStopMode_Object__table__V)
                  0081d11c    00000004     rts6600_elf.lib : defs.obj (.fardata)
                  0081d120    00000080     app_pe66.oe66 (.fardata:ti_sysbios_knl_Swi_Module_State_0_readyQ__A)
                  0081d1a0    00000080     app_pe66.oe66 (.fardata:ti_sysbios_knl_Task_Module_State_0_readyQ__A)
                  0081d220    00000078     rts6600_elf.lib : lowlev.obj (.fardata:_device)
                  0081d298    00000078     app_pe66.oe66 (.fardata:ti_sysbios_family_c64p_Hwi_Object__table__V)
                  0081d310    00000062     edma3_lld_rm.ae66 : edma3resmgr.oe66 (.fardata:.edma3Globals:init)
                  0081d372    00000002     edma3_lld_drv.ae66 : edma3_drv_init.oe66 (.fardata:.edma3Globals:init)
                  0081d374    00000004     --HOLE--
                  0081d378    00000060     app_pe66.oe66 (.fardata:ti_sysbios_family_c66_tci66xx_CpIntc_Module_State_0_hostIntToSysInt__A)
                  0081d3d8    00000050     app_pe66.oe66 (.fardata:ti_sysbios_timers_timer64_Timer_Object__table__V)
                  0081d428    0000004c     app_pe66.oe66 (.fardata:ti_sysbios_knl_Task_Object__table__V)
                  0081d474    00000004     --HOLE--
                  0081d478    00000040     app_pe66.oe66 (.fardata:ti_sysbios_gates_GateMutex_Object__table__V)
                  0081d4b8    00000040     app_pe66.oe66 (.fardata:ti_sysbios_timers_timer64_Timer_Module_State_0_gctrl__A)
                  0081d4f8    00000040     app_pe66.oe66 (.fardata:ti_sysbios_timers_timer64_Timer_Module_State_0_handles__A)
                  0081d538    00000040     app_pe66.oe66 (.fardata:ti_sysbios_timers_timer64_Timer_Module_State_0_intFreqs__A)
                  0081d578    00000030     app_pe66.oe66 (.fardata:ti_sysbios_knl_Swi_Object__table__V)
                  0081d5a8    00000024     app_pe66.oe66 (.fardata:xdc_runtime_LoggerBuf_Object__table__V)
                  0081d5cc    00000004     --HOLE--
                  0081d5d0    00000020     sample_c6657_cfg.obj (.fardata:ccXferCompInt)
                  0081d5f0    00000020     edma3_lld_drv_sample.ae66 : sample_c6657_int_reg.oe66 (.fardata:ptrEdma3TcIsrHandler)
                  0081d610    00000020     sample_c6657_cfg.obj (.fardata:tcErrorInt)
                  0081d630    0000001c     app_pe66.oe66 (.fardata:ti_sysbios_family_c66_tci66xx_CpIntc_Module_State_0_initSIER__A)
                  0081d64c    00000004     --HOLE--
                  0081d650    00000018     app_pe66.oe66 (.fardata:ti_sysbios_heaps_HeapMem_Object__table__V)
                  0081d668    00000010     edma3_lld_rm.ae66 : edma3_rm_gbl_data.oe66 (.fardata:.edma3Globals:init)
                  0081d678    00000010     app_pe66.oe66 (.fardata:xdc_runtime_System_Module_State_0_atexitHandlers__A)
                  0081d688    0000000c     edma3_lld_drv_sample.ae66 : sample_c6657_int_reg.oe66 (.fardata)
                  0081d694    0000000c     rts6600_elf.lib : exit.obj (.fardata)
                  0081d6a0    0000000c     app_pe66.oe66 (.fardata:ti_sysbios_family_c66_tci66xx_CpIntc_Module_State_0_controller__A)
                  0081d6ac    00000004     --HOLE--
                  0081d6b0    00000008     edma3_lld_drv_sample.ae66 : sample_c6657_int_reg.oe66 (.fardata:ccXferHostInt)
                  0081d6b8    00000008                               : sample_c6657_int_reg.oe66 (.fardata:edma3ErrHostInt)
                  0081d6c0    00000008     sample_c6657_cfg.obj (.fardata:gblCfgReqdArray)
                  0081d6c8    00000008     rts6600_elf.lib : _lock.obj (.fardata)
                  0081d6d0    00000008     app_pe66.oe66 (.fardata:ti_sysbios_hal_Hwi_Object__table__V)
                  0081d6d8    00000004     sample_c6657_cfg.obj (.fardata:ccErrorInt)
                  0081d6dc    00000004     --HOLE--
                  0081d6e0    00000004     sample_c6657_cfg.obj (.fardata:numEdma3Tc)
                  0081d6e4    00000004     --HOLE--
                  0081d6e8    00000004     sample_c6657_cfg.obj (.fardata:semHandle)
                  0081d6ec    00000004     --HOLE--
                  0081d6f0    00000004     app_pe66.oe66 (.fardata:ti_sysbios_gates_GateHwi_Object__table__V)
                  0081d6f4    00000004     --HOLE--
                  0081d6f8    00000004     app_pe66.oe66 (.fardata:ti_sysbios_knl_Task_Module_State_0_idleTask__A)
                  0081d6fc    00000004     --HOLE--
                  0081d700    00000004     app_pe66.oe66 (.fardata:ti_sysbios_utils_Load_Module_State_0_runningTask__A)
                  0081d704    00000004     --HOLE--
                  0081d708    00000004     app_pe66.oe66 (.fardata:ti_sysbios_utils_Load_Module_State_0_taskStartTime__A)

.workSpace 
*          0    0081d710    0001c264     UNINITIALIZED
                  0081d710    0001c264     blockAlg.obj (.workSpace)

.stack     0    00839978    00010000     UNINITIALIZED
                  00839978    00000008     boot.ae66 : boot.oe66 (.stack)
                  00839980    0000fff8     --HOLE--

.far       0    00849980    00001960     UNINITIALIZED
                  00849980    00000f80     app_pe66.oe66 (.far)
                  0084a900    00000800     app_pe66.oe66 (.far:taskStackSection)
                  0084b100    00000140     rts6600_elf.lib : defs.obj (.far)
                  0084b240    0000008c     edma3_lld_rm.ae66 : edma3resmgr.oe66 (.far)
                  0084b2cc    00000008     edma3_lld_drv_sample.ae66 : sample_init.oe66 (.far)
                  0084b2d4    00000004     --HOLE--
                  0084b2d8    00000008     rts6600_elf.lib : trgdrv.obj (.far)

.cio       0    0084b2e0    00000120     UNINITIALIZED
                  0084b2e0    00000120     rts6600_elf.lib : trgmsg.obj (.cio)

.vecs      0    0084b400    00000200     
                  0084b400    00000200     app_pe66.oe66 (.vecs)

.switch    0    0084b600    00000074     
                  0084b600    0000002c     edma3_lld_drv.ae66 : edma3_drv_basic.oe66 (.switch:EDMA3_DRV_setOptField)
                  0084b62c    00000014     edma3_lld_drv_sample.ae66 : sample_cs.oe66 (.switch:edma3OsProtectEntry)
                  0084b640    00000014                               : sample_cs.oe66 (.switch:edma3OsProtectExit)
                  0084b654    00000010     edma3_lld_rm.ae66 : edma3resmgr.oe66 (.switch:EDMA3_RM_allocResource)
                  0084b664    00000010                       : edma3resmgr.oe66 (.switch:EDMA3_RM_freeResource)

.bss       0    0084b674    00000000     UNINITIALIZED

.neardata 
*          0    0084b674    00000010     
                  0084b674    00000008     ti.uia.runtime.ae66 : QueueDescriptor.oe66 (.neardata)
                  0084b67c    00000004     blockAlg.obj (.neardata)
                  0084b680    00000004     main.obj (.neardata)

.rodata    0    0084b684    00000004     
                  0084b684    00000004     sample_c6657_cfg.obj (.rodata)

.cinit     0    0c000000    0000167c     
                  0c000000    00001624     (.cinit..fardata.load) [load image, compression = rle]
                  0c001624    0000000c     (__TI_handler_table)
                  0c001630    00000009     (.cinit..neardata.load) [load image, compression = rle]
                  0c001639    00000003     --HOLE-- [fill = 0]
                  0c00163c    00000008     (.cinit..far.load) [load image, compression = zero_init]
                  0c001644    00000008     (.cinit..workSpace.load) [load image, compression = zero_init]
                  0c00164c    00000008     (.cinit.systemHeap.load) [load image, compression = zero_init]
                  0c001654    00000028     (__TI_cinit_table)

xdc.meta   0    80000000    000000f0     COPY SECTION
                  80000000    000000f0     app_pe66.oe66 (xdc.meta)

systemHeap 
*          0    80000000    06400000     UNINITIALIZED
                  80000000    06400000     app_pe66.oe66 (systemHeap)

.outPutBuffMem 
*          0    86400000    000e1000     
                  86400000    000e1000     main.obj (.outPutBuffMem)

.text      0    864e1000    0001d080     
                  864e1000    00000d20     edma3_lld_rm.ae66 : edma3resmgr.oe66 (.text:EDMA3_RM_allocResource)
                  864e1d20    00000c80     edma3_lld_drv.ae66 : edma3_drv_basic.oe66 (.text:EDMA3_DRV_requestChannel)
                  864e29a0    000008e0     blockAlg.obj (.text)
                  864e3280    000008a0     ti.targets.rts6000.ae66 : System.oe66 (.text:xdc_runtime_System_doPrint__I)
                  864e3b20    00000800     edma3_lld_rm.ae66 : edma3resmgr.oe66 (.text:edma3CCErrHandler)
                  864e4320    00000780     sysbios.ae66 : BIOS.obj (.text:ti_sysbios_family_c64p_Exception_handler__I)
                  864e4aa0    00000780                  : BIOS.obj (.text:ti_sysbios_knl_Semaphore_pend__E)
                  864e5220    00000700     edma3_lld_rm.ae66 : edma3resmgr.oe66 (.text:EDMA3_RM_open)
                  864e5920    000006a0     sysbios.ae66 : BIOS.obj (.text:ti_sysbios_timers_timer64_Timer_Module_startup__E)
                  864e5fc0    00000660     edma3_lld_rm.ae66 : edma3resmgr.oe66 (.text:EDMA3_RM_create)
                  864e6620    00000660     sysbios.ae66 : BIOS.obj (.text:ti_sysbios_heaps_HeapMem_alloc__E)
                  864e6c80    000005e0                  : BIOS.obj (.text:ti_sysbios_heaps_HeapMem_free__E)
                  864e7260    000005c0     rts6600_elf.lib : divd.obj (.text:__c6xabi_divd)
                  864e7820    000005c0                     : _printfi.obj (.text:_getarg_diouxp)
                  864e7de0    00000580     edma3_lld_rm.ae66 : edma3resmgr.oe66 (.text:EDMA3_RM_freeResource)
                  864e8360    00000520     rts6600_elf.lib : _printfi.obj (.text:_setfield)
                  864e8880    000004e0     edma3_lld_rm.ae66 : edma3resmgr.oe66 (.text:edma3TCErrHandler)
                  864e8d60    000004e0     sysbios.ae66 : BIOS.obj (.text:ti_sysbios_knl_Task_Instance_finalize__E)
                  864e9240    000004e0                  : BIOS.obj (.text:ti_sysbios_knl_Task_sleep__E)
                  864e9720    000004c0     edma3_lld_drv.ae66 : edma3_drv_basic.oe66 (.text:EDMA3_DRV_disableTransfer)
                  864e9be0    00000460     rts6600_elf.lib : _printfi.obj (.text:_printfi)
                  864ea040    00000460     main.obj (.text)
                  864ea4a0    000003c0     edma3_lld_drv.ae66 : edma3_drv_init.oe66 (.text:edma3OpenResMgr)
                  864ea860    000003a0                        : edma3_drv_init.oe66 (.text:EDMA3_DRV_create)
                  864eac00    000003a0                        : edma3_drv_basic.oe66 (.text:EDMA3_DRV_freeChannel)
                  864eafa0    000003a0     rts6600_elf.lib : fputs.obj (.text:fputs)
                  864eb340    000003a0     sysbios.ae66 : BIOS.obj (.text:ti_sysbios_knl_Task_Module_startup__E)
                  864eb6e0    00000380     edma3_lld_drv.ae66 : edma3_drv_basic.oe66 (.text:EDMA3_DRV_enableTransfer)
                  864eba60    00000380     edma.obj (.text)
                  864ebde0    00000380     edma3_lld_rm.ae66 : edma3resmgr.oe66 (.text:edma3ComplHandler)
                  864ec160    00000380     sysbios.ae66 : BIOS.obj (.text:ti_sysbios_knl_Task_Instance_init__E)
                  864ec4e0    00000320     edma3_lld_drv.ae66 : edma3_drv_basic.oe66 (.text:EDMA3_DRV_setDestParams)
                  864ec800    00000320                        : edma3_drv_basic.oe66 (.text:EDMA3_DRV_setSrcParams)
                  864ecb20    00000320     rts6600_elf.lib : _printfi.obj (.text:_pproc_fge)
                  864ece40    00000320     edma3_lld_drv_sample.ae66 : sample_c6657_int_reg.oe66 (.text:registerEdma3Interrupts)
                  864ed160    000002e0     edma3_lld_drv.ae66 : edma3_drv_basic.oe66 (.text:EDMA3_DRV_setOptField)
                  864ed440    000002e0     rts6600_elf.lib : _printfi.obj (.text:_pproc_fwp)
                  864ed720    000002e0     edma3_lld_drv.ae66 : edma3_drv_basic.oe66 (.text:edma3RemoveMapping)
                  864eda00    000002e0     sysbios.ae66 : BIOS.obj (.text:ti_sysbios_heaps_HeapMem_Instance_init__E)
                  864edce0    000002e0                  : BIOS.obj (.text:ti_sysbios_timers_timer64_Timer_deviceConfig__I)
                  864edfc0    000002c0     edma3_lld_drv.ae66 : edma3_drv_init.oe66 (.text:EDMA3_DRV_open)
                  864ee280    000002c0     sysbios.ae66 : BIOS.obj (.text:ti_sysbios_family_c66_tci66xx_CpIntc_Module_startup__E)
                  864ee540    000002a0     rts6600_elf.lib : _printfi.obj (.text:fcvt)
                  864ee7e0    000002a0     sysbios.ae66 : BIOS.obj (.text:ti_sysbios_knl_Clock_workFunc__E)
                  864eea80    00000280     rts6600_elf.lib : _printfi.obj (.text:ecvt)
                  864eed00    00000280     edma3_lld_rm.ae66 : edma3resmgr.oe66 (.text:edma3ShadowRegionInit)
                  864eef80    00000280     sysbios.ae66 : BIOS.obj (.text:ti_sysbios_knl_Semaphore_post__E)
                  864ef200    00000260     edma3_lld_drv.ae66 : edma3_drv_basic.oe66 (.text:EDMA3_DRV_setTransferParams)
                  864ef460    00000260     sysbios.ae66 : BIOS.obj (.text:ti_sysbios_family_c64p_Hwi_dispatchCore__I)
                  864ef6c0    00000260                  : BIOS.obj (.text:ti_sysbios_knl_Mailbox_Instance_init__E)
                  864ef920    00000260     ti.targets.rts6000.ae66 : Startup.oe66 (.text:xdc_runtime_Startup_startMods__I)
                  864efb80    00000260     app_pe66.oe66 (.text:xdc_runtime_System_printfExtend__I)
                  864efde0    00000240     edma3_lld_rm.ae66 : edma3resmgr.oe66 (.text:EDMA3_RM_close)
                  864f0020    00000240                       : edma3resmgr.oe66 (.text:EDMA3_RM_registerTccCb)
                  864f0260    00000240                       : edma3resmgr.oe66 (.text:EDMA3_RM_unregisterTccCb)
                  864f04a0    00000240     rts6600_elf.lib : imath64.obj (.text:__c6xabi_divull)
                  864f06e0    00000240                     : _printfi.obj (.text:_pconv_e)
                  864f0920    00000240                     : _printfi.obj (.text:_pproc_diouxp)
                  864f0b60    00000240     sysbios.ae66 : BIOS.obj (.text:ti_sysbios_family_c64p_Exception_internalHandler__I)
                  864f0da0    00000240     app_pe66.oe66 (.text:ti_uia_loggers_LoggerStopMode_writeMemoryRange__E)
                  864f0fe0    00000240     ti.targets.rts6000.ae66 : Core-mem.oe66 (.text:xdc_runtime_Core_createObject__I)
                  864f1220    00000240                             : LoggerBuf.oe66 (.text:xdc_runtime_LoggerBuf_write8__E)
                  864f1460    00000220     rts6600_elf.lib : _printfi.obj (.text:_pproc_str)
                  864f1680    00000220                     : fputc.obj (.text:fputc)
                  864f18a0    00000220     sysbios.ae66 : BIOS.obj (.text:ti_sysbios_family_c64p_EventCombiner_dispatch__E)
                  864f1ac0    00000220                  : BIOS.obj (.text:ti_sysbios_knl_Swi_run__I)
                  864f1ce0    00000220                  : BIOS.obj (.text:ti_sysbios_timers_timer64_Timer_setPeriodMicroSecs__E)
                  864f1f00    00000200     rts6600_elf.lib : _printfi.obj (.text:_pconv_g)
                  864f2100    00000200     sysbios.ae66 : c64p_Hwi_disp_always.obj (.text:_ti_sysbios_family_c64p_Hwi_dispatchAlways)
                  864f2300    00000200     rts6600_elf.lib : setvbuf.obj (.text:setvbuf)
                  864f2500    00000200     ti.targets.rts6000.ae66 : Error.oe66 (.text:xdc_runtime_Error_policyDefault__E)
                  864f2700    000001e0     edma3_lld_drv.ae66 : edma3_drv_basic.oe66 (.text:EDMA3_DRV_setDestIndex)
                  864f28e0    000001e0                        : edma3_drv_basic.oe66 (.text:EDMA3_DRV_setSrcIndex)
                  864f2ac0    000001e0     edma3_lld_rm.ae66 : edma3resmgr.oe66 (.text:edma3GlobalRegionInit)
                  864f2ca0    000001e0     sysbios.ae66 : BIOS.obj (.text:ti_sysbios_timers_timer64_Timer_getFreq__E)
                  864f2e80    000001e0                  : BIOS.obj (.text:ti_sysbios_utils_Load_idleFxn__E)
                  864f3060    000001c0     rts6600_elf.lib : _printfi.obj (.text:_mcpy)
                  864f3220    000001c0     sysbios.ae66 : BIOS.obj (.text:ti_sysbios_family_c64p_EventCombiner_dispatchPlug__E)
                  864f33e0    000001c0                  : BIOS.obj (.text:ti_sysbios_family_c66_Cache_block__I)
                  864f35a0    000001c0                  : BIOS.obj (.text:ti_sysbios_knl_Task_checkStacks__E)
                  864f3760    000001c0                  : BIOS.obj (.text:ti_sysbios_knl_Task_exit__E)
                  864f3920    000001c0     ti.targets.rts6000.ae66 : Text.oe66 (.text:xdc_runtime_Text_putSite__E)
                  864f3ae0    000001a0     rts6600_elf.lib : trgdrv.obj (.text:HOSTrename)
                  864f3c80    000001a0                     : imath40.obj (.text:__c6xabi_divul)
                  864f3e20    000001a0     sysbios.ae66 : BIOS.obj (.text:ti_sysbios_family_c66_tci66xx_CpIntc_dispatch__E)
                  864f3fc0    000001a0                  : BIOS.obj (.text:ti_sysbios_gates_GateMutex_enter__E)
                  864f4160    000001a0                  : BIOS.obj (.text:ti_sysbios_knl_Task_schedule__I)
                  864f4300    000001a0                  : BIOS.obj (.text:ti_sysbios_timers_timer64_Timer_start__E)
                  864f44a0    000001a0                  : BIOS.obj (.text:ti_sysbios_utils_Load_updateLoads__E)
                  864f4640    000001a0     ti.targets.rts6000.ae66 : LoggerBuf.oe66 (.text:xdc_runtime_LoggerBuf_write4__E)
                  864f47e0    00000180     rts6600_elf.lib : copy_decompress_rle.obj (.text:__TI_decompress_rle_core)
                  864f4960    00000180     edma3_lld_drv_sample.ae66 : sample_init.oe66 (.text:edma3init)
                  864f4ae0    00000180     sysbios.ae66 : c64p_Exception_asm.obj (.text)
                  864f4c60    00000180                  : BIOS.obj (.text:ti_sysbios_knl_Task_postInit__I)
                  864f4de0    00000180                  : BIOS.obj (.text:ti_sysbios_knl_Task_startCore__E)
                  864f4f60    00000180     app_pe66.oe66 (.text:ti_uia_loggers_LoggerStopMode_write8__E)
                  864f50e0    00000180     ti.targets.rts6000.ae66 : Core-smem.oe66 (.text:xdc_runtime_Core_constructObject__I)
                  864f5260    00000160     edma3_lld_drv.ae66 : edma3_drv_adv.oe66 (.text:EDMA3_DRV_waitAndClearTcc)
                  864f53c0    00000160     edma3_lld_rm.ae66 : edma3resmgr.oe66 (.text:EDMA3_RM_delete)
                  864f5520    00000160     sysbios.ae66 : BIOS.obj (.text:ti_sysbios_knl_Swi_post__E)
                  864f5680    00000160     app_pe66.oe66 (.text:ti_uia_loggers_LoggerStopMode_write4__E)
                  864f57e0    00000140     edma3_lld_drv.ae66 : edma3_drv_init.oe66 (.text:EDMA3_DRV_delete)
                  864f5920    00000140     boot.ae66 : autoinit.oe66 (.text:_auto_init_elf)
                  864f5a60    00000140     rts6600_elf.lib : _printfi.obj (.text:_pproc_fflags)
                  864f5ba0    00000140                     : lowlev.obj (.text:getdevice)
                  864f5ce0    00000140     sysbios.ae66 : BIOS.obj (.text:ti_sysbios_family_c64p_Hwi_Module_startup__E)
                  864f5e20    00000140                  : BIOS.obj (.text:ti_sysbios_family_c66_Cache_startup__I)
                  864f5f60    00000140                  : BIOS.obj (.text:ti_sysbios_knl_Semaphore_Instance_init__E)
                  864f60a0    00000140                  : BIOS.obj (.text:ti_sysbios_knl_Task_blockI__E)
                  864f61e0    00000140     ti.uia.loggers.ae66 : LoggerStopMode.oe66 (.text:ti_uia_loggers_LoggerStopMode_initQueueDescriptor__E)
                  864f6320    00000140     app_pe66.oe66 (.text:ti_uia_loggers_LoggerStopMode_write0__E)
                  864f6460    00000140     app_pe66.oe66 (.text:ti_uia_loggers_LoggerStopMode_write1__E)
                  864f65a0    00000140     app_pe66.oe66 (.text:ti_uia_loggers_LoggerStopMode_write2__E)
                  864f66e0    00000140     ti.targets.rts6000.ae66 : Text.oe66 (.text:xdc_runtime_Text_putLab__E)
                  864f6820    00000120     edma3_lld_drv.ae66 : edma3_drv_init.oe66 (.text:EDMA3_DRV_close)
                  864f6940    00000120     rts6600_elf.lib : fclose.obj (.text:_closefile)
                  864f6a60    00000120                     : _printfi.obj (.text:_ltostr)
                  864f6b80    00000120                     : fseek.obj (.text:fseek)
                  864f6ca0    00000120     ti.uia.loggers.ae66 : LoggerStopMode.oe66 (.text:ti_uia_loggers_LoggerStopMode_Module_startup__E)
                  864f6dc0    00000120     ti.uia.runtime.ae66 : QueueDescriptor.oe66 (.text:ti_uia_runtime_QueueDescriptor_addToList__E)
                  864f6ee0    00000120     ti.targets.rts6000.ae66 : LoggerBuf.oe66 (.text:xdc_runtime_LoggerBuf_setFilterLevel__E)
                  864f7000    00000120                             : Text.oe66 (.text:xdc_runtime_Text_putMod__E)
                  864f7120    00000100     rts6600_elf.lib : trgdrv.obj (.text:HOSTlseek)
                  864f7220    00000100                     : _io_perm.obj (.text:_wrt_ok)
                  864f7320    00000100                     : fprintf.obj (.text:fprintf)
                  864f7420    00000100     sysbios.ae66 : BIOS.obj (.text:ti_sysbios_knl_Mailbox_pend__E)
                  864f7520    00000100                  : BIOS.obj (.text:ti_sysbios_knl_Mailbox_post__E)
                  864f7620    00000100                  : BIOS.obj (.text:ti_sysbios_knl_Swi_restoreHwi__E)
                  864f7720    00000100                  : BIOS.obj (.text:ti_sysbios_knl_Swi_schedule__I)
                  864f7820    00000100                  : BIOS.obj (.text:ti_sysbios_knl_Task_unblockI__E)
                  864f7920    00000100                  : BIOS.obj (.text:ti_sysbios_timers_timer64_Timer_initDevice__I)
                  864f7a20    00000100     edma3_lld_drv_sample.ae66 : sample_c6657_int_reg.oe66 (.text:unregisterEdma3Interrupts)
                  864f7b20    00000100     ti.targets.rts6000.ae66 : Core-mem.oe66 (.text:xdc_runtime_Core_deleteObject__I)
                  864f7c20    00000100                             : LoggerBuf.oe66 (.text:xdc_runtime_LoggerBuf_getFilterLevel__E)
                  864f7d20    00000100                             : Startup.oe66 (.text:xdc_runtime_Startup_exec__E)
                  864f7e20    00000100                             : Text.oe66 (.text:xdc_runtime_Text_visitRope2__I)
                  864f7f20    000000e0     rts6600_elf.lib : trgdrv.obj (.text:HOSTopen)
                  864f8000    000000e0                     : trgdrv.obj (.text:HOSTread)
                  864f80e0    000000e0                     : divi.obj (.text:__divi)
                  864f81c0    000000e0                     : _printfi.obj (.text:_div)
                  864f82a0    000000e0                     : atoi.obj (.text:atoi)
                  864f8380    000000e0                     : lowlev.obj (.text:close)
                  864f8460    000000e0                     : copy_zero_init.obj (.text:decompress:ZI:__TI_zero_init)
                  864f8540    000000e0     edma3_lld_rm.ae66 : edma3resmgr.oe66 (.text:edma3MemCpy)
                  864f8620    000000e0     edma3_lld_drv_sample.ae66 : sample_cs.oe66 (.text:edma3OsProtectEntry)
                  864f8700    000000e0     rts6600_elf.lib : fflush.obj (.text:fflush)
                  864f87e0    000000e0                     : ltoa.obj (.text:ltoa)
                  864f88c0    000000e0                     : memset.obj (.text:memset)
                  864f89a0    000000e0     sysbios.ae66 : BIOS.obj (.text:ti_sysbios_knl_Mailbox_Instance_finalize__E)
                  864f8a80    000000e0                  : BIOS.obj (.text:ti_sysbios_knl_Mailbox_Module_startup__E)
                  864f8b60    000000e0                  : BIOS.obj (.text:ti_sysbios_knl_Swi_runLoop__I)
                  864f8c40    000000e0                  : BIOS.obj (.text:ti_sysbios_knl_Swi_startup__E)
                  864f8d20    000000e0                  : BIOS.obj (.text:ti_sysbios_timers_timer64_Timer_startup__E)
                  864f8e00    000000e0     ti.targets.rts6000.ae66 : Error.oe66 (.text:xdc_runtime_Error_print__E)
                  864f8ee0    000000e0                             : Memory.oe66 (.text:xdc_runtime_Memory_alloc__E)
                  864f8fc0    000000c0     rts6600_elf.lib : trgdrv.obj (.text:HOSTunlink)
                  864f9080    000000c0                     : trgdrv.obj (.text:HOSTwrite)
                  864f9140    000000c0                     : divu.obj (.text:__divu)
                  864f9200    000000c0                     : remi.obj (.text:__remi)
                  864f92c0    000000c0                     : fflush.obj (.text:_doflush)
                  864f9380    000000c0     edma3_lld_drv_sample.ae66 : sample_cs.oe66 (.text:edma3OsProtectExit)
                  864f9440    000000c0     rts6600_elf.lib : exit.obj (.text:exit)
                  864f9500    000000c0     sysbios.ae66 : BIOS.obj (.text:ti_sysbios_heaps_HeapMem_getStats__E)
                  864f95c0    000000c0                  : BIOS.obj (.text:ti_sysbios_knl_Clock_logTick__E)
                  864f9680    000000c0     app_pe66.oe66 (.text:ti_sysbios_knl_Mailbox_create)
                  864f9740    000000c0     sysbios.ae66 : BIOS.obj (.text:ti_sysbios_knl_Task_allBlockedFunction__I)
                  864f9800    000000c0     app_pe66.oe66 (.text:ti_sysbios_knl_Task_create)
                  864f98c0    000000c0     sysbios.ae66 : BIOS.obj (.text:ti_sysbios_timers_timer64_Timer_stop__E)
                  864f9980    000000c0                  : BIOS.obj (.text:ti_sysbios_utils_Load_logCPULoad__I)
                  864f9a40    000000c0     ti.uia.loggers.ae66 : LoggerStopMode.oe66 (.text:ti_uia_loggers_LoggerStopMode_flush__E)
                  864f9b00    000000c0     ti.targets.rts6000.ae66 : Error.oe66 (.text:xdc_runtime_Error_setX__E)
                  864f9bc0    000000c0                             : LoggerBuf.oe66 (.text:xdc_runtime_LoggerBuf_Instance_init__E)
                  864f9c80    000000c0     app_pe66.oe66 (.text:xdc_runtime_LoggerBuf_Object__create__S)
                  864f9d40    000000c0     ti.targets.rts6000.ae66 : System.oe66 (.text:xdc_runtime_System_formatNum__I)
                  864f9e00    000000a0     rts6600_elf.lib : trgdrv.obj (.text:HOSTclose)
                  864f9ea0    000000a0                     : remu.obj (.text:__remu)
                  864f9f40    000000a0     boot.ae66 : boot.oe66 (.text:_c_int00)
                  864f9fe0    000000a0     rts6600_elf.lib : fopen.obj (.text:_cleanup)
                  864fa080    000000a0                     : _printfi.obj (.text:_ecpy)
                  864fa120    000000a0                     : _printfi.obj (.text:_fcpy)
                  864fa1c0    000000a0                     : _printfi.obj (.text:_pconv_f)
                  864fa260    000000a0                     : lowlev.obj (.text:finddevice)
                  864fa300    000000a0                     : lowlev.obj (.text:lseek)
                  864fa3a0    000000a0                     : memcpy64.obj (.text:memcpy)
                  864fa440    000000a0     sample_c6657_cfg.obj (.text)
                  864fa4e0    000000a0     sysbios.ae66 : BIOS.obj (.text:ti_sysbios_family_c64p_Exception_Module_startup__E)
                  864fa580    000000a0                  : BIOS.obj (.text:ti_sysbios_family_c66_tci66xx_CpIntc_mapSysIntToHostInt__E)
                  864fa620    000000a0                  : BIOS.obj (.text:ti_sysbios_heaps_HeapMem_init__I)
                  864fa6c0    000000a0     rts6600_elf.lib : lowlev.obj (.text:write)
                  864fa760    000000a0     ti.targets.rts6000.ae66 : Assert.oe66 (.text:xdc_runtime_Assert_raise__I)
                  864fa800    000000a0                             : LoggerBuf.oe66 (.text:xdc_runtime_LoggerBuf_Module_startup__E)
                  864fa8a0    000000a0                             : Text.oe66 (.text:xdc_runtime_Text_xprintf__I)
                  864fa940    00000080     rts6600_elf.lib : llshift.obj (.text:__c6xabi_llshl)
                  864fa9c0    00000080     sysbios.ae66 : c62_TaskSupport_asm.obj (.text:_ti_sysbios_family_c62_TaskSupport_swap__E)
                  864faa40    00000080     edma3_lld_rm.ae66 : edma3resmgr.oe66 (.text:edma3MemZero)
                  864faac0    00000080     app_pe66.oe66 (.text:malloc)
                  864fab40    00000080     rts6600_elf.lib : trgmsg.obj (.text:readmsg)
                  864fabc0    00000080     sysbios.ae66 : BIOS.obj (.text:ti_sysbios_family_c64p_Hwi_dispatchC__I)
                  864fac40    00000080                  : BIOS.obj (.text:ti_sysbios_family_c64p_Hwi_getStackInfo__E)
                  864facc0    00000080                  : BIOS.obj (.text:ti_sysbios_family_c66_tci66xx_CpIntc_getEventId__E)
                  864fad40    00000080                  : BIOS.obj (.text:ti_sysbios_hal_Hwi_checkStack)
                  864fadc0    00000080                  : BIOS.obj (.text:ti_sysbios_hal_Hwi_initStack)
                  864fae40    00000080                  : BIOS.obj (.text:ti_sysbios_knl_Idle_run__E)
                  864faec0    00000080     app_pe66.oe66 (.text:ti_sysbios_knl_Semaphore_create)
                  864faf40    00000080     sysbios.ae66 : BIOS.obj (.text:ti_sysbios_knl_Task_enable__E)
                  864fafc0    00000080     rts6600_elf.lib : lowlev.obj (.text:unlink)
                  864fb040    00000080     ti.targets.rts6000.ae66 : Core-label.oe66 (.text:xdc_runtime_Core_assignLabel__I)
                  864fb0c0    00000080                             : Core-params.oe66 (.text:xdc_runtime_Core_assignParams__I)
                  864fb140    00000080                             : LoggerBuf.oe66 (.text:xdc_runtime_LoggerBuf_filterOutEvent__I)
                  864fb1c0    00000080                             : System.oe66 (.text:xdc_runtime_System_atexit__E)
                  864fb240    00000080                             : System.oe66 (.text:xdc_runtime_System_processAtExit__E)
                  864fb2c0    00000080                             : System.oe66 (.text:xdc_runtime_System_putchar__I)
                  864fb340    00000080                             : Text.oe66 (.text:xdc_runtime_Text_printVisFxn__I)
                  864fb3c0    00000060     rts6600_elf.lib : assert.obj (.text:__c6xabi_abort_msg)
                  864fb420    00000060                     : frcmpyd_div.obj (.text:__c6xabi_frcmpyd_div)
                  864fb480    00000060                     : llshift.obj (.text:__c6xabi_llshru)
                  864fb4e0    00000060                     : imath64.obj (.text:_subcull)
                  864fb540    00000060     sysbios.ae66 : c64p_Hwi_asm_switch.obj (.text:_ti_sysbios_family_c64p_Hwi_switchAndDispatch__I)
                  864fb5a0    00000060                  : c64p_Hwi_asm_switch.obj (.text:_ti_sysbios_family_xxx_Hwi_switchAndRunFunc)
                  864fb600    00000060     edma3_lld_drv_sample.ae66 : sample_cs.oe66 (.text:edma3OsSemCreate)
                  864fb660    00000060                               : sample_cs.oe66 (.text:edma3OsSemTake)
                  864fb6c0    00000060     rts6600_elf.lib : memccpy.obj (.text:memccpy)
                  864fb720    00000060     app_pe66.oe66 (.text:ti_sysbios_BIOS_atExitFunc__I)
                  864fb780    00000060     app_pe66.oe66 (.text:ti_sysbios_BIOS_errorRaiseHook__I)
                  864fb7e0    00000060     app_pe66.oe66 (.text:ti_sysbios_BIOS_registerRTSLock__I)
                  864fb840    00000060     app_pe66.oe66 (.text:ti_sysbios_BIOS_removeRTSLock__I)
                  864fb8a0    00000060     app_pe66.oe66 (.text:ti_sysbios_BIOS_rtsUnlock__I)
                  864fb900    00000060     sysbios.ae66 : BIOS.obj (.text:ti_sysbios_family_c62_TaskSupport_start__E)
                  864fb960    00000060                  : BIOS.obj (.text:ti_sysbios_family_c64p_EventCombiner_Module_startup__E)
                  864fb9c0    00000060     app_pe66.oe66 (.text:ti_sysbios_gates_GateHwi_Object__create__S)
                  864fba20    00000060     app_pe66.oe66 (.text:ti_sysbios_gates_GateMutex_Object__create__S)
                  864fba80    00000060     app_pe66.oe66 (.text:ti_sysbios_heaps_HeapMem_Object__create__S)
                  864fbae0    00000060     sysbios.ae66 : BIOS.obj (.text:ti_sysbios_knl_Clock_Module_startup__E)
                  864fbb40    00000060     app_pe66.oe66 (.text:ti_sysbios_knl_Clock_doTick__I)
                  864fbba0    00000060     sysbios.ae66 : BIOS.obj (.text:ti_sysbios_knl_Mailbox_postInit__I)
                  864fbc00    00000060     app_pe66.oe66 (.text:ti_sysbios_knl_Queue_construct)
                  864fbc60    00000060     app_pe66.oe66 (.text:ti_sysbios_knl_Queue_create)
                  864fbcc0    00000060     app_pe66.oe66 (.text:ti_sysbios_knl_Semaphore_construct)
                  864fbd20    00000060     sysbios.ae66 : BIOS.obj (.text:ti_sysbios_knl_Semaphore_pendTimeout__I)
                  864fbd80    00000060                  : BIOS.obj (.text:ti_sysbios_knl_Swi_Module_startup__E)
                  864fbde0    00000060                  : BIOS.obj (.text:ti_sysbios_knl_Task_enter__I)
                  864fbe40    00000060                  : BIOS.obj (.text:ti_sysbios_knl_Task_processVitalTaskFlag__I)
                  864fbea0    00000060                  : BIOS.obj (.text:ti_sysbios_utils_Load_updateCurrentThreadTime__E)
                  864fbf00    00000060     ti.uia.loggers.ae66 : LoggerStopMode.oe66 (.text:ti_uia_loggers_LoggerStopMode_Instance_init__E)
                  864fbf60    00000060     app_pe66.oe66 (.text:ti_uia_loggers_LoggerStopMode_Object__create__S)
                  864fbfc0    00000060     ti.uia.loggers.ae66 : LoggerStopMode.oe66 (.text:ti_uia_loggers_LoggerStopMode_initBuffer__I)
                  864fc020    00000060                         : LoggerStopMode.oe66 (.text:ti_uia_loggers_LoggerStopMode_reset__E)
                  864fc080    00000060     rts6600_elf.lib : trgmsg.obj (.text:writemsg)
                  864fc0e0    00000060     ti.targets.rts6000.ae66 : Memory.oe66 (.text:xdc_runtime_Memory_calloc__E)
                  864fc140    00000060                             : SysMin.oe66 (.text:xdc_runtime_SysMin_Module_startup__E)
                  864fc1a0    00000060                             : SysStd.oe66 (.text:xdc_runtime_SysStd_abort__E)
                  864fc200    00000060                             : System.oe66 (.text:xdc_runtime_System_avprintf__E)
                  864fc260    00000060                             : System.oe66 (.text:xdc_runtime_System_vprintf__E)
                  864fc2c0    00000060                             : Text.oe66 (.text:xdc_runtime_Text_cordText__E)
                  864fc320    00000040     rts6600_elf.lib : isinf.obj (.text:__c6xabi_isinf)
                  864fc360    00000040                     : _printfi.obj (.text:__c6xabi_isnan)
                  864fc3a0    00000040                     : args_main.obj (.text:_args_main)
                  864fc3e0    00000040     sysbios.ae66 : c62_TaskSupport_asm.obj (.text:_ti_sysbios_family_c62_TaskSupport_buildTaskStack)
                  864fc420    00000040     edma3_lld_drv_sample.ae66 : sample_cs.oe66 (.text:edma3OsSemGive)
                  864fc460    00000040     app_pe66.oe66 (.text:free)
                  864fc4a0    00000040     edma3_lld_rm.ae66 : edma3resmgr.oe66 (.text:lisrEdma3CCErrHandler0)
                  864fc4e0    00000040                       : edma3resmgr.oe66 (.text:lisrEdma3ComplHandler0)
                  864fc520    00000040                       : edma3resmgr.oe66 (.text:lisrEdma3TC0ErrHandler0)
                  864fc560    00000040                       : edma3resmgr.oe66 (.text:lisrEdma3TC1ErrHandler0)
                  864fc5a0    00000040                       : edma3resmgr.oe66 (.text:lisrEdma3TC2ErrHandler0)
                  864fc5e0    00000040                       : edma3resmgr.oe66 (.text:lisrEdma3TC3ErrHandler0)
                  864fc620    00000040                       : edma3resmgr.oe66 (.text:lisrEdma3TC4ErrHandler0)
                  864fc660    00000040                       : edma3resmgr.oe66 (.text:lisrEdma3TC5ErrHandler0)
                  864fc6a0    00000040                       : edma3resmgr.oe66 (.text:lisrEdma3TC6ErrHandler0)
                  864fc6e0    00000040                       : edma3resmgr.oe66 (.text:lisrEdma3TC7ErrHandler0)
                  864fc720    00000040     app_pe66.oe66 (.text:ti_sysbios_BIOS_exitFunc__I)
                  864fc760    00000040     app_pe66.oe66 (.text:ti_sysbios_BIOS_rtsLock__I)
                  864fc7a0    00000040     app_pe66.oe66 (.text:ti_sysbios_BIOS_startFunc__I)
                  864fc7e0    00000040     sysbios.ae66 : BIOS.obj (.text:ti_sysbios_family_c64p_EventCombiner_disableEvent__E)
                  864fc820    00000040                  : BIOS.obj (.text:ti_sysbios_family_c64p_EventCombiner_enableEvent__E)
                  864fc860    00000040                  : BIOS.obj (.text:ti_sysbios_family_c64p_EventCombiner_unused__E)
                  864fc8a0    00000040     app_pe66.oe66 (.text:ti_sysbios_family_c64p_Hwi_Module__startupDone__F)
                  864fc8e0    00000040     sysbios.ae66 : BIOS.obj (.text:ti_sysbios_family_c64p_Hwi_disableInterrupt__E)
                  864fc920    00000040                  : BIOS.obj (.text:ti_sysbios_family_c64p_Hwi_enableInterrupt__E)
                  864fc960    00000040                  : BIOS.obj (.text:ti_sysbios_family_c66_tci66xx_CpIntc_dispatchPlug__E)
                  864fc9a0    00000040                  : BIOS.obj (.text:ti_sysbios_family_c66_tci66xx_CpIntc_enableAllHostInts__E)
                  864fc9e0    00000040                  : BIOS.obj (.text:ti_sysbios_family_c66_tci66xx_CpIntc_unused__E)
                  864fca20    00000040     app_pe66.oe66 (.text:ti_sysbios_gates_GateHwi_Handle__label__S)
                  864fca60    00000040     app_pe66.oe66 (.text:ti_sysbios_gates_GateHwi_Object__delete__S)
                  864fcaa0    00000040     app_pe66.oe66 (.text:ti_sysbios_gates_GateMutex_Handle__label__S)
                  864fcae0    00000040     sysbios.ae66 : BIOS.obj (.text:ti_sysbios_gates_GateMutex_Instance_init__E)
                  864fcb20    00000040     app_pe66.oe66 (.text:ti_sysbios_gates_GateMutex_Object__delete__S)
                  864fcb60    00000040     sysbios.ae66 : BIOS.obj (.text:ti_sysbios_gates_GateMutex_leave__E)
                  864fcba0    00000040     app_pe66.oe66 (.text:ti_sysbios_heaps_HeapMem_Handle__label__S)
                  864fcbe0    00000040     app_pe66.oe66 (.text:ti_sysbios_heaps_HeapMem_Object__delete__S)
                  864fcc20    00000040     app_pe66.oe66 (.text:ti_sysbios_heaps_HeapMem_Object__get__S)
                  864fcc60    00000040     app_pe66.oe66 (.text:ti_sysbios_knl_Mailbox_Object__delete__S)
                  864fcca0    00000040     app_pe66.oe66 (.text:ti_sysbios_knl_Queue_Object__delete__S)
                  864fcce0    00000040     app_pe66.oe66 (.text:ti_sysbios_knl_Queue_Object__destruct__S)
                  864fcd20    00000040     app_pe66.oe66 (.text:ti_sysbios_knl_Semaphore_Object__destruct__S)
                  864fcd60    00000040     app_pe66.oe66 (.text:ti_sysbios_knl_Swi_Object__get__S)
                  864fcda0    00000040     app_pe66.oe66 (.text:ti_sysbios_knl_Task_Object__delete__S)
                  864fcde0    00000040     app_pe66.oe66 (.text:ti_sysbios_knl_Task_Object__get__S)
                  864fce20    00000040     sysbios.ae66 : BIOS.obj (.text:ti_sysbios_knl_Task_sleepTimeout__I)
                  864fce60    00000040     app_pe66.oe66 (.text:ti_sysbios_timers_timer64_Timer_Module__startupDone__F)
                  864fcea0    00000040     app_pe66.oe66 (.text:ti_uia_loggers_LoggerStopMode_Handle__label__S)
                  864fcee0    00000040     app_pe66.oe66 (.text:ti_uia_loggers_LoggerStopMode_Object__delete__S)
                  864fcf20    00000040     app_pe66.oe66 (.text:ti_uia_loggers_LoggerStopMode_Object__get__S)
                  864fcf60    00000040     ti.uia.loggers.ae66 : LoggerStopMode.oe66 (.text:ti_uia_loggers_LoggerStopMode_disable__E)
                  864fcfa0    00000040                         : LoggerStopMode.oe66 (.text:ti_uia_loggers_LoggerStopMode_enable__E)
                  864fcfe0    00000040     ti.targets.rts6000.ae66 : Error.oe66 (.text:xdc_runtime_Error_check__E)
                  864fd020    00000040                             : Error.oe66 (.text:xdc_runtime_Error_init__E)
                  864fd060    00000040                             : Error.oe66 (.text:xdc_runtime_Error_raiseX__E)
                  864fd0a0    00000040                             : Gate.oe66 (.text:xdc_runtime_Gate_leaveSystem__E)
                  864fd0e0    00000040     app_pe66.oe66 (.text:xdc_runtime_LoggerBuf_Handle__label__S)
                  864fd120    00000040     ti.targets.rts6000.ae66 : LoggerBuf.oe66 (.text:xdc_runtime_LoggerBuf_Instance_finalize__E)
                  864fd160    00000040     app_pe66.oe66 (.text:xdc_runtime_LoggerBuf_Object__delete__S)
                  864fd1a0    00000040     app_pe66.oe66 (.text:xdc_runtime_LoggerBuf_Object__get__S)
                  864fd1e0    00000040     ti.targets.rts6000.ae66 : LoggerBuf.oe66 (.text:xdc_runtime_LoggerBuf_write0__E)
                  864fd220    00000040                             : LoggerBuf.oe66 (.text:xdc_runtime_LoggerBuf_write1__E)
                  864fd260    00000040                             : LoggerBuf.oe66 (.text:xdc_runtime_LoggerBuf_write2__E)
                  864fd2a0    00000040                             : Memory.oe66 (.text:xdc_runtime_Memory_free__E)
                  864fd2e0    00000040                             : Registry.oe66 (.text:xdc_runtime_Registry_findById__E)
                  864fd320    00000040                             : System.oe66 (.text:xdc_runtime_System_abort__E)
                  864fd360    00000040     app_pe66.oe66 (.text:xdc_runtime_System_aprintf__E)
                  864fd3a0    00000040     ti.targets.rts6000.ae66 : System.oe66 (.text:xdc_runtime_System_exit__E)
                  864fd3e0    00000040     app_pe66.oe66 (.text:xdc_runtime_System_printf__E)
                  864fd420    00000040     ti.targets.rts6000.ae66 : Text.oe66 (.text:xdc_runtime_Text_ropeText__E)
                  864fd460    00000020     rts6600_elf.lib : negll.obj (.text:__c6xabi_negll)
                  864fd480    00000020     ti.targets.rts6000.ae66 : xdc_noinit.oe66 (.text:__xdc__init)
                  864fd4a0    00000020     rts6600_elf.lib : _lock.obj (.text:_nop)
                  864fd4c0    00000020                     : fprintf.obj (.text:_outc)
                  864fd4e0    00000020                     : fprintf.obj (.text:_outs)
                  864fd500    00000020                     : _lock.obj (.text:_register_lock)
                  864fd520    00000020                     : _lock.obj (.text:_register_unlock)
                  864fd540    00000020     sysbios.ae66 : c62_TaskSupport_asm.obj (.text:_ti_sysbios_family_c62_TaskSupport_glue)
                  864fd560    00000020     rts6600_elf.lib : exit.obj (.text:abort)
                  864fd580    00000020                     : copy_decompress_none.obj (.text:decompress:none:__TI_decompress_none)
                  864fd5a0    00000020                     : copy_decompress_rle.obj (.text:decompress:rle24:__TI_decompress_rle24)
                  864fd5c0    00000020                     : fputc.obj (.text:putc)
                  864fd5e0    00000020                     : fputc.obj (.text:putchar)
                  864fd600    00000020     app_pe66.oe66 (.text:ti_sysbios_BIOS_RtsGateProxy_enter__E)
                  864fd620    00000020     app_pe66.oe66 (.text:ti_sysbios_BIOS_RtsGateProxy_leave__E)
                  864fd640    00000020     sysbios.ae66 : BIOS.obj (.text:ti_sysbios_BIOS_exit__E)
                  864fd660    00000020                  : BIOS.obj (.text:ti_sysbios_BIOS_getCpuFreq__E)
                  864fd680    00000020     app_pe66.oe66 (.text:ti_sysbios_BIOS_nullFunc__I)
                  864fd6a0    00000020     sysbios.ae66 : BIOS.obj (.text:ti_sysbios_BIOS_setThreadType__E)
                  864fd6c0    00000020                  : BIOS.obj (.text:ti_sysbios_BIOS_start__E)
                  864fd6e0    00000020     app_pe66.oe66 (.text:ti_sysbios_family_c62_TaskSupport_Module__startupDone__S)
                  864fd700    00000020     sysbios.ae66 : BIOS.obj (.text:ti_sysbios_family_c62_TaskSupport_checkStack__E)
                  864fd720    00000020                  : BIOS.obj (.text:ti_sysbios_family_c62_TaskSupport_getStackAlignment__E)
                  864fd740    00000020                  : BIOS.obj (.text:ti_sysbios_family_c64p_Hwi_clearInterrupt__E)
                  864fd760    00000020                  : BIOS.obj (.text:ti_sysbios_family_c64p_Hwi_startup__E)
                  864fd780    00000020                  : BIOS.obj (.text:ti_sysbios_family_c64p_Hwi_switchFromBootStack__E)
                  864fd7a0    00000020                  : BIOS.obj (.text:ti_sysbios_family_c64p_TimestampProvider_Module_startup__E)
                  864fd7c0    00000020                  : BIOS.obj (.text:ti_sysbios_family_c64p_TimestampProvider_get32__E)
                  864fd7e0    00000020                  : BIOS.obj (.text:ti_sysbios_family_c64p_TimestampProvider_get64__E)
                  864fd800    00000020                  : BIOS.obj (.text:ti_sysbios_family_c64p_tci6488_TimerSupport_enable__E)
                  864fd820    00000020                  : BIOS.obj (.text:ti_sysbios_family_c66_Cache_inv__E)
                  864fd840    00000020                  : BIOS.obj (.text:ti_sysbios_family_c66_Cache_wait__E)
                  864fd860    00000020                  : BIOS.obj (.text:ti_sysbios_family_c66_Cache_wb__E)
                  864fd880    00000020                  : BIOS.obj (.text:ti_sysbios_family_c66_tci66xx_CpIntc_disableHostInt__E)
                  864fd8a0    00000020                  : BIOS.obj (.text:ti_sysbios_family_c66_tci66xx_CpIntc_enableHostInt__E)
                  864fd8c0    00000020                  : BIOS.obj (.text:ti_sysbios_gates_GateHwi_Instance_init__E)
                  864fd8e0    00000020                  : BIOS.obj (.text:ti_sysbios_gates_GateHwi_enter__E)
                  864fd900    00000020                  : BIOS.obj (.text:ti_sysbios_gates_GateHwi_leave__E)
                  864fd920    00000020                  : BIOS.obj (.text:ti_sysbios_gates_GateHwi_query__E)
                  864fd940    00000020                  : BIOS.obj (.text:ti_sysbios_gates_GateMutex_Instance_finalize__E)
                  864fd960    00000020                  : BIOS.obj (.text:ti_sysbios_gates_GateMutex_query__E)
                  864fd980    00000020     app_pe66.oe66 (.text:ti_sysbios_hal_Hwi_HwiProxy_Module__startupDone__S)
                  864fd9a0    00000020     sysbios.ae66 : BIOS.obj (.text:ti_sysbios_hal_Hwi_Module_startup__E)
                  864fd9c0    00000020     app_pe66.oe66 (.text:ti_sysbios_heaps_HeapMem_Module_GateProxy_enter__E)
                  864fd9e0    00000020     app_pe66.oe66 (.text:ti_sysbios_heaps_HeapMem_Module_GateProxy_leave__E)
                  864fda00    00000020     sysbios.ae66 : BIOS.obj (.text:ti_sysbios_heaps_HeapMem_isBlocking__E)
                  864fda20    00000020     app_pe66.oe66 (.text:ti_sysbios_knl_Clock_TimerProxy_Module__startupDone__S)
                  864fda40    00000020     app_pe66.oe66 (.text:ti_sysbios_knl_Clock_TimerProxy_getMaxTicks__E)
                  864fda60    00000020     sysbios.ae66 : BIOS.obj (.text:ti_sysbios_knl_Idle_loop__E)
                  864fda80    00000020     app_pe66.oe66 (.text:ti_sysbios_knl_Mailbox_Object__get__S)
                  864fdaa0    00000020     app_pe66.oe66 (.text:ti_sysbios_knl_Mailbox_Params__init__S)
                  864fdac0    00000020     app_pe66.oe66 (.text:ti_sysbios_knl_Mailbox_delete)
                  864fdae0    00000020     sysbios.ae66 : BIOS.obj (.text:ti_sysbios_knl_Queue_Instance_init__E)
                  864fdb00    00000020     app_pe66.oe66 (.text:ti_sysbios_knl_Queue_Object__get__S)
                  864fdb20    00000020     app_pe66.oe66 (.text:ti_sysbios_knl_Queue_delete)
                  864fdb40    00000020     sysbios.ae66 : BIOS.obj (.text:ti_sysbios_knl_Queue_dequeue__E)
                  864fdb60    00000020     app_pe66.oe66 (.text:ti_sysbios_knl_Queue_destruct)
                  864fdb80    00000020     sysbios.ae66 : BIOS.obj (.text:ti_sysbios_knl_Queue_empty__E)
                  864fdba0    00000020                  : BIOS.obj (.text:ti_sysbios_knl_Queue_enqueue__E)
                  864fdbc0    00000020                  : BIOS.obj (.text:ti_sysbios_knl_Semaphore_Instance_finalize__E)
                  864fdbe0    00000020     app_pe66.oe66 (.text:ti_sysbios_knl_Semaphore_Params__init__S)
                  864fdc00    00000020     edma3_lld_drv_sample.ae66 : sample_init.oe66 (.text:ti_sysbios_knl_Semaphore_Params_init)
                  864fdc20    00000020     app_pe66.oe66 (.text:ti_sysbios_knl_Semaphore_destruct)
                  864fdc40    00000020     sysbios.ae66 : BIOS.obj (.text:ti_sysbios_knl_Swi_disable__E)
                  864fdc60    00000020     app_pe66.oe66 (.text:ti_sysbios_knl_Task_Params__init__S)
                  864fdc80    00000020     app_pe66.oe66 (.text:ti_sysbios_knl_Task_SupportProxy_Module__startupDone__S)
                  864fdca0    00000020     app_pe66.oe66 (.text:ti_sysbios_knl_Task_delete)
                  864fdcc0    00000020     sysbios.ae66 : BIOS.obj (.text:ti_sysbios_knl_Task_disable__E)
                  864fdce0    00000020                  : BIOS.obj (.text:ti_sysbios_knl_Task_startup__E)
                  864fdd00    00000020                  : BIOS.obj (.text:ti_sysbios_timers_timer64_Timer_getMaxTicks__E)
                  864fdd20    00000020     ti.uia.loggers.ae66 : LoggerStopMode.oe66 (.text:ti_uia_loggers_LoggerStopMode_getContents__E)
                  864fdd40    00000020     app_pe66.oe66 (.text:ti_uia_loggers_LoggerStopMode_getFilterLevel__E)
                  864fdd60    00000020     ti.uia.loggers.ae66 : LoggerStopMode.oe66 (.text:ti_uia_loggers_LoggerStopMode_getInstanceId__E)
                  864fdd80    00000020                         : LoggerStopMode.oe66 (.text:ti_uia_loggers_LoggerStopMode_getMaxLength__E)
                  864fdda0    00000020                         : LoggerStopMode.oe66 (.text:ti_uia_loggers_LoggerStopMode_getPriority__E)
                  864fddc0    00000020                         : LoggerStopMode.oe66 (.text:ti_uia_loggers_LoggerStopMode_getTransferType__E)
                  864fdde0    00000020                         : LoggerStopMode.oe66 (.text:ti_uia_loggers_LoggerStopMode_isEmpty__E)
                  864fde00    00000020     app_pe66.oe66 (.text:ti_uia_loggers_LoggerStopMode_setFilterLevel__E)
                  864fde20    00000020     ti.uia.loggers.ae66 : LoggerStopMode.oe66 (.text:ti_uia_loggers_LoggerStopMode_setPriority__E)
                  864fde40    00000020     ti.targets.rts6000.ae66 : Gate.oe66 (.text:xdc_runtime_Gate_enterSystem__E)
                  864fde60    00000020     app_pe66.oe66 (.text:xdc_runtime_IHeap_alloc)
                  864fde80    00000020     app_pe66.oe66 (.text:xdc_runtime_IHeap_free)
                  864fdea0    00000020     app_pe66.oe66 (.text:xdc_runtime_LoggerBuf_Module_GateProxy_enter__E)
                  864fdec0    00000020     app_pe66.oe66 (.text:xdc_runtime_LoggerBuf_Module_GateProxy_leave__E)
                  864fdee0    00000020     ti.targets.rts6000.ae66 : LoggerBuf.oe66 (.text:xdc_runtime_LoggerBuf_disable__E)
                  864fdf00    00000020                             : LoggerBuf.oe66 (.text:xdc_runtime_LoggerBuf_enable__E)
                  864fdf20    00000020     app_pe66.oe66 (.text:xdc_runtime_Memory_HeapProxy_alloc__E)
                  864fdf40    00000020     app_pe66.oe66 (.text:xdc_runtime_Memory_HeapProxy_free__E)
                  864fdf60    00000020     app_pe66.oe66 (.text:xdc_runtime_Startup_exec__I)
                  864fdf80    00000020     ti.targets.rts6000.ae66 : SysStd.oe66 (.text:xdc_runtime_SysStd_exit__E)
                  864fdfa0    00000020                             : SysStd.oe66 (.text:xdc_runtime_SysStd_putch__E)
                  864fdfc0    00000020                             : SysStd.oe66 (.text:xdc_runtime_SysStd_ready__E)
                  864fdfe0    00000020     app_pe66.oe66 (.text:xdc_runtime_System_Module_GateProxy_enter__E)
                  864fe000    00000020     app_pe66.oe66 (.text:xdc_runtime_System_Module_GateProxy_leave__E)
                  864fe020    00000020     ti.targets.rts6000.ae66 : System.oe66 (.text:xdc_runtime_System_Module_startup__E)
                  864fe040    00000020                             : System.oe66 (.text:xdc_runtime_System_vsnprintf__E)
                  864fe060    00000020     app_pe66.oe66 (.text:xdc_runtime_Text_visitRope__I)

.const     0    864fe080    00003b6e     
                  864fe080    00001f8e     app_pe66.oe66 (.const:xdc_runtime_Text_charTab__A)
                  8650000e    00000002     app_pe66.oe66 (.const:ti_sysbios_family_c64p_EventCombiner_Module__id__C)
                  86500010    00000518     sysbios.ae66 : BIOS.obj (.const:.string)
                  86500528    0000046c     edma3_lld_rm.ae66 : edma3resmgr.oe66 (.const:.string)
                  86500994    00000004     ti.targets.rts6000.ae66 : Assert.oe66 (.const:.string)
                  86500998    00000400     app_pe66.oe66 (.const:ti_sysbios_family_c66_Cache_marvalues__C)
                  86500d98    000001a0     app_pe66.oe66 (.const:ti_sysbios_family_c66_tci66xx_CpIntc_sysIntToHostInt__A)
                  86500f38    00000124     app_pe66.oe66 (.const:xdc_runtime_Text_nodeTab__A)
                  8650105c    00000004     edma3_lld_rm.ae66 : edma3_rm_gbl_data.oe66 (.const)
                  86501060    00000101     rts6600_elf.lib : ctype.obj (.const:.string:_ctypes_)
                  86501161    00000003                     : assert.obj (.const:.string)
                  86501164    000000b0     edma3_lld_drv.ae66 : edma3_drv_basic.oe66 (.const:.string)
                  86501214    00000084                        : edma3_drv_init.oe66 (.const:.string)
                  86501298    00000078     main.obj (.const:.string)
                  86501310    00000060     app_pe66.oe66 (.const:ti_uia_loggers_LoggerStopMode_Module__FXNS__C)
                  86501370    00000058     ti.targets.rts6000.ae66 : Error.oe66 (.const:.string)
                  865013c8    00000048     app_pe66.oe66 (.const:.string)
                  86501410    00000040     ti.targets.rts6000.ae66 : Text.oe66 (.const:.string)
                  86501450    0000003c     app_pe66.oe66 (.const:ti_sysbios_knl_Task_Object__PARAMS__C)
                  8650148c    0000003c     app_pe66.oe66 (.const:xdc_runtime_LoggerBuf_Module__FXNS__C)
                  865014c8    0000003c     app_pe66.oe66 (.const:xdc_runtime_Startup_sfxnTab__A)
                  86501504    00000034     app_pe66.oe66 (.const:ti_sysbios_knl_Mailbox_Object__PARAMS__C)
                  86501538    00000030     app_pe66.oe66 (.const:ti_uia_loggers_LoggerStopMode_Object__PARAMS__C)
                  86501568    0000002c     ti.targets.rts6000.ae66 : Startup.oe66 (.const:.string)
                  86501594    00000028     app_pe66.oe66 (.const:ti_sysbios_heaps_HeapMem_Module__FXNS__C)
                  865015bc    00000028     app_pe66.oe66 (.const:xdc_runtime_LoggerBuf_Object__PARAMS__C)
                  865015e4    00000024     app_pe66.oe66 (.const:ti_sysbios_gates_GateHwi_Module__FXNS__C)
                  86501608    00000024     app_pe66.oe66 (.const:ti_sysbios_gates_GateMutex_Module__FXNS__C)
                  8650162c    00000024     app_pe66.oe66 (.const:ti_sysbios_heaps_HeapMem_Object__PARAMS__C)
                  86501650    00000024     app_pe66.oe66 (.const:ti_sysbios_knl_Semaphore_Object__PARAMS__C)
                  86501674    00000023     rts6600_elf.lib : _printfi.obj (.const:.string)
                  86501697    00000001     app_pe66.oe66 (.const:ti_sysbios_timers_timer64_Timer_localTimerBaseId__C)
                  86501698    00000020     app_pe66.oe66 (.const:ti_sysbios_gates_GateHwi_Object__DESC__C)
                  865016b8    00000020     app_pe66.oe66 (.const:ti_sysbios_gates_GateMutex_Object__DESC__C)
                  865016d8    00000020     app_pe66.oe66 (.const:ti_sysbios_heaps_HeapMem_Object__DESC__C)
                  865016f8    00000020     app_pe66.oe66 (.const:ti_sysbios_knl_Mailbox_Object__DESC__C)
                  86501718    00000020     app_pe66.oe66 (.const:ti_sysbios_knl_Queue_Object__DESC__C)
                  86501738    00000020     app_pe66.oe66 (.const:ti_sysbios_knl_Semaphore_Object__DESC__C)
                  86501758    00000020     app_pe66.oe66 (.const:ti_sysbios_knl_Task_Object__DESC__C)
                  86501778    00000020     app_pe66.oe66 (.const:ti_uia_loggers_LoggerStopMode_Object__DESC__C)
                  86501798    00000020     app_pe66.oe66 (.const:xdc_runtime_LoggerBuf_Object__DESC__C)
                  865017b8    0000001e     app_pe66.oe66 (.const:xdc_runtime_Startup_sfxnRts__A)
                  865017d6    00000002     app_pe66.oe66 (.const:ti_sysbios_family_c64p_Exception_Module__id__C)
                  865017d8    00000018     app_pe66.oe66 (.const:ti_sysbios_gates_GateHwi_Object__PARAMS__C)
                  865017f0    00000018     app_pe66.oe66 (.const:ti_sysbios_gates_GateMutex_Object__PARAMS__C)
                  86501808    00000018     app_pe66.oe66 (.const:ti_sysbios_knl_Queue_Object__PARAMS__C)
                  86501820    00000014     app_pe66.oe66 (.const:ti_sysbios_family_c66_tci66xx_CpIntc_eventId__A)
                  86501834    00000004     app_pe66.oe66 (.const:ti_sysbios_family_c62_TaskSupport_stackAlignment__C)
                  86501838    00000014     app_pe66.oe66 (.const:ti_sysbios_family_c66_tci66xx_CpIntc_hostIntToEventId_0__A)
                  8650184c    00000004     app_pe66.oe66 (.const:ti_sysbios_family_c64p_EventCombiner_A_invalidEventId__C)
                  86501850    00000014     app_pe66.oe66 (.const:ti_sysbios_family_c66_tci66xx_CpIntc_hostIntToEventId_1__A)
                  86501864    0000000c     app_pe66.oe66 (.const:ti_sysbios_family_c66_Cache_initSize__C)
                  86501870    00000011     ti.targets.rts6000.ae66 : System.oe66 (.const:digtohex)
                  86501881    00000001     --HOLE-- [fill = 0]
                  86501882    00000002     app_pe66.oe66 (.const:ti_sysbios_family_c64p_Exception_useInternalBuffer__C)
                  86501884    00000004     app_pe66.oe66 (.const:ti_sysbios_family_c64p_EventCombiner_E_unpluggedEvent__C)
                  86501888    00000010     app_pe66.oe66 (.const:ti_sysbios_family_c64p_EventCombiner_EVTMASK__C)
                  86501898    00000008     ti.targets.rts6000.ae66 : System.oe66 (.const:.string)
                  865018a0    00000008     app_pe66.oe66 (.const:ti_sysbios_family_c66_tci66xx_CpIntc_hostIntToEventId__A)
                  865018a8    00000008     app_pe66.oe66 (.const:ti_sysbios_knl_Idle_funcList__A)
                  865018b0    00000008     app_pe66.oe66 (.const:ti_sysbios_knl_Idle_funcList__C)
                  865018b8    00000008     app_pe66.oe66 (.const:xdc_runtime_Startup_firstFxns__A)
                  865018c0    00000008     app_pe66.oe66 (.const:xdc_runtime_Startup_firstFxns__C)
                  865018c8    00000008     app_pe66.oe66 (.const:xdc_runtime_Startup_lastFxns__C)
                  865018d0    00000004     app_pe66.oe66 (.const:ti_sysbios_family_c64p_EventCombiner_Module__diagsEnabled__C)
                  865018d4    00000004     app_pe66.oe66 (.const:ti_sysbios_family_c64p_EventCombiner_Module__diagsIncluded__C)
                  865018d8    00000004     app_pe66.oe66 (.const:ti_sysbios_family_c64p_EventCombiner_Module__diagsMask__C)
                  865018dc    00000004     app_pe66.oe66 (.const:ti_sysbios_family_c64p_Exception_E_exceptionMax__C)
                  865018e0    00000004     app_pe66.oe66 (.const:ti_sysbios_family_c64p_Exception_exceptionHook__C)
                  865018e4    00000004     app_pe66.oe66 (.const:ti_sysbios_family_c64p_Exception_externalHook__C)
                  865018e8    00000004     app_pe66.oe66 (.const:ti_sysbios_family_c64p_Exception_internalHook__C)
                  865018ec    00000004     app_pe66.oe66 (.const:ti_sysbios_family_c64p_Exception_nmiHook__C)
                  865018f0    00000004     app_pe66.oe66 (.const:ti_sysbios_family_c64p_Hwi_LD_end__C)
                  865018f4    00000004     app_pe66.oe66 (.const:ti_sysbios_family_c64p_Hwi_LM_begin__C)
                  865018f8    00000004     app_pe66.oe66 (.const:ti_sysbios_family_c64p_Hwi_Module__diagsEnabled__C)
                  865018fc    00000004     app_pe66.oe66 (.const:ti_sysbios_family_c64p_Hwi_Module__diagsIncluded__C)
                  86501900    00000004     app_pe66.oe66 (.const:ti_sysbios_family_c64p_Hwi_Module__diagsMask__C)
                  86501904    00000004     app_pe66.oe66 (.const:ti_sysbios_family_c64p_Hwi_Module__loggerFxn1__C)
                  86501908    00000004     app_pe66.oe66 (.const:ti_sysbios_family_c64p_Hwi_Module__loggerFxn8__C)
                  8650190c    00000004     app_pe66.oe66 (.const:ti_sysbios_family_c64p_Hwi_Module__loggerObj__C)
                  86501910    00000004     app_pe66.oe66 (.const:ti_sysbios_family_c66_Cache_atomicBlockSize__C)
                  86501914    00000004     app_pe66.oe66 (.const:ti_sysbios_family_c66_tci66xx_CpIntc_E_unpluggedSysInt__C)
                  86501918    00000004     app_pe66.oe66 (.const:ti_sysbios_family_c66_tci66xx_CpIntc_eventId__C)
                  8650191c    00000004     app_pe66.oe66 (.const:ti_sysbios_family_c66_tci66xx_CpIntc_hostIntToEventId__C)
                  86501920    00000004     app_pe66.oe66 (.const:ti_sysbios_family_c66_tci66xx_CpIntc_numEvents__C)
                  86501924    00000004     app_pe66.oe66 (.const:ti_sysbios_family_c66_tci66xx_CpIntc_numStatusRegs__C)
                  86501928    00000004     app_pe66.oe66 (.const:ti_sysbios_family_c66_tci66xx_CpIntc_numSysInts__C)
                  8650192c    00000004     app_pe66.oe66 (.const:ti_sysbios_family_c66_tci66xx_CpIntc_sysIntToHostInt__C)
                  86501930    00000004     app_pe66.oe66 (.const:ti_sysbios_gates_GateMutex_A_badContext__C)
                  86501934    00000004     app_pe66.oe66 (.const:ti_sysbios_gates_GateMutex_Instance_State_sem__O)
                  86501938    00000004     app_pe66.oe66 (.const:ti_sysbios_gates_GateMutex_Module__diagsEnabled__C)
                  8650193c    00000004     app_pe66.oe66 (.const:ti_sysbios_gates_GateMutex_Module__diagsIncluded__C)
                  86501940    00000004     app_pe66.oe66 (.const:ti_sysbios_gates_GateMutex_Module__diagsMask__C)
                  86501944    00000004     app_pe66.oe66 (.const:ti_sysbios_hal_Hwi_E_stackOverflow__C)
                  86501948    00000004     app_pe66.oe66 (.const:ti_sysbios_heaps_HeapMem_A_align__C)
                  8650194c    00000004     app_pe66.oe66 (.const:ti_sysbios_heaps_HeapMem_A_heapSize__C)
                  86501950    00000004     app_pe66.oe66 (.const:ti_sysbios_heaps_HeapMem_A_invalidFree__C)
                  86501954    00000004     app_pe66.oe66 (.const:ti_sysbios_heaps_HeapMem_A_zeroBlock__C)
                  86501958    00000004     app_pe66.oe66 (.const:ti_sysbios_heaps_HeapMem_E_memory__C)
                  8650195c    00000004     app_pe66.oe66 (.const:ti_sysbios_heaps_HeapMem_Module__diagsEnabled__C)
                  86501960    00000004     app_pe66.oe66 (.const:ti_sysbios_heaps_HeapMem_Module__diagsIncluded__C)
                  86501964    00000004     app_pe66.oe66 (.const:ti_sysbios_heaps_HeapMem_Module__diagsMask__C)
                  86501968    00000004     app_pe66.oe66 (.const:ti_sysbios_heaps_HeapMem_Module__gateObj__C)
                  8650196c    00000004     app_pe66.oe66 (.const:ti_sysbios_heaps_HeapMem_Object__count__C)
                  86501970    00000004     app_pe66.oe66 (.const:ti_sysbios_heaps_HeapMem_reqAlign__C)
                  86501974    00000004     app_pe66.oe66 (.const:ti_sysbios_knl_Clock_LM_begin__C)
                  86501978    00000004     app_pe66.oe66 (.const:ti_sysbios_knl_Clock_LM_tick__C)
                  8650197c    00000004     app_pe66.oe66 (.const:ti_sysbios_knl_Clock_LW_delayed__C)
                  86501980    00000004     app_pe66.oe66 (.const:ti_sysbios_knl_Clock_Module_State_clockQ__O)
                  86501984    00000004     app_pe66.oe66 (.const:ti_sysbios_knl_Clock_Module__diagsEnabled__C)
                  86501988    00000004     app_pe66.oe66 (.const:ti_sysbios_knl_Clock_Module__diagsIncluded__C)
                  8650198c    00000004     app_pe66.oe66 (.const:ti_sysbios_knl_Clock_Module__diagsMask__C)
                  86501990    00000004     app_pe66.oe66 (.const:ti_sysbios_knl_Clock_Module__loggerFxn1__C)
                  86501994    00000004     app_pe66.oe66 (.const:ti_sysbios_knl_Clock_Module__loggerFxn2__C)
                  86501998    00000004     app_pe66.oe66 (.const:ti_sysbios_knl_Clock_Module__loggerObj__C)
                  8650199c    00000004     app_pe66.oe66 (.const:ti_sysbios_knl_Mailbox_A_invalidBufSize__C)
                  865019a0    00000004     app_pe66.oe66 (.const:ti_sysbios_knl_Mailbox_Instance_State_dataQue__O)
                  865019a4    00000004     app_pe66.oe66 (.const:ti_sysbios_knl_Mailbox_Instance_State_dataSem__O)
                  865019a8    00000004     app_pe66.oe66 (.const:ti_sysbios_knl_Mailbox_Instance_State_freeQue__O)
                  865019ac    00000004     app_pe66.oe66 (.const:ti_sysbios_knl_Mailbox_Instance_State_freeSem__O)
                  865019b0    00000004     app_pe66.oe66 (.const:ti_sysbios_knl_Mailbox_Module__diagsEnabled__C)
                  865019b4    00000004     app_pe66.oe66 (.const:ti_sysbios_knl_Mailbox_Module__diagsIncluded__C)
                  865019b8    00000004     app_pe66.oe66 (.const:ti_sysbios_knl_Mailbox_Module__diagsMask__C)
                  865019bc    00000004     app_pe66.oe66 (.const:ti_sysbios_knl_Mailbox_Object__count__C)
                  865019c0    00000004     app_pe66.oe66 (.const:ti_sysbios_knl_Mailbox_maxTypeAlign__C)
                  865019c4    00000004     app_pe66.oe66 (.const:ti_sysbios_knl_Semaphore_A_badContext__C)
                  865019c8    00000004     app_pe66.oe66 (.const:ti_sysbios_knl_Semaphore_A_noEvents__C)
                  865019cc    00000004     app_pe66.oe66 (.const:ti_sysbios_knl_Semaphore_A_overflow__C)
                  865019d0    00000004     app_pe66.oe66 (.const:ti_sysbios_knl_Semaphore_A_pendTaskDisabled__C)
                  865019d4    00000004     app_pe66.oe66 (.const:ti_sysbios_knl_Semaphore_Instance_State_pendQ__O)
                  865019d8    00000004     app_pe66.oe66 (.const:ti_sysbios_knl_Semaphore_LM_pend__C)
                  865019dc    00000004     app_pe66.oe66 (.const:ti_sysbios_knl_Semaphore_LM_post__C)
                  865019e0    00000004     app_pe66.oe66 (.const:ti_sysbios_knl_Semaphore_Module__diagsEnabled__C)
                  865019e4    00000004     app_pe66.oe66 (.const:ti_sysbios_knl_Semaphore_Module__diagsIncluded__C)
                  865019e8    00000004     app_pe66.oe66 (.const:ti_sysbios_knl_Semaphore_Module__diagsMask__C)
                  865019ec    00000004     app_pe66.oe66 (.const:ti_sysbios_knl_Semaphore_Module__loggerFxn2__C)
                  865019f0    00000004     app_pe66.oe66 (.const:ti_sysbios_knl_Semaphore_Module__loggerFxn4__C)
                  865019f4    00000004     app_pe66.oe66 (.const:ti_sysbios_knl_Semaphore_Module__loggerObj__C)
                  865019f8    00000004     app_pe66.oe66 (.const:ti_sysbios_knl_Swi_LD_end__C)
                  865019fc    00000004     app_pe66.oe66 (.const:ti_sysbios_knl_Swi_LM_begin__C)
                  86501a00    00000004     app_pe66.oe66 (.const:ti_sysbios_knl_Swi_LM_post__C)
                  86501a04    00000004     app_pe66.oe66 (.const:ti_sysbios_knl_Swi_Module__diagsEnabled__C)
                  86501a08    00000004     app_pe66.oe66 (.const:ti_sysbios_knl_Swi_Module__diagsIncluded__C)
                  86501a0c    00000004     app_pe66.oe66 (.const:ti_sysbios_knl_Swi_Module__diagsMask__C)
                  86501a10    00000004     app_pe66.oe66 (.const:ti_sysbios_knl_Swi_Module__loggerFxn1__C)
                  86501a14    00000004     app_pe66.oe66 (.const:ti_sysbios_knl_Swi_Module__loggerFxn4__C)
                  86501a18    00000004     app_pe66.oe66 (.const:ti_sysbios_knl_Swi_Module__loggerObj__C)
                  86501a1c    00000004     app_pe66.oe66 (.const:ti_sysbios_knl_Swi_Object__count__C)
                  86501a20    00000004     app_pe66.oe66 (.const:ti_sysbios_knl_Task_A_badPriority__C)
                  86501a24    00000004     app_pe66.oe66 (.const:ti_sysbios_knl_Task_A_badTaskState__C)
                  86501a28    00000004     app_pe66.oe66 (.const:ti_sysbios_knl_Task_A_badThreadType__C)
                  86501a2c    00000004     app_pe66.oe66 (.const:ti_sysbios_knl_Task_A_badTimeout__C)
                  86501a30    00000004     app_pe66.oe66 (.const:ti_sysbios_knl_Task_A_noPendElem__C)
                  86501a34    00000004     app_pe66.oe66 (.const:ti_sysbios_knl_Task_A_sleepTaskDisabled__C)
                  86501a38    00000004     app_pe66.oe66 (.const:ti_sysbios_knl_Task_E_spOutOfBounds__C)
                  86501a3c    00000004     app_pe66.oe66 (.const:ti_sysbios_knl_Task_E_stackOverflow__C)
                  86501a40    00000004     app_pe66.oe66 (.const:ti_sysbios_knl_Task_LD_block__C)
                  86501a44    00000004     app_pe66.oe66 (.const:ti_sysbios_knl_Task_LD_exit__C)
                  86501a48    00000004     app_pe66.oe66 (.const:ti_sysbios_knl_Task_LD_ready__C)
                  86501a4c    00000004     app_pe66.oe66 (.const:ti_sysbios_knl_Task_LM_sleep__C)
                  86501a50    00000004     app_pe66.oe66 (.const:ti_sysbios_knl_Task_LM_switch__C)
                  86501a54    00000004     app_pe66.oe66 (.const:ti_sysbios_knl_Task_Module_State_inactiveQ__O)
                  86501a58    00000004     app_pe66.oe66 (.const:ti_sysbios_knl_Task_Module__diagsEnabled__C)
                  86501a5c    00000004     app_pe66.oe66 (.const:ti_sysbios_knl_Task_Module__diagsIncluded__C)
                  86501a60    00000004     app_pe66.oe66 (.const:ti_sysbios_knl_Task_Module__diagsMask__C)
                  86501a64    00000004     app_pe66.oe66 (.const:ti_sysbios_knl_Task_Module__loggerFxn2__C)
                  86501a68    00000004     app_pe66.oe66 (.const:ti_sysbios_knl_Task_Module__loggerFxn4__C)
                  86501a6c    00000004     app_pe66.oe66 (.const:ti_sysbios_knl_Task_Module__loggerObj__C)
                  86501a70    00000004     app_pe66.oe66 (.const:ti_sysbios_knl_Task_Object__count__C)
                  86501a74    00000004     app_pe66.oe66 (.const:ti_sysbios_knl_Task_allBlockedFunc__C)
                  86501a78    00000004     app_pe66.oe66 (.const:ti_sysbios_knl_Task_defaultStackHeap__C)
                  86501a7c    00000004     app_pe66.oe66 (.const:ti_sysbios_knl_Task_defaultStackSize__C)
                  86501a80    00000004     app_pe66.oe66 (.const:ti_sysbios_knl_Task_numConstructedTasks__C)
                  86501a84    00000004     app_pe66.oe66 (.const:ti_sysbios_timers_timer64_Timer_A_notAvailable__C)
                  86501a88    00000004     app_pe66.oe66 (.const:ti_sysbios_timers_timer64_Timer_E_cannotSupport__C)
                  86501a8c    00000004     app_pe66.oe66 (.const:ti_sysbios_timers_timer64_Timer_Module__diagsEnabled__C)
                  86501a90    00000004     app_pe66.oe66 (.const:ti_sysbios_timers_timer64_Timer_Module__diagsIncluded__C)
                  86501a94    00000004     app_pe66.oe66 (.const:ti_sysbios_timers_timer64_Timer_Module__diagsMask__C)
                  86501a98    00000004     app_pe66.oe66 (.const:ti_sysbios_timers_timer64_Timer_anyMaskHigh__C)
                  86501a9c    00000004     app_pe66.oe66 (.const:ti_sysbios_timers_timer64_Timer_anyMask__C)
                  86501aa0    00000004     app_pe66.oe66 (.const:ti_sysbios_timers_timer64_Timer_freqDivisor__C)
                  86501aa4    00000004     app_pe66.oe66 (.const:ti_sysbios_timers_timer64_Timer_numLocalTimers__C)
                  86501aa8    00000004     app_pe66.oe66 (.const:ti_sysbios_timers_timer64_Timer_numTimerDevices__C)
                  86501aac    00000004     app_pe66.oe66 (.const:ti_sysbios_utils_Load_LS_cpuLoad__C)
                  86501ab0    00000004     app_pe66.oe66 (.const:ti_sysbios_utils_Load_Module__diagsEnabled__C)
                  86501ab4    00000004     app_pe66.oe66 (.const:ti_sysbios_utils_Load_Module__diagsIncluded__C)
                  86501ab8    00000004     app_pe66.oe66 (.const:ti_sysbios_utils_Load_Module__diagsMask__C)
                  86501abc    00000004     app_pe66.oe66 (.const:ti_sysbios_utils_Load_Module__loggerFxn1__C)
                  86501ac0    00000004     app_pe66.oe66 (.const:ti_sysbios_utils_Load_Module__loggerObj__C)
                  86501ac4    00000004     app_pe66.oe66 (.const:ti_sysbios_utils_Load_postUpdate__C)
                  86501ac8    00000004     app_pe66.oe66 (.const:ti_sysbios_utils_Load_windowInMs__C)
                  86501acc    00000004     app_pe66.oe66 (.const:ti_uia_events_UIABenchmark_start__C)
                  86501ad0    00000004     app_pe66.oe66 (.const:ti_uia_events_UIABenchmark_stop__C)
                  86501ad4    00000004     app_pe66.oe66 (.const:ti_uia_loggers_LoggerStopMode_Module__diagsEnabled__C)
                  86501ad8    00000004     app_pe66.oe66 (.const:ti_uia_loggers_LoggerStopMode_Module__diagsIncluded__C)
                  86501adc    00000004     app_pe66.oe66 (.const:ti_uia_loggers_LoggerStopMode_Module__diagsMask__C)
                  86501ae0    00000004     app_pe66.oe66 (.const:ti_uia_loggers_LoggerStopMode_Object__count__C)
                  86501ae4    00000004     app_pe66.oe66 (.const:ti_uia_loggers_LoggerStopMode_numCores__C)
                  86501ae8    00000004     app_pe66.oe66 (.const:ti_uia_runtime_ILoggerSnapshot_Interface__BASE__C)
                  86501aec    00000004     app_pe66.oe66 (.const:ti_uia_runtime_IUIATransfer_Interface__BASE__C)
                  86501af0    00000004     app_pe66.oe66 (.const:xdc_runtime_Assert_E_assertFailed__C)
                  86501af4    00000004     app_pe66.oe66 (.const:xdc_runtime_Core_A_initializedParams__C)
                  86501af8    00000004     app_pe66.oe66 (.const:xdc_runtime_Core_Module__diagsEnabled__C)
[...]
864fd660   ti_sysbios_BIOS_getCpuFreq__E
864fd660   ti_sysbios_family_c64p_TimestampProvider_getFreq__E
864fd660   xdc_runtime_LoggerBuf_TimestampProxy_getFreq__E
864fd660   xdc_runtime_Timestamp_SupportProxy_getFreq__E
864fd660   xdc_runtime_Timestamp_getFreq__E
864fd680   ti_sysbios_BIOS_nullFunc__I
864fd6a0   ti_sysbios_BIOS_setThreadType__E
864fd6c0   ti_sysbios_BIOS_start__E
864fd6e0   ti_sysbios_family_c62_TaskSupport_Module__startupDone__S
864fd700   ti_sysbios_family_c62_TaskSupport_checkStack__E
864fd700   ti_sysbios_knl_Task_SupportProxy_checkStack__E
864fd720   ti_sysbios_family_c62_TaskSupport_getStackAlignment__E
864fd720   ti_sysbios_knl_Task_SupportProxy_getStackAlignment__E
864fd740   ti_sysbios_family_c64p_Hwi_clearInterrupt__E
864fd740   ti_sysbios_hal_Hwi_HwiProxy_clearInterrupt__E
864fd740   ti_sysbios_hal_Hwi_clearInterrupt__E
864fd760   ti_sysbios_family_c64p_Hwi_startup__E
864fd760   ti_sysbios_hal_Hwi_HwiProxy_startup__E
864fd760   ti_sysbios_hal_Hwi_startup__E
864fd780   ti_sysbios_family_c64p_Hwi_switchFromBootStack__E
864fd780   ti_sysbios_hal_Hwi_HwiProxy_switchFromBootStack__E
864fd7a0   ti_sysbios_family_c64p_TimestampProvider_Module_startup__E
864fd7c0   ti_sysbios_family_c64p_TimestampProvider_get32__E
864fd7c0   xdc_runtime_LoggerBuf_TimestampProxy_get32__E
864fd7c0   xdc_runtime_Timestamp_SupportProxy_get32__E
864fd7c0   xdc_runtime_Timestamp_get32__E
864fd7e0   ti_sysbios_family_c64p_TimestampProvider_get64__E
864fd7e0   xdc_runtime_LoggerBuf_TimestampProxy_get64__E
864fd7e0   xdc_runtime_Timestamp_SupportProxy_get64__E
864fd7e0   xdc_runtime_Timestamp_get64__E
864fd800   ti_sysbios_family_c64p_tci6488_TimerSupport_enable__E
864fd800   ti_sysbios_timers_timer64_Timer_TimerSupportProxy_enable__E
864fd820   ti_sysbios_family_c66_Cache_inv__E
864fd820   ti_sysbios_hal_Cache_CacheProxy_inv__E
864fd820   ti_sysbios_hal_Cache_inv__E
864fd840   ti_sysbios_family_c66_Cache_wait__E
864fd840   ti_sysbios_hal_Cache_CacheProxy_wait__E
864fd840   ti_sysbios_hal_Cache_wait__E
864fd860   ti_sysbios_family_c66_Cache_wb__E
864fd860   ti_sysbios_hal_Cache_CacheProxy_wb__E
864fd860   ti_sysbios_hal_Cache_wb__E
864fd880   ti_sysbios_family_c66_tci66xx_CpIntc_disableHostInt__E
864fd8a0   ti_sysbios_family_c66_tci66xx_CpIntc_enableHostInt__E
864fd8c0   ti_sysbios_gates_GateHwi_Instance_init__E
864fd8e0   ti_sysbios_gates_GateHwi_enter__E
864fd900   ti_sysbios_gates_GateHwi_leave__E
864fd920   ti_sysbios_gates_GateHwi_query__E
864fd920   xdc_runtime_LoggerBuf_Module_GateProxy_query__E
864fd920   xdc_runtime_Main_Module_GateProxy_query__E
864fd920   xdc_runtime_System_Module_GateProxy_query__E
864fd940   ti_sysbios_gates_GateMutex_Instance_finalize__E
864fd960   ti_sysbios_BIOS_RtsGateProxy_query__E
864fd960   ti_sysbios_gates_GateMutex_query__E
864fd960   ti_sysbios_heaps_HeapMem_Module_GateProxy_query__E
864fd980   ti_sysbios_hal_Hwi_HwiProxy_Module__startupDone__S
864fd9a0   ti_sysbios_hal_Hwi_Module_startup__E
864fd9c0   ti_sysbios_heaps_HeapMem_Module_GateProxy_enter__E
864fd9e0   ti_sysbios_heaps_HeapMem_Module_GateProxy_leave__E
864fda00   ti_sysbios_heaps_HeapMem_isBlocking__E
864fda20   ti_sysbios_knl_Clock_TimerProxy_Module__startupDone__S
864fda40   ti_sysbios_knl_Clock_TimerProxy_getMaxTicks__E
864fda60   ti_sysbios_knl_Idle_loop__E
864fda80   ti_sysbios_knl_Mailbox_Object__get__S
864fdaa0   ti_sysbios_knl_Mailbox_Params__init__S
864fdac0   ti_sysbios_knl_Mailbox_delete
864fdae0   ti_sysbios_knl_Queue_Instance_init__E
864fdb00   ti_sysbios_knl_Queue_Object__get__S
864fdb20   ti_sysbios_knl_Queue_delete
864fdb40   ti_sysbios_knl_Queue_dequeue__E
864fdb60   ti_sysbios_knl_Queue_destruct
864fdb80   ti_sysbios_knl_Queue_empty__E
864fdba0   ti_sysbios_knl_Queue_enqueue__E
864fdbc0   ti_sysbios_knl_Semaphore_Instance_finalize__E
864fdbe0   ti_sysbios_knl_Semaphore_Params__init__S
864fdc20   ti_sysbios_knl_Semaphore_destruct
864fdc40   ti_sysbios_knl_Swi_disable__E
864fdc60   ti_sysbios_knl_Task_Params__init__S
864fdc80   ti_sysbios_knl_Task_SupportProxy_Module__startupDone__S
864fdca0   ti_sysbios_knl_Task_delete
864fdcc0   ti_sysbios_knl_Task_disable__E
864fdce0   ti_sysbios_knl_Task_startup__E
864fdd00   ti_sysbios_timers_timer64_Timer_getMaxTicks__E
864fdd20   ti_uia_loggers_LoggerStopMode_getContents__E
864fdd40   ti_uia_loggers_LoggerStopMode_getFilterLevel__E
864fdd60   ti_uia_loggers_LoggerStopMode_getInstanceId__E
864fdd80   ti_uia_loggers_LoggerStopMode_getMaxLength__E
864fdda0   ti_uia_loggers_LoggerStopMode_getPriority__E
864fddc0   ti_uia_loggers_LoggerStopMode_getTransferType__E
864fdde0   ti_uia_loggers_LoggerStopMode_isEmpty__E
864fde00   ti_uia_loggers_LoggerStopMode_setFilterLevel__E
864fde20   ti_uia_loggers_LoggerStopMode_setPriority__E
864fde40   xdc_runtime_Gate_enterSystem__E
864fdea0   xdc_runtime_LoggerBuf_Module_GateProxy_enter__E
864fdec0   xdc_runtime_LoggerBuf_Module_GateProxy_leave__E
864fdee0   xdc_runtime_LoggerBuf_disable__E
864fdf00   xdc_runtime_LoggerBuf_enable__E
864fdf20   xdc_runtime_Memory_HeapProxy_alloc__E
864fdf40   xdc_runtime_Memory_HeapProxy_free__E
864fdf60   xdc_runtime_Startup_exec__I
864fdf80   xdc_runtime_SysStd_exit__E
864fdf80   xdc_runtime_System_SupportProxy_exit__E
864fdfa0   xdc_runtime_SysStd_putch__E
864fdfa0   xdc_runtime_System_SupportProxy_putch__E
864fdfc0   xdc_runtime_SysStd_ready__E
864fdfc0   xdc_runtime_System_SupportProxy_ready__E
864fdfe0   xdc_runtime_System_Module_GateProxy_enter__E
864fe000   xdc_runtime_System_Module_GateProxy_leave__E
864fe020   xdc_runtime_System_Module_startup__E
864fe040   xdc_runtime_System_snprintf_va__E
864fe040   xdc_runtime_System_snprintf_va__F
864fe040   xdc_runtime_System_vsnprintf__E
864fe060   xdc_runtime_Text_visitRope__I
864fe080   xdc_runtime_Text_charTab__A
8650000e   ti_sysbios_family_c64p_EventCombiner_Module__id__C
86500998   ti_sysbios_family_c66_Cache_marvalues__C
86500d98   ti_sysbios_family_c66_tci66xx_CpIntc_sysIntToHostInt__A
86500f38   xdc_runtime_Text_nodeTab__A
8650105c   EDMA3_MAX_RM_INSTANCES
86501060   _ctypes_
86501310   ti_uia_loggers_LoggerStopMode_Module__FXNS__C
86501450   ti_sysbios_knl_Task_Object__PARAMS__C
8650148c   xdc_runtime_LoggerBuf_Module__FXNS__C
865014c8   xdc_runtime_Startup_sfxnTab__A
86501504   ti_sysbios_knl_Mailbox_Object__PARAMS__C
86501538   ti_uia_loggers_LoggerStopMode_Object__PARAMS__C
86501594   ti_sysbios_heaps_HeapMem_Module__FXNS__C
865015bc   xdc_runtime_LoggerBuf_Object__PARAMS__C
865015e4   ti_sysbios_gates_GateHwi_Module__FXNS__C
86501608   ti_sysbios_gates_GateMutex_Module__FXNS__C
8650162c   ti_sysbios_heaps_HeapMem_Object__PARAMS__C
86501650   ti_sysbios_knl_Semaphore_Object__PARAMS__C
86501697   ti_sysbios_timers_timer64_Timer_localTimerBaseId__C
86501698   ti_sysbios_gates_GateHwi_Object__DESC__C
865016b8   ti_sysbios_gates_GateMutex_Object__DESC__C
865016d8   ti_sysbios_heaps_HeapMem_Object__DESC__C
865016f8   ti_sysbios_knl_Mailbox_Object__DESC__C
86501718   ti_sysbios_knl_Queue_Object__DESC__C
86501738   ti_sysbios_knl_Semaphore_Object__DESC__C
86501758   ti_sysbios_knl_Task_Object__DESC__C
86501778   ti_uia_loggers_LoggerStopMode_Object__DESC__C
86501798   xdc_runtime_LoggerBuf_Object__DESC__C
865017b8   xdc_runtime_Startup_sfxnRts__A
865017d6   ti_sysbios_family_c64p_Exception_Module__id__C
865017d8   ti_sysbios_gates_GateHwi_Object__PARAMS__C
865017f0   ti_sysbios_gates_GateMutex_Object__PARAMS__C
86501808   ti_sysbios_knl_Queue_Object__PARAMS__C
86501820   ti_sysbios_family_c66_tci66xx_CpIntc_eventId__A
86501834   ti_sysbios_family_c62_TaskSupport_stackAlignment__C
86501838   ti_sysbios_family_c66_tci66xx_CpIntc_hostIntToEventId_0__A
8650184c   ti_sysbios_family_c64p_EventCombiner_A_invalidEventId__C
86501850   ti_sysbios_family_c66_tci66xx_CpIntc_hostIntToEventId_1__A
86501864   ti_sysbios_family_c66_Cache_initSize__C
86501882   ti_sysbios_family_c64p_Exception_useInternalBuffer__C
86501884   ti_sysbios_family_c64p_EventCombiner_E_unpluggedEvent__C
86501888   ti_sysbios_family_c64p_EventCombiner_EVTMASK__C
865018a0   ti_sysbios_family_c66_tci66xx_CpIntc_hostIntToEventId__A
865018a8   ti_sysbios_knl_Idle_funcList__A
865018b0   ti_sysbios_knl_Idle_funcList__C
865018b8   xdc_runtime_Startup_firstFxns__A
865018c0   xdc_runtime_Startup_firstFxns__C
865018c8   xdc_runtime_Startup_lastFxns__C
865018d0   ti_sysbios_family_c64p_EventCombiner_Module__diagsEnabled__C
865018d4   ti_sysbios_family_c64p_EventCombiner_Module__diagsIncluded__C
865018d8   ti_sysbios_family_c64p_EventCombiner_Module__diagsMask__C
865018dc   ti_sysbios_family_c64p_Exception_E_exceptionMax__C
865018e0   ti_sysbios_family_c64p_Exception_exceptionHook__C
865018e4   ti_sysbios_family_c64p_Exception_externalHook__C
865018e8   ti_sysbios_family_c64p_Exception_internalHook__C
865018ec   ti_sysbios_family_c64p_Exception_nmiHook__C
865018f0   ti_sysbios_family_c64p_Hwi_LD_end__C
865018f4   ti_sysbios_family_c64p_Hwi_LM_begin__C
865018f8   ti_sysbios_family_c64p_Hwi_Module__diagsEnabled__C
865018fc   ti_sysbios_family_c64p_Hwi_Module__diagsIncluded__C
86501900   ti_sysbios_family_c64p_Hwi_Module__diagsMask__C
86501904   ti_sysbios_family_c64p_Hwi_Module__loggerFxn1__C
86501908   ti_sysbios_family_c64p_Hwi_Module__loggerFxn8__C
8650190c   ti_sysbios_family_c64p_Hwi_Module__loggerObj__C
86501910   ti_sysbios_family_c66_Cache_atomicBlockSize__C
86501914   ti_sysbios_family_c66_tci66xx_CpIntc_E_unpluggedSysInt__C
86501918   ti_sysbios_family_c66_tci66xx_CpIntc_eventId__C
8650191c   ti_sysbios_family_c66_tci66xx_CpIntc_hostIntToEventId__C
86501920   ti_sysbios_family_c66_tci66xx_CpIntc_numEvents__C
86501924   ti_sysbios_family_c66_tci66xx_CpIntc_numStatusRegs__C
86501928   ti_sysbios_family_c66_tci66xx_CpIntc_numSysInts__C
8650192c   ti_sysbios_family_c66_tci66xx_CpIntc_sysIntToHostInt__C
86501930   ti_sysbios_gates_GateMutex_A_badContext__C
86501934   ti_sysbios_gates_GateMutex_Instance_State_sem__O
86501938   ti_sysbios_gates_GateMutex_Module__diagsEnabled__C
8650193c   ti_sysbios_gates_GateMutex_Module__diagsIncluded__C
86501940   ti_sysbios_gates_GateMutex_Module__diagsMask__C
86501944   ti_sysbios_hal_Hwi_E_stackOverflow__C
86501948   ti_sysbios_heaps_HeapMem_A_align__C
8650194c   ti_sysbios_heaps_HeapMem_A_heapSize__C
86501950   ti_sysbios_heaps_HeapMem_A_invalidFree__C
86501954   ti_sysbios_heaps_HeapMem_A_zeroBlock__C
86501958   ti_sysbios_heaps_HeapMem_E_memory__C
8650195c   ti_sysbios_heaps_HeapMem_Module__diagsEnabled__C
86501960   ti_sysbios_heaps_HeapMem_Module__diagsIncluded__C
86501964   ti_sysbios_heaps_HeapMem_Module__diagsMask__C
86501968   ti_sysbios_heaps_HeapMem_Module__gateObj__C
8650196c   ti_sysbios_heaps_HeapMem_Object__count__C
86501970   ti_sysbios_heaps_HeapMem_reqAlign__C
86501974   ti_sysbios_knl_Clock_LM_begin__C
86501978   ti_sysbios_knl_Clock_LM_tick__C
8650197c   ti_sysbios_knl_Clock_LW_delayed__C
86501980   ti_sysbios_knl_Clock_Module_State_clockQ__O
86501984   ti_sysbios_knl_Clock_Module__diagsEnabled__C
86501988   ti_sysbios_knl_Clock_Module__diagsIncluded__C
8650198c   ti_sysbios_knl_Clock_Module__diagsMask__C
86501990   ti_sysbios_knl_Clock_Module__loggerFxn1__C
86501994   ti_sysbios_knl_Clock_Module__loggerFxn2__C
86501998   ti_sysbios_knl_Clock_Module__loggerObj__C
8650199c   ti_sysbios_knl_Mailbox_A_invalidBufSize__C
865019a0   ti_sysbios_knl_Mailbox_Instance_State_dataQue__O
865019a4   ti_sysbios_knl_Mailbox_Instance_State_dataSem__O
865019a8   ti_sysbios_knl_Mailbox_Instance_State_freeQue__O
865019ac   ti_sysbios_knl_Mailbox_Instance_State_freeSem__O
865019b0   ti_sysbios_knl_Mailbox_Module__diagsEnabled__C
865019b4   ti_sysbios_knl_Mailbox_Module__diagsIncluded__C
865019b8   ti_sysbios_knl_Mailbox_Module__diagsMask__C
865019bc   ti_sysbios_knl_Mailbox_Object__count__C
865019c0   ti_sysbios_knl_Mailbox_maxTypeAlign__C
865019c4   ti_sysbios_knl_Semaphore_A_badContext__C
865019c8   ti_sysbios_knl_Semaphore_A_noEvents__C
865019cc   ti_sysbios_knl_Semaphore_A_overflow__C
865019d0   ti_sysbios_knl_Semaphore_A_pendTaskDisabled__C
865019d4   ti_sysbios_knl_Semaphore_Instance_State_pendQ__O
865019d8   ti_sysbios_knl_Semaphore_LM_pend__C
865019dc   ti_sysbios_knl_Semaphore_LM_post__C
865019e0   ti_sysbios_knl_Semaphore_Module__diagsEnabled__C
865019e4   ti_sysbios_knl_Semaphore_Module__diagsIncluded__C
865019e8   ti_sysbios_knl_Semaphore_Module__diagsMask__C
865019ec   ti_sysbios_knl_Semaphore_Module__loggerFxn2__C
865019f0   ti_sysbios_knl_Semaphore_Module__loggerFxn4__C
865019f4   ti_sysbios_knl_Semaphore_Module__loggerObj__C
865019f8   ti_sysbios_knl_Swi_LD_end__C
865019fc   ti_sysbios_knl_Swi_LM_begin__C
86501a00   ti_sysbios_knl_Swi_LM_post__C
86501a04   ti_sysbios_knl_Swi_Module__diagsEnabled__C
86501a08   ti_sysbios_knl_Swi_Module__diagsIncluded__C
86501a0c   ti_sysbios_knl_Swi_Module__diagsMask__C
86501a10   ti_sysbios_knl_Swi_Module__loggerFxn1__C
86501a14   ti_sysbios_knl_Swi_Module__loggerFxn4__C
86501a18   ti_sysbios_knl_Swi_Module__loggerObj__C
86501a1c   ti_sysbios_knl_Swi_Object__count__C
86501a20   ti_sysbios_knl_Task_A_badPriority__C
86501a24   ti_sysbios_knl_Task_A_badTaskState__C
86501a28   ti_sysbios_knl_Task_A_badThreadType__C
86501a2c   ti_sysbios_knl_Task_A_badTimeout__C
86501a30   ti_sysbios_knl_Task_A_noPendElem__C
86501a34   ti_sysbios_knl_Task_A_sleepTaskDisabled__C
86501a38   ti_sysbios_knl_Task_E_spOutOfBounds__C
86501a3c   ti_sysbios_knl_Task_E_stackOverflow__C
86501a40   ti_sysbios_knl_Task_LD_block__C
86501a44   ti_sysbios_knl_Task_LD_exit__C
86501a48   ti_sysbios_knl_Task_LD_ready__C
86501a4c   ti_sysbios_knl_Task_LM_sleep__C
86501a50   ti_sysbios_knl_Task_LM_switch__C
86501a54   ti_sysbios_knl_Task_Module_State_inactiveQ__O
86501a58   ti_sysbios_knl_Task_Module__diagsEnabled__C
86501a5c   ti_sysbios_knl_Task_Module__diagsIncluded__C
86501a60   ti_sysbios_knl_Task_Module__diagsMask__C
86501a64   ti_sysbios_knl_Task_Module__loggerFxn2__C
86501a68   ti_sysbios_knl_Task_Module__loggerFxn4__C
86501a6c   ti_sysbios_knl_Task_Module__loggerObj__C
86501a70   ti_sysbios_knl_Task_Object__count__C
86501a74   ti_sysbios_knl_Task_allBlockedFunc__C
86501a78   ti_sysbios_knl_Task_defaultStackHeap__C
86501a7c   ti_sysbios_knl_Task_defaultStackSize__C
86501a80   ti_sysbios_knl_Task_numConstructedTasks__C
86501a84   ti_sysbios_timers_timer64_Timer_A_notAvailable__C
86501a88   ti_sysbios_timers_timer64_Timer_E_cannotSupport__C
86501a8c   ti_sysbios_timers_timer64_Timer_Module__diagsEnabled__C
86501a90   ti_sysbios_timers_timer64_Timer_Module__diagsIncluded__C
86501a94   ti_sysbios_timers_timer64_Timer_Module__diagsMask__C
86501a98   ti_sysbios_timers_timer64_Timer_anyMaskHigh__C
86501a9c   ti_sysbios_timers_timer64_Timer_anyMask__C
86501aa0   ti_sysbios_timers_timer64_Timer_freqDivisor__C
86501aa4   ti_sysbios_timers_timer64_Timer_numLocalTimers__C
86501aa8   ti_sysbios_timers_timer64_Timer_numTimerDevices__C
86501aac   ti_sysbios_utils_Load_LS_cpuLoad__C
86501ab0   ti_sysbios_utils_Load_Module__diagsEnabled__C
86501ab4   ti_sysbios_utils_Load_Module__diagsIncluded__C
86501ab8   ti_sysbios_utils_Load_Module__diagsMask__C
86501abc   ti_sysbios_utils_Load_Module__loggerFxn1__C
86501ac0   ti_sysbios_utils_Load_Module__loggerObj__C
86501ac4   ti_sysbios_utils_Load_postUpdate__C
86501ac8   ti_sysbios_utils_Load_windowInMs__C
86501acc   ti_uia_events_UIABenchmark_start__C
86501ad0   ti_uia_events_UIABenchmark_stop__C
86501ad4   ti_uia_loggers_LoggerStopMode_Module__diagsEnabled__C
86501ad8   ti_uia_loggers_LoggerStopMode_Module__diagsIncluded__C
86501adc   ti_uia_loggers_LoggerStopMode_Module__diagsMask__C
86501ae0   ti_uia_loggers_LoggerStopMode_Object__count__C
86501ae4   ti_uia_loggers_LoggerStopMode_numCores__C
86501ae8   ti_uia_runtime_ILoggerSnapshot_Interface__BASE__C
86501aec   ti_uia_runtime_IUIATransfer_Interface__BASE__C
86501af0   xdc_runtime_Assert_E_assertFailed__C
86501af4   xdc_runtime_Core_A_initializedParams__C
86501af8   xdc_runtime_Core_Module__diagsEnabled__C
86501afc   xdc_runtime_Core_Module__diagsIncluded__C
86501b00   xdc_runtime_Core_Module__diagsMask__C
86501b04   xdc_runtime_Error_E_memory__C
86501b08   xdc_runtime_Error_Module__diagsEnabled__C
86501b0c   xdc_runtime_Error_Module__diagsIncluded__C
86501b10   xdc_runtime_Error_Module__diagsMask__C
86501b14   xdc_runtime_Error_Module__loggerFxn8__C
86501b18   xdc_runtime_Error_Module__loggerObj__C
86501b1c   xdc_runtime_Error_policyFxn__C
86501b20   xdc_runtime_Error_policy__C
86501b24   xdc_runtime_Error_raiseHook__C
86501b28   xdc_runtime_IFilterLogger_Interface__BASE__C
86501b2c   xdc_runtime_IGateProvider_Interface__BASE__C
86501b30   xdc_runtime_IHeap_Interface__BASE__C
86501b34   xdc_runtime_ILogger_Interface__BASE__C
86501b38   xdc_runtime_IModule_Interface__BASE__C
86501b3c   xdc_runtime_Log_L_error__C
86501b40   xdc_runtime_LoggerBuf_E_badLevel__C
86501b44   xdc_runtime_LoggerBuf_Module__gateObj__C
86501b48   xdc_runtime_LoggerBuf_Object__count__C
86501b4c   xdc_runtime_LoggerBuf_statusLogger__C
86501b50   xdc_runtime_Main_Module__diagsEnabled__C
86501b54   xdc_runtime_Main_Module__diagsIncluded__C
86501b58   xdc_runtime_Main_Module__diagsMask__C
86501b5c   xdc_runtime_Main_Module__loggerFxn1__C
86501b60   xdc_runtime_Main_Module__loggerObj__C
86501b64   xdc_runtime_Memory_defaultHeapInstance__C
86501b68   xdc_runtime_Startup_execImpl__C
86501b6c   xdc_runtime_Startup_maxPasses__C
86501b70   xdc_runtime_Startup_sfxnRts__C
86501b74   xdc_runtime_Startup_sfxnTab__C
86501b78   xdc_runtime_SysMin_bufSize__C
86501b7c   xdc_runtime_System_Module__gateObj__C
86501b80   xdc_runtime_System_abortFxn__C
86501b84   xdc_runtime_System_exitFxn__C
86501b88   xdc_runtime_System_extendFxn__C
86501b8c   xdc_runtime_System_maxAtexitHandlers__C
86501b90   xdc_runtime_Text_charTab__C
86501b94   xdc_runtime_Text_nameEmpty__C
86501b98   xdc_runtime_Text_nameStatic__C
86501b9c   xdc_runtime_Text_nameUnknown__C
86501ba0   xdc_runtime_Text_nodeTab__C
86501ba4   xdc_runtime_Text_visitRopeFxn__C
86501ba8   ti_sysbios_family_c64p_Hwi_Module__id__C
86501baa   ti_sysbios_family_c64p_Hwi_Module__loggerDefined__C
86501bac   ti_sysbios_family_c66_tci66xx_CpIntc_Module__id__C
86501bae   ti_sysbios_gates_GateMutex_Module__id__C
86501bb0   ti_sysbios_hal_Hwi_Module__id__C
86501bb2   ti_sysbios_heaps_HeapMem_Module__id__C
86501bb4   ti_sysbios_knl_Clock_Module__id__C
86501bb6   ti_sysbios_knl_Clock_Module__loggerDefined__C
86501bb8   ti_sysbios_knl_Mailbox_Module__id__C
86501bba   ti_sysbios_knl_Semaphore_Module__id__C
86501bbc   ti_sysbios_knl_Semaphore_Module__loggerDefined__C
86501bbe   ti_sysbios_knl_Swi_Module__id__C
86501bc0   ti_sysbios_knl_Swi_Module__loggerDefined__C
86501bc2   ti_sysbios_knl_Task_Module__id__C
86501bc4   ti_sysbios_knl_Task_Module__loggerDefined__C
86501bc6   ti_sysbios_timers_timer64_Timer_Module__id__C
86501bc8   ti_sysbios_timers_timer64_Timer_startupNeeded__C
86501bca   ti_sysbios_timers_timer64_Timer_useTimer64pRegMap__C
86501bcc   ti_sysbios_utils_Load_Module__id__C
86501bce   ti_sysbios_utils_Load_Module__loggerDefined__C
86501bd0   ti_sysbios_utils_Load_updateInIdle__C
86501bd2   ti_uia_loggers_LoggerStopMode_Module__id__C
86501bd4   ti_uia_loggers_LoggerStopMode_isTimestampEnabled__C
86501bd6   xdc_runtime_Core_Module__id__C
86501bd8   xdc_runtime_Error_Module__loggerDefined__C
86501bda   xdc_runtime_Error_maxDepth__C
86501bdc   xdc_runtime_LoggerBuf_Module__id__C
86501bde   xdc_runtime_LoggerBuf_filterByLevel__C
86501be0   xdc_runtime_Main_Module__id__C
86501be2   xdc_runtime_Main_Module__loggerDefined__C
86501be4   xdc_runtime_Memory_Module__id__C
86501be6   xdc_runtime_Text_charCnt__C
86501be8   xdc_runtime_Text_isLoaded__C
86501bea   xdc_runtime_Text_registryModsLastId__C
86501bec   xdc_runtime_Text_unnamedModsLastId__C
ffffffff   __TI_pprof_out_hndl
ffffffff   __TI_prof_data_size
ffffffff   __TI_prof_data_start
ffffffff   __binit__
ffffffff   __c_args__
ffffffff   binit
UNDEFED    __TI_INITARRAY_Base
UNDEFED    __TI_INITARRAY_Limit

[893 symbols]
